Component: ARM Compiler 5.06 update 5 (build 528) Tool: armlink [4d35e2]

==============================================================================

Section Cross References

    stm32f3xx_hal_msp.o(i.HAL_MspInit) refers to stm32f3xx_hal_cortex.o(i.HAL_NVIC_SetPriorityGrouping) for HAL_NVIC_SetPriorityGrouping
    stm32f3xx_hal_msp.o(i.HAL_MspInit) refers to stm32f3xx_hal_cortex.o(i.HAL_NVIC_SetPriority) for HAL_NVIC_SetPriority
    stm32f3xx_it.o(i.DMA1_Channel2_IRQHandler) refers to stm32f3xx_hal_dma.o(i.HAL_DMA_IRQHandler) for HAL_DMA_IRQHandler
    stm32f3xx_it.o(i.DMA1_Channel2_IRQHandler) refers to tim.o(.bss) for hdma_tim2_up
    stm32f3xx_it.o(i.DMA1_Channel6_IRQHandler) refers to stm32f3xx_hal_dma.o(i.HAL_DMA_IRQHandler) for HAL_DMA_IRQHandler
    stm32f3xx_it.o(i.DMA1_Channel6_IRQHandler) refers to usart.o(.bss) for hdma_usart2_rx
    stm32f3xx_it.o(i.DMA1_Channel7_IRQHandler) refers to stm32f3xx_hal_dma.o(i.HAL_DMA_IRQHandler) for HAL_DMA_IRQHandler
    stm32f3xx_it.o(i.DMA1_Channel7_IRQHandler) refers to tim.o(.bss) for hdma_tim4_up
    stm32f3xx_it.o(i.DMA1_Channel7_IRQHandler) refers to usart.o(.bss) for hdma_usart2_tx
    stm32f3xx_it.o(i.SysTick_Handler) refers to tasks.o(i.xTaskGetSchedulerState) for xTaskGetSchedulerState
    stm32f3xx_it.o(i.SysTick_Handler) refers to port.o(i.xPortSysTickHandler) for xPortSysTickHandler
    stm32f3xx_it.o(i.SysTick_Handler) refers to stm32f3xx_hal.o(i.HAL_IncTick) for HAL_IncTick
    stm32f3xx_it.o(i.TIM4_IRQHandler) refers to tim.o(i.COUNTER_PeriodElapsedCallback) for COUNTER_PeriodElapsedCallback
    stm32f3xx_it.o(i.TIM4_IRQHandler) refers to tim.o(i.LOG_ANLYS_PeriodElapsedCallback) for LOG_ANLYS_PeriodElapsedCallback
    stm32f3xx_it.o(i.TIM4_IRQHandler) refers to tim.o(i.LOG_ANLYS_TriggerEventOccuredCallback) for LOG_ANLYS_TriggerEventOccuredCallback
    stm32f3xx_it.o(i.TIM4_IRQHandler) refers to logic_analyzer.o(.bss) for logAnlys
    stm32f3xx_it.o(i.TIM4_IRQHandler) refers to tim.o(.bss) for htim4
    stm32f3xx_it.o(i.USART2_IRQHandler) refers to comms_hal.o(i.commsRecieveUART) for commsRecieveUART
    stm32f3xx_it.o(i.USART2_IRQHandler) refers to stm32f3xx_hal_cortex.o(i.HAL_NVIC_ClearPendingIRQ) for HAL_NVIC_ClearPendingIRQ
    main.o(i.StartThread) refers to queue.o(i.xQueueGenericSend) for xQueueGenericSend
    main.o(i.StartThread) refers to cmsis_os.o(i.osDelay) for osDelay
    main.o(i.StartThread) refers to comms.o(.data) for messageQueue
    main.o(i.main) refers to stm32f3xx_hal.o(i.HAL_Init) for HAL_Init
    main.o(i.main) refers to clock.o(i.SystemClock_Config) for SystemClock_Config
    main.o(i.main) refers to gpio.o(i.MX_GPIO_Init) for MX_GPIO_Init
    main.o(i.main) refers to dma.o(i.MX_DMA_Init) for MX_DMA_Init
    main.o(i.main) refers to gpio.o(i.LED_On) for LED_On
    main.o(i.main) refers to adc.o(i.MX_ADC1_Init) for MX_ADC1_Init
    main.o(i.main) refers to adc.o(i.MX_ADC2_Init) for MX_ADC2_Init
    main.o(i.main) refers to adc.o(i.MX_ADC3_Init) for MX_ADC3_Init
    main.o(i.main) refers to adc.o(i.MX_ADC4_Init) for MX_ADC4_Init
    main.o(i.main) refers to tim.o(i.MX_TIM15_Init) for MX_TIM15_Init
    main.o(i.main) refers to adc.o(i.CalibrateADC) for CalibrateADC
    main.o(i.main) refers to adc.o(i.adcSetDefaultInputs) for adcSetDefaultInputs
    main.o(i.main) refers to dac.o(i.MX_DAC_Init) for MX_DAC_Init
    main.o(i.main) refers to tim.o(i.MX_TIM6_Init) for MX_TIM6_Init
    main.o(i.main) refers to tim.o(i.MX_TIM7_Init) for MX_TIM7_Init
    main.o(i.main) refers to gpio.o(i.detectScopeShield) for detectScopeShield
    main.o(i.main) refers to cmsis_os.o(i.osThreadCreate) for osThreadCreate
    main.o(i.main) refers to gpio.o(i.LED_Off) for LED_Off
    main.o(i.main) refers to cmsis_os.o(i.osKernelStart) for osKernelStart
    main.o(i.main) refers to main.o(.constdata) for .constdata
    main.o(.constdata) refers to main.o(.conststring) for .conststring
    main.o(.constdata) refers to cmd_parser.o(i.CmdParserTask) for CmdParserTask
    main.o(.constdata) refers to main.o(i.StartThread) for StartThread
    main.o(.constdata) refers to comms.o(i.CommTask) for CommTask
    main.o(.constdata) refers to comms.o(i.LLCommTask) for LLCommTask
    main.o(.constdata) refers to scope.o(i.ScopeTask) for ScopeTask
    main.o(.constdata) refers to scope.o(i.ScopeTriggerTask) for ScopeTriggerTask
    main.o(.constdata) refers to counter.o(i.CounterTask) for CounterTask
    main.o(.constdata) refers to generator.o(i.GeneratorTask) for GeneratorTask
    main.o(.constdata) refers to sync_pwm.o(i.SyncPwmTask) for SyncPwmTask
    main.o(.constdata) refers to logic_analyzer.o(i.LogAnlysTask) for LogAnlysTask
    tim.o(i.COUNTER_PeriodElapsedCallback) refers to counter.o(i.counterPeriodElapsedCallback) for counterPeriodElapsedCallback
    tim.o(i.DMA_Restart) refers to stm32f3xx_hal_dma.o(i.HAL_DMA_Abort) for HAL_DMA_Abort
    tim.o(i.DMA_Restart) refers to stm32f3xx_hal_dma.o(i.HAL_DMA_Start) for HAL_DMA_Start
[...]
    __0sprintf                               0x080090c1   Thumb Code    34  printfa.o(i.__0sprintf)
    __1sprintf                               0x080090c1   Thumb Code     0  printfa.o(i.__0sprintf)
    __2sprintf                               0x080090c1   Thumb Code     0  printfa.o(i.__0sprintf)
    __c89sprintf                             0x080090c1   Thumb Code     0  printfa.o(i.__0sprintf)
    sprintf                                  0x080090c1   Thumb Code     0  printfa.o(i.__0sprintf)
    __ARM_fpclassify                         0x080090e9   Thumb Code    48  fpclassify.o(i.__ARM_fpclassify)
    __hardfp_pow                             0x08009119   Thumb Code  3072  pow.o(i.__hardfp_pow)
    __kernel_poly                            0x08009d69   Thumb Code   248  poly.o(i.__kernel_poly)
    __mathlib_dbl_divzero                    0x08009e61   Thumb Code    28  dunder.o(i.__mathlib_dbl_divzero)
    __mathlib_dbl_infnan2                    0x08009e91   Thumb Code    20  dunder.o(i.__mathlib_dbl_infnan2)
    __mathlib_dbl_invalid                    0x08009ea9   Thumb Code    24  dunder.o(i.__mathlib_dbl_invalid)
    __mathlib_dbl_overflow                   0x08009ec9   Thumb Code    24  dunder.o(i.__mathlib_dbl_overflow)
    __mathlib_dbl_underflow                  0x08009ee9   Thumb Code    24  dunder.o(i.__mathlib_dbl_underflow)
    __scatterload_copy                       0x08009f09   Thumb Code    14  handlers.o(i.__scatterload_copy)
    __scatterload_null                       0x08009f17   Thumb Code     2  handlers.o(i.__scatterload_null)
    __scatterload_zeroinit                   0x08009f19   Thumb Code    14  handlers.o(i.__scatterload_zeroinit)
    __set_errno                              0x08009f29   Thumb Code     6  errno.o(i.__set_errno)
    adcSetDefaultInputs                      0x0800a7f1   Thumb Code    10  adc.o(i.adcSetDefaultInputs)
    adcSetInputChannel                       0x0800a805   Thumb Code   102  adc.o(i.adcSetInputChannel)
    adcSetResolution                         0x0800a891   Thumb Code   120  adc.o(i.adcSetResolution)
    commBufferReadByte                       0x0800a92d   Thumb Code    60  comms.o(i.commBufferReadByte)
    commBufferReadNBytes                     0x0800a96d   Thumb Code    98  comms.o(i.commBufferReadNBytes)
    commInputByte                            0x0800a9d5   Thumb Code   112  comms.o(i.commInputByte)
    commsRecieveUART                         0x0800aa5d   Thumb Code     4  comms_hal.o(i.commsRecieveUART)
    commsSendBuffDMA                         0x0800aa61   Thumb Code   228  comms_hal.o(i.commsSendBuffDMA)
    commsSendDMA                             0x0800ab4d   Thumb Code    92  comms_hal.o(i.commsSendDMA)
    commsSendInt32DMA                        0x0800abb1   Thumb Code    34  comms_hal.o(i.commsSendInt32DMA)
    commsSendStringDMA                       0x0800abd5   Thumb Code   286  comms_hal.o(i.commsSendStringDMA)
    commsSendUint32DMA                       0x0800acfd   Thumb Code    34  comms_hal.o(i.commsSendUint32DMA)
    counterDeinit                            0x0800ad21   Thumb Code    14  counter.o(i.counterDeinit)
    counterEtrRefSetDefault                  0x0800ad45   Thumb Code    64  counter.o(i.counterEtrRefSetDefault)
    counterIc1DutyCycleDeinit                0x0800ad89   Thumb Code    16  counter.o(i.counterIc1DutyCycleDeinit)
    counterIc1DutyCycleInit                  0x0800ad9d   Thumb Code    12  counter.o(i.counterIc1DutyCycleInit)
    counterIc2DutyCycleDeinit                0x0800adad   Thumb Code    16  counter.o(i.counterIc2DutyCycleDeinit)
    counterIc2DutyCycleInit                  0x0800adc1   Thumb Code    12  counter.o(i.counterIc2DutyCycleInit)
    counterIcDutyCycleDisable                0x0800add1   Thumb Code     4  counter.o(i.counterIcDutyCycleDisable)
    counterIcDutyCycleEnable                 0x0800add5   Thumb Code     4  counter.o(i.counterIcDutyCycleEnable)
    counterIcDutyCycleProcess                0x0800add9   Thumb Code   302  counter.o(i.counterIcDutyCycleProcess)
    counterIcProcess                         0x0800af49   Thumb Code   318  counter.o(i.counterIcProcess)
    counterIcTiSetDefault                    0x0800b0ad   Thumb Code    82  counter.o(i.counterIcTiSetDefault)
    counterPeriodElapsedCallback             0x0800b105   Thumb Code    28  counter.o(i.counterPeriodElapsedCallback)
    counterSendStart                         0x0800b125   Thumb Code    14  counter.o(i.counterSendStart)
    counterSendStop                          0x0800b149   Thumb Code    14  counter.o(i.counterSendStop)
    counterSetEtrGate                        0x0800b16d   Thumb Code    20  counter.o(i.counterSetEtrGate)
    counterSetIc1Prescaler                   0x0800b195   Thumb Code    18  counter.o(i.counterSetIc1Prescaler)
    counterSetIc1SampleCount                 0x0800b1ad   Thumb Code    38  counter.o(i.counterSetIc1SampleCount)
    counterSetIc2Prescaler                   0x0800b1e1   Thumb Code    18  counter.o(i.counterSetIc2Prescaler)
    counterSetIc2SampleCount                 0x0800b1f9   Thumb Code    38  counter.o(i.counterSetIc2SampleCount)
    counterSetIcTi1_Falling                  0x0800b22d   Thumb Code    12  counter.o(i.counterSetIcTi1_Falling)
    counterSetIcTi1_Rising                   0x0800b23d   Thumb Code    12  counter.o(i.counterSetIcTi1_Rising)
    counterSetIcTi1_RisingFalling            0x0800b24d   Thumb Code    16  counter.o(i.counterSetIcTi1_RisingFalling)
    counterSetIcTi2_Falling                  0x0800b261   Thumb Code    12  counter.o(i.counterSetIcTi2_Falling)
    counterSetIcTi2_Rising                   0x0800b271   Thumb Code    12  counter.o(i.counterSetIcTi2_Rising)
    counterSetIcTi2_RisingFalling            0x0800b281   Thumb Code    16  counter.o(i.counterSetIcTi2_RisingFalling)
    counterSetMode                           0x0800b295   Thumb Code    70  counter.o(i.counterSetMode)
    counterSetRefArr                         0x0800b311   Thumb Code    20  counter.o(i.counterSetRefArr)
    counterSetRefPsc                         0x0800b329   Thumb Code    20  counter.o(i.counterSetRefPsc)
    counterSetTiMode_Dependent               0x0800b341   Thumb Code    10  counter.o(i.counterSetTiMode_Dependent)
    counterSetTiMode_Independent             0x0800b351   Thumb Code    10  counter.o(i.counterSetTiMode_Independent)
    counterSetTiSequence_AB                  0x0800b361   Thumb Code     4  counter.o(i.counterSetTiSequence_AB)
    counterSetTiSequence_BA                  0x0800b365   Thumb Code     4  counter.o(i.counterSetTiSequence_BA)
    counterSetTiTimeout                      0x0800b369   Thumb Code     8  counter.o(i.counterSetTiTimeout)
    counterTiProcess                         0x0800b375   Thumb Code   230  counter.o(i.counterTiProcess)
    detectScopeShield                        0x0800b499   Thumb Code    84  gpio.o(i.detectScopeShield)
    fabs                                     0x0800b4f1   Thumb Code    24  fabs.o(i.fabs)
    flushBuff                                0x0800b509   Thumb Code    38  comms_hal.o(i.flushBuff)
    genDataOKSendNext                        0x0800b539   Thumb Code    14  generator.o(i.genDataOKSendNext)
    genGetRealSmplFreq                       0x0800b559   Thumb Code    10  generator.o(i.genGetRealSmplFreq)
    genReset                                 0x0800b569   Thumb Code    14  generator.o(i.genReset)
    genSendRealSamplingFreq                  0x0800b585   Thumb Code    14  generator.o(i.genSendRealSamplingFreq)
    genSetDAC                                0x0800b5a9   Thumb Code   294  generator.o(i.genSetDAC)
    genSetData                               0x0800b6e5   Thumb Code   120  generator.o(i.genSetData)
    genSetFrequency                          0x0800b771   Thumb Code    46  generator.o(i.genSetFrequency)
    genSetLength                             0x0800b7a9   Thumb Code    58  generator.o(i.genSetLength)
    genSetMode                               0x0800b7fd   Thumb Code    34  generator.o(i.genSetMode)
    genSetNumOfChannels                      0x0800b845   Thumb Code   132  generator.o(i.genSetNumOfChannels)
    genSetOutputBuffer                       0x0800b8d9   Thumb Code     4  generator.o(i.genSetOutputBuffer)
    genSetPwmFrequencyARR                    0x0800b8dd   Thumb Code     6  generator.o(i.genSetPwmFrequencyARR)
    genSetPwmFrequencyPSC                    0x0800b8e3   Thumb Code     6  generator.o(i.genSetPwmFrequencyPSC)
    genStart                                 0x0800b8e9   Thumb Code    14  generator.o(i.genStart)
    genStatusOK                              0x0800b905   Thumb Code    14  generator.o(i.genStatusOK)
    genStop                                  0x0800b921   Thumb Code    14  generator.o(i.genStop)
    genUnsetOutputBuffer                     0x0800b93d   Thumb Code     4  generator.o(i.genUnsetOutputBuffer)
    generator_deinit                         0x0800b941   Thumb Code    20  generator.o(i.generator_deinit)
    getADCRes                                0x0800b959   Thumb Code     6  scope.o(i.getADCRes)
    getBytesAvailable                        0x0800b965   Thumb Code    48  comms.o(i.getBytesAvailable)
    getDataPointer                           0x0800b999   Thumb Code    10  scope.o(i.getDataPointer)
    getMaxScopeSamplingFreq                  0x0800b9a9   Thumb Code    32  tim.o(i.getMaxScopeSamplingFreq)
    getOneChanMemSize                        0x0800b9d1   Thumb Code     6  scope.o(i.getOneChanMemSize)
    getPretrigger                            0x0800b9dd   Thumb Code     6  scope.o(i.getPretrigger)
    getSamples                               0x0800b9e9   Thumb Code     6  scope.o(i.getSamples)
    getScopeState                            0x0800b9f5   Thumb Code     8  scope.o(i.getScopeState)
    getTriggerIndex                          0x0800ba01   Thumb Code     6  scope.o(i.getTriggerIndex)
    isScopeShieldConnected                   0x0800ba0d   Thumb Code     6  gpio.o(i.isScopeShieldConnected)
    isXferComplete                           0x0800ba19   Thumb Code    16  usart.o(i.isXferComplete)
    logAnlysPeriodElapsedCallback            0x0800ba2d   Thumb Code    18  logic_analyzer.o(i.logAnlysPeriodElapsedCallback)
    logAnlysSendDeinit                       0x0800ba59   Thumb Code    14  logic_analyzer.o(i.logAnlysSendDeinit)
    logAnlysSendInit                         0x0800ba7d   Thumb Code    14  logic_analyzer.o(i.logAnlysSendInit)
    logAnlysSendStart                        0x0800baa1   Thumb Code    14  logic_analyzer.o(i.logAnlysSendStart)
    logAnlysSendStop                         0x0800bac5   Thumb Code    14  logic_analyzer.o(i.logAnlysSendStop)
    logAnlysSetPosttrigger                   0x0800bae9   Thumb Code     4  logic_analyzer.o(i.logAnlysSetPosttrigger)
    logAnlysSetPretrigger                    0x0800baed   Thumb Code    30  logic_analyzer.o(i.logAnlysSetPretrigger)
    logAnlysSetSamplesNum                    0x0800bb15   Thumb Code    30  logic_analyzer.o(i.logAnlysSetSamplesNum)
    logAnlysSetSamplingFreq                  0x0800bb3d   Thumb Code     4  logic_analyzer.o(i.logAnlysSetSamplingFreq)
    logAnlysSetTriggerChannel                0x0800bb41   Thumb Code     6  logic_analyzer.o(i.logAnlysSetTriggerChannel)
    logAnlysSetTriggerFalling                0x0800bb47   Thumb Code     4  logic_analyzer.o(i.logAnlysSetTriggerFalling)
    logAnlysSetTriggerRising                 0x0800bb4b   Thumb Code     4  logic_analyzer.o(i.logAnlysSetTriggerRising)
    main                                     0x0800bb51   Thumb Code   314  main.o(i.main)
    osDelay                                  0x0800bc91   Thumb Code    16  cmsis_os.o(i.osDelay)
    osKernelStart                            0x0800bca1   Thumb Code    56  cmsis_os.o(i.osKernelStart)
    osThreadCreate                           0x0800bcd9   Thumb Code    50  cmsis_os.o(i.osThreadCreate)
    parseCommsCmd                            0x0800bd0d   Thumb Code    80  cmd_parser.o(i.parseCommsCmd)
    parseCounterCmd                          0x0800bd85   Thumb Code  1284  cmd_parser.o(i.parseCounterCmd)
    parseGeneratorCmd                        0x0800c29d   Thumb Code   888  cmd_parser.o(i.parseGeneratorCmd)
    parseLogAnlysCmd                         0x0800c695   Thumb Code   502  cmd_parser.o(i.parseLogAnlysCmd)
    parseScopeCmd                            0x0800c8ed   Thumb Code  1438  cmd_parser.o(i.parseScopeCmd)
    parseSyncPwmCmd                          0x0800cec1   Thumb Code   430  cmd_parser.o(i.parseSyncPwmCmd)
    parseSystemCmd                           0x0800d0bd   Thumb Code    80  cmd_parser.o(i.parseSystemCmd)
    printErrResponse                         0x0800d135   Thumb Code   136  cmd_parser.o(i.printErrResponse)
    pvPortMalloc                             0x0800d255   Thumb Code   190  heap_2.o(i.pvPortMalloc)
    pxPortInitialiseStack                    0x0800d321   Thumb Code    34  port.o(i.pxPortInitialiseStack)
    resetDevice                              0x0800d349   Thumb Code     8  clock.o(i.resetDevice)
    samplingDisable                          0x0800d359   Thumb Code     4  adc.o(i.samplingDisable)
    samplingEnable                           0x0800d35d   Thumb Code     4  adc.o(i.samplingEnable)
    scopeGetRanges                           0x0800d361   Thumb Code    24  scope.o(i.scopeGetRanges)
    scopeGetRealSmplFreq                     0x0800d381   Thumb Code     6  scope.o(i.scopeGetRealSmplFreq)
    scopeRestart                             0x0800d38d   Thumb Code    14  scope.o(i.scopeRestart)
    scopeSetADCInputChannel                  0x0800d3ad   Thumb Code    76  scope.o(i.scopeSetADCInputChannel)
    scopeSetADCInputChannelDefault           0x0800d411   Thumb Code    78  scope.o(i.scopeSetADCInputChannelDefault)
    scopeSetADCInputChannelVref              0x0800d479   Thumb Code    78  scope.o(i.scopeSetADCInputChannelVref)
    scopeSetDataDepth                        0x0800d4e1   Thumb Code   130  scope.o(i.scopeSetDataDepth)
    scopeSetDefault                          0x0800d589   Thumb Code   148  scope.o(i.scopeSetDefault)
    scopeSetNumOfChannels                    0x0800d645   Thumb Code   162  scope.o(i.scopeSetNumOfChannels)
    scopeSetNumOfSamples                     0x0800d701   Thumb Code    58  scope.o(i.scopeSetNumOfSamples)
    scopeSetPretrigger                       0x0800d751   Thumb Code    30  scope.o(i.scopeSetPretrigger)
    scopeSetSamplingFreq                     0x0800d779   Thumb Code    62  scope.o(i.scopeSetSamplingFreq)
    scopeSetTrigChannel                      0x0800d7d1   Thumb Code    52  scope.o(i.scopeSetTrigChannel)
    scopeSetTrigLevel                        0x0800d819   Thumb Code    30  scope.o(i.scopeSetTrigLevel)
    scopeSetTriggerEdge                      0x0800d841   Thumb Code    42  scope.o(i.scopeSetTriggerEdge)
    scopeSetTriggerMode                      0x0800d881   Thumb Code    30  scope.o(i.scopeSetTriggerMode)
    scopeStart                               0x0800d8a9   Thumb Code    14  scope.o(i.scopeStart)
    scopeStop                                0x0800d8c5   Thumb Code    14  scope.o(i.scopeStop)
    sendCommsConf                            0x0800d8e1   Thumb Code    40  comms.o(i.sendCommsConf)
    sendCounterConf                          0x0800d921   Thumb Code    72  comms.o(i.sendCounterConf)
    sendGenConf                              0x0800d991   Thumb Code   116  comms.o(i.sendGenConf)
    sendGenPwmConf                           0x0800da25   Thumb Code    46  comms.o(i.sendGenPwmConf)
    sendLogAnlysConf                         0x0800da6d   Thumb Code   102  comms.o(i.sendLogAnlysConf)
    sendScopeConf                            0x0800db29   Thumb Code   122  comms.o(i.sendScopeConf)
    sendScopeInputs                          0x0800dbd5   Thumb Code   156  comms.o(i.sendScopeInputs)
    sendShieldPresence                       0x0800dc8d   Thumb Code    28  comms.o(i.sendShieldPresence)
    sendSyncPwmConf                          0x0800dcb9   Thumb Code    74  comms.o(i.sendSyncPwmConf)
    sendSystConf                             0x0800dd35   Thumb Code    34  comms.o(i.sendSystConf)
    sendSystemVersion                        0x0800dd6d   Thumb Code   110  comms.o(i.sendSystemVersion)
    sqrt                                     0x0800de21   Thumb Code   110  sqrt.o(i.sqrt)
    syncPwmChannelConfig                     0x0800de8f   Thumb Code     6  sync_pwm.o(i.syncPwmChannelConfig)
    syncPwmChannelNumber                     0x0800de95   Thumb Code     6  sync_pwm.o(i.syncPwmChannelNumber)
    syncPwmFreqReconfig                      0x0800dea1   Thumb Code     4  sync_pwm.o(i.syncPwmFreqReconfig)
    syncPwmResetStepMode                     0x0800dea5   Thumb Code     4  sync_pwm.o(i.syncPwmResetStepMode)
    syncPwmSendDeinit                        0x0800dea9   Thumb Code    14  sync_pwm.o(i.syncPwmSendDeinit)
    syncPwmSendInit                          0x0800decd   Thumb Code    14  sync_pwm.o(i.syncPwmSendInit)
    syncPwmSendStart                         0x0800def1   Thumb Code    14  sync_pwm.o(i.syncPwmSendStart)
    syncPwmSendStop                          0x0800df15   Thumb Code    14  sync_pwm.o(i.syncPwmSendStop)
    syncPwmSetChannelState                   0x0800df39   Thumb Code     4  sync_pwm.o(i.syncPwmSetChannelState)
    syncPwmSetStepMode                       0x0800df3d   Thumb Code     4  sync_pwm.o(i.syncPwmSetStepMode)
    uxListRemove                             0x0800df41   Thumb Code    36  list.o(i.uxListRemove)
    vApplicationStackOverflowHook            0x0800df65   Thumb Code     2  freertos.o(i.vApplicationStackOverflowHook)
    vListInitialise                          0x0800df67   Thumb Code    22  list.o(i.vListInitialise)
    vListInitialiseItem                      0x0800df7d   Thumb Code     6  list.o(i.vListInitialiseItem)
    vListInsert                              0x0800df85   Thumb Code    58  list.o(i.vListInsert)
    vListInsertEnd                           0x0800dfbf   Thumb Code    24  list.o(i.vListInsertEnd)
    vPortEnterCritical                       0x0800dfd9   Thumb Code    24  port.o(i.vPortEnterCritical)
    vPortExitCritical                        0x0800dff5   Thumb Code    18  port.o(i.vPortExitCritical)
    vPortFree                                0x0800e00d   Thumb Code    54  heap_2.o(i.vPortFree)
    vPortValidateInterruptPriority           0x0800e04d   Thumb Code    54  port.o(i.vPortValidateInterruptPriority)
    vPortYield                               0x0800e08d   Thumb Code    18  port.o(i.vPortYield)
    vTaskDelay                               0x0800e0a5   Thumb Code    82  tasks.o(i.vTaskDelay)
    vTaskMissedYield                         0x0800e0fd   Thumb Code     8  tasks.o(i.vTaskMissedYield)
    vTaskPlaceOnEventList                    0x0800e109   Thumb Code    98  tasks.o(i.vTaskPlaceOnEventList)
    vTaskPriorityDisinherit                  0x0800e175   Thumb Code    70  tasks.o(i.vTaskPriorityDisinherit)
    vTaskPriorityInherit                     0x0800e1c5   Thumb Code    98  tasks.o(i.vTaskPriorityInherit)
    vTaskSetTimeOutState                     0x0800e231   Thumb Code    22  tasks.o(i.vTaskSetTimeOutState)
    vTaskStartScheduler                      0x0800e24d   Thumb Code    66  tasks.o(i.vTaskStartScheduler)
    vTaskSuspendAll                          0x0800e2a1   Thumb Code    10  tasks.o(i.vTaskSuspendAll)
    vTaskSwitchContext                       0x0800e2b1   Thumb Code   122  tasks.o(i.vTaskSwitchContext)
    xPortStartScheduler                      0x0800e335   Thumb Code   160  port.o(i.xPortStartScheduler)
    xPortSysTickHandler                      0x0800e3e9   Thumb Code    30  port.o(i.xPortSysTickHandler)
    xQueueCreateMutex                        0x0800e40d   Thumb Code    80  queue.o(i.xQueueCreateMutex)
    xQueueGenericCreate                      0x0800e45d   Thumb Code   122  queue.o(i.xQueueGenericCreate)
    xQueueGenericReceive                     0x0800e4d7   Thumb Code   594  queue.o(i.xQueueGenericReceive)
    xQueueGenericSend                        0x0800e729   Thumb Code   644  queue.o(i.xQueueGenericSend)
    xQueueGenericSendFromISR                 0x0800e9ad   Thumb Code   232  queue.o(i.xQueueGenericSendFromISR)
    xQueueGiveMutexRecursive                 0x0800ea95   Thumb Code    52  queue.o(i.xQueueGiveMutexRecursive)
    xQueueReceiveFromISR                     0x0800eac9   Thumb Code   142  queue.o(i.xQueueReceiveFromISR)
    xQueueTakeMutexRecursive                 0x0800eb57   Thumb Code    60  queue.o(i.xQueueTakeMutexRecursive)
    xTaskCheckForTimeOut                     0x0800eb95   Thumb Code    92  tasks.o(i.xTaskCheckForTimeOut)
    xTaskGenericCreate                       0x0800ebf5   Thumb Code   402  tasks.o(i.xTaskGenericCreate)
    xTaskGetCurrentTaskHandle                0x0800eda5   Thumb Code     6  tasks.o(i.xTaskGetCurrentTaskHandle)
    xTaskGetSchedulerState                   0x0800edb1   Thumb Code    24  tasks.o(i.xTaskGetSchedulerState)
    xTaskGetTickCount                        0x0800edcd   Thumb Code    18  tasks.o(i.xTaskGetTickCount)
    xTaskGetTickCountFromISR                 0x0800ede5   Thumb Code    22  tasks.o(i.xTaskGetTickCountFromISR)
    xTaskIncrementTick                       0x0800ee01   Thumb Code   212  tasks.o(i.xTaskIncrementTick)
    xTaskRemoveFromEventList                 0x0800eedd   Thumb Code    96  tasks.o(i.xTaskRemoveFromEventList)
    xTaskResumeAll                           0x0800ef49   Thumb Code   390  tasks.o(i.xTaskResumeAll)
    AHBPrescTable                            0x0800f248   Data          16  system_stm32f3xx.o(.constdata)
    APBPrescTable                            0x0800f258   Data           8  system_stm32f3xx.o(.constdata)
    aPLLMULFactorTable                       0x0800f260   Data          16  stm32f3xx_hal_rcc.o(.constdata)
    aPredivFactorTable                       0x0800f270   Data          16  stm32f3xx_hal_rcc.o(.constdata)
    RANGES                                   0x0800f2a8   Data          16  scope.o(.constdata)
    SHIELD_RANGES                            0x0800f2b8   Data          16  scope.o(.constdata)
    __mathlib_zero                           0x0800f350   Data           8  qnan.o(.constdata)
    Region$$Table$$Base                      0x0800f450   Number         0  anon$$obj.o(Region$$Table)
    Region$$Table$$Limit                     0x0800f470   Number         0  anon$$obj.o(Region$$Table)
    timCcerRegCc1eVal                        0x20000000   Data           4  tim.o(.data)
    timCcerRegCc2eVal                        0x20000004   Data           4  tim.o(.data)
    tim2clk                                  0x20000008   Data           4  tim.o(.data)
    tim4clk                                  0x2000000c   Data           4  tim.o(.data)
    outputBuffEn                             0x20000010   Data           4  dac.o(.data)
    ADCResolution                            0x2000001c   Data           4  adc.o(.data)
    ADCSamplingTime                          0x20000020   Data           4  adc.o(.data)
    ADCChannel                               0x20000024   Data           4  adc.o(.data)
    ScopeShieldConnected                     0x20000094   Data           1  gpio.o(.data)
    SystemCoreClock                          0x20000098   Data           4  system_stm32f3xx.o(.data)
    uwTick                                   0x2000009c   Data           4  stm32f3xx_hal.o(.data)
    pxCurrentTCB                             0x200000a0   Data           4  tasks.o(.data)
    cmdParserMessageQueue                    0x200000fc   Data           4  cmd_parser.o(.data)
    messageQueue                             0x20000100   Data           4  comms.o(.data)
    data                                     0x20000174   Data           2  scope.o(.data)
    actualIndex                              0x20000188   Data           4  scope.o(.data)
    samplesTaken                             0x2000018c   Data           4  scope.o(.data)
    totalSmpTaken                            0x20000190   Data           4  scope.o(.data)
    SmpBeforeTrig                            0x20000194   Data           4  scope.o(.data)
    SmpAfterTrig                             0x20000198   Data           4  scope.o(.data)
    scopeMessageQueue                        0x2000019c   Data           4  scope.o(.data)
    generatorMessageQueue                    0x200001a8   Data           4  generator.o(.data)
    counterMessageQueue                      0x200001b4   Data           4  counter.o(.data)
    counterMutex                             0x200001b8   Data           4  counter.o(.data)
    xStartTime                               0x200001bc   Data           4  counter.o(.data)
    syncPwmMessageQueue                      0x200001c0   Data           4  sync_pwm.o(.data)
    syncPwmMutex                             0x200001c4   Data           4  sync_pwm.o(.data)
    logAnlysMessageQueue                     0x200001c8   Data           4  logic_analyzer.o(.data)
    logAnlysMutex                            0x200001cc   Data           4  logic_analyzer.o(.data)
    htim_scope                               0x200001d4   Data          64  tim.o(.bss)
    htim6                                    0x20000214   Data          64  tim.o(.bss)
    htim7                                    0x20000254   Data          64  tim.o(.bss)
    htim1                                    0x20000294   Data          64  tim.o(.bss)
    htim3                                    0x200002d4   Data          64  tim.o(.bss)
    hdma_tim6_up                             0x20000314   Data          68  tim.o(.bss)
    hdma_tim7_up                             0x20000358   Data          68  tim.o(.bss)
    htim4                                    0x2000039c   Data          64  tim.o(.bss)
    hdma_tim1_up                             0x200003dc   Data          68  tim.o(.bss)
    hdma_tim4_up                             0x20000420   Data          68  tim.o(.bss)
    htim8                                    0x20000464   Data          64  tim.o(.bss)
    hdma_tim8_ch1                            0x200004a4   Data          68  tim.o(.bss)
    hdma_tim8_ch2                            0x200004e8   Data          68  tim.o(.bss)
    hdma_tim8_ch3_up                         0x2000052c   Data          68  tim.o(.bss)
    hdma_tim8_ch4_trig_com                   0x20000570   Data          68  tim.o(.bss)
    htim2                                    0x200005b4   Data          64  tim.o(.bss)
    hdma_tim2_up                             0x200005f4   Data          68  tim.o(.bss)
    hdma_tim2_ch1                            0x20000638   Data          68  tim.o(.bss)
    hdma_tim2_ch2_ch4                        0x2000067c   Data          68  tim.o(.bss)
    hdac                                     0x200006c0   Data          20  dac.o(.bss)
    hdma_dac1_ch1                            0x200006d4   Data          68  dac.o(.bss)
    hdma_dac1_ch2                            0x20000718   Data          68  dac.o(.bss)
    hadc1                                    0x2000075c   Data          84  adc.o(.bss)
    hadc2                                    0x200007b0   Data          84  adc.o(.bss)
    hadc3                                    0x20000804   Data          84  adc.o(.bss)
    hadc4                                    0x20000858   Data          84  adc.o(.bss)
    hdma_adc1                                0x200008ac   Data          68  adc.o(.bss)
    hdma_adc2                                0x200008f0   Data          68  adc.o(.bss)
    hdma_adc3                                0x20000934   Data          68  adc.o(.bss)
    hdma_adc4                                0x20000978   Data          68  adc.o(.bss)
    huart2                                   0x200009bc   Data         112  usart.o(.bss)
    hdma_usart2_rx                           0x20000a2c   Data          68  usart.o(.bss)
    hdma_usart2_tx                           0x20000a70   Data          68  usart.o(.bss)
    commTX                                   0x20005240   Data          12  comms.o(.bss)
    cntMessage                               0x2000524c   Data          30  comms.o(.bss)
    scopeBuffer                              0x2000526c   Data       30200  scope.o(.bss)
    generator                                0x2000c8a8   Data          44  generator.o(.bss)
    generatorBuffer                          0x2000c8d4   Data        2000  generator.o(.bss)
    counter                                  0x2000d0a8   Data         968  counter.o(.bss)
    syncPwm                                  0x2000d470   Data          26  sync_pwm.o(.bss)
    logAnlys                                 0x2000d48c   Data          20  logic_analyzer.o(.bss)
    __initial_sp                             0x2000d9a0   Data           0  startup_stm32f303xe.o(STACK)



==============================================================================

Memory Map of the image

  Image Entry point : 0x08000195

  Load Region LR_IROM1 (Base: 0x08000000, Size: 0x0000f644, Max: 0x00080000, ABSOLUTE, COMPRESSED[0x0000f4e4])

    Execution Region ER_IROM1 (Exec base: 0x08000000, Load base: 0x08000000, Size: 0x0000f470, Max: 0x00080000, ABSOLUTE)

    Exec Addr    Load Addr    Size         Type   Attr      Idx    E Section Name        Object

    0x08000000   0x08000000   0x00000194   Data   RO         1541    RESET               startup_stm32f303xe.o
    0x08000194   0x08000194   0x00000000   Code   RO         6517  * .ARM.Collect$$$$00000000  mc_w.l(entry.o)
    0x08000194   0x08000194   0x00000004   Code   RO         6838    .ARM.Collect$$$$00000001  mc_w.l(entry2.o)
    0x08000198   0x08000198   0x00000004   Code   RO         6841    .ARM.Collect$$$$00000004  mc_w.l(entry5.o)
    0x0800019c   0x0800019c   0x00000000   Code   RO         6843    .ARM.Collect$$$$00000008  mc_w.l(entry7b.o)
    0x0800019c   0x0800019c   0x00000000   Code   RO         6845    .ARM.Collect$$$$0000000A  mc_w.l(entry8b.o)
    0x0800019c   0x0800019c   0x00000008   Code   RO         6846    .ARM.Collect$$$$0000000B  mc_w.l(entry9a.o)
    0x080001a4   0x080001a4   0x00000000   Code   RO         6848    .ARM.Collect$$$$0000000D  mc_w.l(entry10a.o)
    0x080001a4   0x080001a4   0x00000000   Code   RO         6850    .ARM.Collect$$$$0000000F  mc_w.l(entry11a.o)
    0x080001a4   0x080001a4   0x00000004   Code   RO         6839    .ARM.Collect$$$$00002712  mc_w.l(entry2.o)
    0x080001a8   0x080001a8   0x000000ae   Code   RO         5219    .emb_text           port.o
    0x08000256   0x08000256   0x00000002   PAD
    0x08000258   0x08000258   0x00000024   Code   RO         1542    .text               startup_stm32f303xe.o
    0x0800027c   0x0800027c   0x00000024   Code   RO         6520    .text               mc_w.l(memcpya.o)
    0x080002a0   0x080002a0   0x00000024   Code   RO         6522    .text               mc_w.l(memseta.o)
    0x080002c4   0x080002c4   0x000000e4   Code   RO         6787    .text               mf_w.l(dmul.o)
    0x080003a8   0x080003a8   0x000000de   Code   RO         6789    .text               mf_w.l(ddiv.o)
    0x08000486   0x08000486   0x00000022   Code   RO         6791    .text               mf_w.l(dflti.o)
    0x080004a8   0x080004a8   0x0000001a   Code   RO         6793    .text               mf_w.l(dfltui.o)
    0x080004c2   0x080004c2   0x00000032   Code   RO         6795    .text               mf_w.l(dfixui.o)
    0x080004f4   0x080004f4   0x00000030   Code   RO         6797    .text               mf_w.l(cdcmple.o)
    0x08000524   0x08000524   0x00000030   Code   RO         6799    .text               mf_w.l(cdrcmple.o)
    0x08000554   0x08000554   0x0000002c   Code   RO         6855    .text               mc_w.l(uidiv.o)
    0x08000580   0x08000580   0x00000062   Code   RO         6857    .text               mc_w.l(uldiv.o)
    0x080005e2   0x080005e2   0x00000020   Code   RO         6859    .text               mc_w.l(llushr.o)
    0x08000602   0x08000602   0x00000000   Code   RO         6868    .text               mc_w.l(iusefp.o)
    0x08000602   0x08000602   0x000000ba   Code   RO         6869    .text               mf_w.l(depilogue.o)
    0x080006bc   0x080006bc   0x0000014e   Code   RO         6871    .text               mf_w.l(dadd.o)
    0x0800080a   0x0800080a   0x0000002e   Code   RO         6875    .text               mf_w.l(dscalb.o)
    0x08000838   0x08000838   0x00000030   Code   RO         6877    .text               mf_w.l(dfixul.o)
    0x08000868   0x08000868   0x00000024   Code   RO         6879    .text               mc_w.l(init.o)
    0x0800088c   0x0800088c   0x0000001e   Code   RO         6882    .text               mc_w.l(llshl.o)
    0x080008aa   0x080008aa   0x00000024   Code   RO         6884    .text               mc_w.l(llsshr.o)
    0x080008ce   0x080008ce   0x000000a2   Code   RO         6887    .text               mf_w.l(dsqrt.o)
    0x08000970   0x08000970   0x00000056   Code   RO         6897    .text               mc_w.l(__dczerorl2.o)
    0x080009c6   0x080009c6   0x00000002   PAD
    0x080009c8   0x080009c8   0x000000d8   Code   RO         1967    i.ADC_ConversionStop  stm32f3xx_hal_adc_ex.o
    0x08000aa0   0x08000aa0   0x00000048   Code   RO         1968    i.ADC_DMAConvCplt   stm32f3xx_hal_adc_ex.o
    0x08000ae8   0x08000ae8   0x00000016   Code   RO         1969    i.ADC_DMAError      stm32f3xx_hal_adc_ex.o
    0x08000afe   0x08000afe   0x00000006   Code   RO         1970    i.ADC_DMAHalfConvCplt  stm32f3xx_hal_adc_ex.o
    0x08000b04   0x08000b04   0x000000c4   Code   RO         1157    i.ADC_DMA_Reconfig  adc.o
    0x08000bc8   0x08000bc8   0x00000050   Code   RO         1158    i.ADC_DMA_Stop      adc.o
    0x08000c18   0x08000c18   0x0000006c   Code   RO         1971    i.ADC_Disable       stm32f3xx_hal_adc_ex.o
    0x08000c84   0x08000c84   0x00000064   Code   RO         1972    i.ADC_Enable        stm32f3xx_hal_adc_ex.o
    0x08000ce8   0x08000ce8   0x00000090   Code   RO         1159    i.ADC_set_sampling_time  adc.o
    0x08000d78   0x08000d78   0x00000134   Code   RO         5967    i.COUNTER_ETR_DMA_CpltCallback  counter.o
    0x08000eac   0x08000eac   0x0000001c   Code   RO          370    i.COUNTER_PeriodElapsedCallback  tim.o
    0x08000ec8   0x08000ec8   0x00000038   Code   RO         1160    i.CalibrateADC      adc.o
    0x08000f00   0x08000f00   0x00000250   Code   RO         5361    i.CmdParserTask     cmd_parser.o
    0x08001150   0x08001150   0x00000a10   Code   RO         5442    i.CommTask          comms.o
    0x08001b60   0x08001b60   0x0000023c   Code   RO         5970    i.CounterTask       counter.o
    0x08001d9c   0x08001d9c   0x0000000c   Code   RO         1071    i.DACSetOutputBuffer  dac.o
    0x08001da8   0x08001da8   0x0000000c   Code   RO         1072    i.DACUnsetOutputBuffer  dac.o
    0x08001db4   0x08001db4   0x00000010   Code   RO         2487    i.DAC_DMAConvCpltCh1  stm32f3xx_hal_dac_ex.o
    0x08001dc4   0x08001dc4   0x00000010   Code   RO         2488    i.DAC_DMAConvCpltCh2  stm32f3xx_hal_dac_ex.o
    0x08001dd4   0x08001dd4   0x00000018   Code   RO         2489    i.DAC_DMAErrorCh1   stm32f3xx_hal_dac_ex.o
    0x08001dec   0x08001dec   0x00000018   Code   RO         2490    i.DAC_DMAErrorCh2   stm32f3xx_hal_dac_ex.o
    0x08001e04   0x08001e04   0x00000006   Code   RO         2491    i.DAC_DMAHalfConvCpltCh1  stm32f3xx_hal_dac_ex.o
    0x08001e0a   0x08001e0a   0x0000000a   Code   RO         2492    i.DAC_DMAHalfConvCpltCh2  stm32f3xx_hal_dac_ex.o
    0x08001e14   0x08001e14   0x00000030   Code   RO         1073    i.DAC_DMA_Reconfig  dac.o
    0x08001e44   0x08001e44   0x0000000c   Code   RO          133    i.DMA1_Channel2_IRQHandler  stm32f3xx_it.o
    0x08001e50   0x08001e50   0x0000000c   Code   RO          134    i.DMA1_Channel6_IRQHandler  stm32f3xx_it.o
    0x08001e5c   0x08001e5c   0x00000024   Code   RO          135    i.DMA1_Channel7_IRQHandler  stm32f3xx_it.o
    0x08001e80   0x08001e80   0x000000b4   Code   RO         1161    i.DMA_GetCurrDataCounter  adc.o
    0x08001f34   0x08001f34   0x00000050   Code   RO          371    i.DMA_Restart       tim.o
    0x08001f84   0x08001f84   0x00000018   Code   RO          372    i.DMA_TransferComplete  tim.o
    0x08001f9c   0x08001f9c   0x00000034   Code   RO         1075    i.GeneratingDisable  dac.o
    0x08001fd0   0x08001fd0   0x00000060   Code   RO         1076    i.GeneratingEnable  dac.o
    0x08002030   0x08002030   0x00000148   Code   RO         5800    i.GeneratorTask     generator.o
    0x08002178   0x08002178   0x00000014   Code   RO         1341    i.GetDMAIndex       usart.o
    0x0800218c   0x0800218c   0x0000000c   Code   RO         5581    i.GetNumOfChannels  scope.o
    0x08002198   0x08002198   0x000000a8   Code   RO         1975    i.HAL_ADCEx_Calibration_Start  stm32f3xx_hal_adc_ex.o
    0x08002240   0x08002240   0x000003b4   Code   RO         1996    i.HAL_ADC_ConfigChannel  stm32f3xx_hal_adc_ex.o
    0x080025f4   0x080025f4   0x00000002   Code   RO         1819    i.HAL_ADC_ConvCpltCallback  stm32f3xx_hal_adc.o
    0x080025f6   0x080025f6   0x00000002   Code   RO         1820    i.HAL_ADC_ConvHalfCpltCallback  stm32f3xx_hal_adc.o
    0x080025f8   0x080025f8   0x000001d4   Code   RO         1997    i.HAL_ADC_DeInit    stm32f3xx_hal_adc_ex.o
    0x080027cc   0x080027cc   0x00000002   Code   RO         1822    i.HAL_ADC_ErrorCallback  stm32f3xx_hal_adc.o
    0x080027ce   0x080027ce   0x00000002   PAD
    0x080027d0   0x080027d0   0x000002dc   Code   RO         2000    i.HAL_ADC_Init      stm32f3xx_hal_adc_ex.o
    0x08002aac   0x08002aac   0x00000002   Code   RO         1829    i.HAL_ADC_MspDeInit  stm32f3xx_hal_adc.o
    0x08002aae   0x08002aae   0x00000002   PAD
    0x08002ab0   0x08002ab0   0x00000298   Code   RO         1162    i.HAL_ADC_MspInit   adc.o
    0x08002d48   0x08002d48   0x00000154   Code   RO         2004    i.HAL_ADC_Start_DMA  stm32f3xx_hal_adc_ex.o
    0x08002e9c   0x08002e9c   0x00000072   Code   RO         2007    i.HAL_ADC_Stop_DMA  stm32f3xx_hal_adc_ex.o
    0x08002f0e   0x08002f0e   0x00000002   Code   RO         2493    i.HAL_DACEx_ConvCpltCallbackCh2  stm32f3xx_hal_dac_ex.o
    0x08002f10   0x08002f10   0x00000002   Code   RO         2494    i.HAL_DACEx_ConvHalfCpltCallbackCh2  stm32f3xx_hal_dac_ex.o
    0x08002f12   0x08002f12   0x00000002   Code   RO         2498    i.HAL_DACEx_ErrorCallbackCh2  stm32f3xx_hal_dac_ex.o
    0x08002f14   0x08002f14   0x0000004e   Code   RO         2501    i.HAL_DAC_ConfigChannel  stm32f3xx_hal_dac_ex.o
    0x08002f62   0x08002f62   0x00000002   Code   RO         2364    i.HAL_DAC_ConvCpltCallbackCh1  stm32f3xx_hal_dac.o
    0x08002f64   0x08002f64   0x00000002   Code   RO         2365    i.HAL_DAC_ConvHalfCpltCallbackCh1  stm32f3xx_hal_dac.o
    0x08002f66   0x08002f66   0x00000002   Code   RO         2368    i.HAL_DAC_ErrorCallbackCh1  stm32f3xx_hal_dac.o
    0x08002f68   0x08002f68   0x00000028   Code   RO         2372    i.HAL_DAC_Init      stm32f3xx_hal_dac.o
    0x08002f90   0x08002f90   0x000000d0   Code   RO         1078    i.HAL_DAC_MspInit   dac.o
    0x08003060   0x08003060   0x000000f8   Code   RO         2506    i.HAL_DAC_Start_DMA  stm32f3xx_hal_dac_ex.o
    0x08003158   0x08003158   0x00000018   Code   RO         2377    i.HAL_DAC_Stop      stm32f3xx_hal_dac.o
    0x08003170   0x08003170   0x0000004e   Code   RO         2378    i.HAL_DAC_Stop_DMA  stm32f3xx_hal_dac.o
    0x080031be   0x080031be   0x00000030   Code   RO         2619    i.HAL_DMA_Abort     stm32f3xx_hal_dma.o
    0x080031ee   0x080031ee   0x0000004c   Code   RO         2620    i.HAL_DMA_Abort_IT  stm32f3xx_hal_dma.o
    0x0800323a   0x0800323a   0x00000002   PAD
    0x0800323c   0x0800323c   0x0000008c   Code   RO         2621    i.HAL_DMA_DeInit    stm32f3xx_hal_dma.o
    0x080032c8   0x080032c8   0x000000cc   Code   RO         2624    i.HAL_DMA_IRQHandler  stm32f3xx_hal_dma.o
    0x08003394   0x08003394   0x000000ac   Code   RO         2625    i.HAL_DMA_Init      stm32f3xx_hal_dma.o
    0x08003440   0x08003440   0x0000004e   Code   RO         2627    i.HAL_DMA_RegisterCallback  stm32f3xx_hal_dma.o
    0x0800348e   0x0800348e   0x00000076   Code   RO         2628    i.HAL_DMA_Start     stm32f3xx_hal_dma.o
    0x08003504   0x08003504   0x00000096   Code   RO         2629    i.HAL_DMA_Start_IT  stm32f3xx_hal_dma.o
    0x0800359a   0x0800359a   0x00000052   Code   RO         2630    i.HAL_DMA_UnRegisterCallback  stm32f3xx_hal_dma.o
    0x080035ec   0x080035ec   0x00000016   Code   RO         1689    i.HAL_Delay         stm32f3xx_hal.o
    0x08003602   0x08003602   0x00000002   PAD
    0x08003604   0x08003604   0x00000144   Code   RO         2709    i.HAL_GPIO_DeInit   stm32f3xx_hal_gpio.o
    0x08003748   0x08003748   0x00000234   Code   RO         2712    i.HAL_GPIO_Init     stm32f3xx_hal_gpio.o
    0x0800397c   0x0800397c   0x0000000a   Code   RO         2714    i.HAL_GPIO_ReadPin  stm32f3xx_hal_gpio.o
    0x08003986   0x08003986   0x0000000a   Code   RO         2716    i.HAL_GPIO_WritePin  stm32f3xx_hal_gpio.o
    0x08003990   0x08003990   0x00000006   Code   RO         1691    i.HAL_GetHalVersion  stm32f3xx_hal.o
    0x08003996   0x08003996   0x00000002   PAD
    0x08003998   0x08003998   0x0000000c   Code   RO         1693    i.HAL_GetTick       stm32f3xx_hal.o
    0x080039a4   0x080039a4   0x00000010   Code   RO         1694    i.HAL_IncTick       stm32f3xx_hal.o
    0x080039b4   0x080039b4   0x00000024   Code   RO         1695    i.HAL_Init          stm32f3xx_hal.o
    0x080039d8   0x080039d8   0x00000028   Code   RO         1696    i.HAL_InitTick      stm32f3xx_hal.o
    0x08003a00   0x08003a00   0x0000002c   Code   RO            4    i.HAL_MspInit       stm32f3xx_hal_msp.o
    0x08003a2c   0x08003a2c   0x00000018   Code   RO         2234    i.HAL_NVIC_ClearPendingIRQ  stm32f3xx_hal_cortex.o
    0x08003a44   0x08003a44   0x00000018   Code   RO         2235    i.HAL_NVIC_DisableIRQ  stm32f3xx_hal_cortex.o
    0x08003a5c   0x08003a5c   0x00000018   Code   RO         2236    i.HAL_NVIC_EnableIRQ  stm32f3xx_hal_cortex.o
    0x08003a74   0x08003a74   0x00000064   Code   RO         2242    i.HAL_NVIC_SetPriority  stm32f3xx_hal_cortex.o
    0x08003ad8   0x08003ad8   0x00000024   Code   RO         2243    i.HAL_NVIC_SetPriorityGrouping  stm32f3xx_hal_cortex.o
    0x08003afc   0x08003afc   0x0000040c   Code   RO         2970    i.HAL_RCCEx_GetPeriphCLKFreq  stm32f3xx_hal_rcc_ex.o
    0x08003f08   0x08003f08   0x000002d0   Code   RO         2971    i.HAL_RCCEx_PeriphCLKConfig  stm32f3xx_hal_rcc_ex.o
    0x080041d8   0x080041d8   0x00000240   Code   RO         2866    i.HAL_RCC_ClockConfig  stm32f3xx_hal_rcc.o
    0x08004418   0x08004418   0x0000000c   Code   RO         2871    i.HAL_RCC_GetHCLKFreq  stm32f3xx_hal_rcc.o
    0x08004424   0x08004424   0x00000030   Code   RO         2873    i.HAL_RCC_GetPCLK1Freq  stm32f3xx_hal_rcc.o
    0x08004454   0x08004454   0x00000030   Code   RO         2874    i.HAL_RCC_GetPCLK2Freq  stm32f3xx_hal_rcc.o
    0x08004484   0x08004484   0x0000006c   Code   RO         2875    i.HAL_RCC_GetSysClockFreq  stm32f3xx_hal_rcc.o
    0x080044f0   0x080044f0   0x000005b4   Code   RO         2878    i.HAL_RCC_OscConfig  stm32f3xx_hal_rcc.o
    0x08004aa4   0x08004aa4   0x00000016   Code   RO         2245    i.HAL_SYSTICK_CLKSourceConfig  stm32f3xx_hal_cortex.o
    0x08004aba   0x08004aba   0x00000002   PAD
    0x08004abc   0x08004abc   0x0000002c   Code   RO         2247    i.HAL_SYSTICK_Config  stm32f3xx_hal_cortex.o
    0x08004ae8   0x08004ae8   0x0000009e   Code   RO         3642    i.HAL_TIMEx_ConfigBreakDeadTime  stm32f3xx_hal_tim_ex.o
    0x08004b86   0x08004b86   0x00000064   Code   RO         3658    i.HAL_TIMEx_MasterConfigSynchronization  stm32f3xx_hal_tim_ex.o
    0x08004bea   0x08004bea   0x00000038   Code   RO         3029    i.HAL_TIM_Base_DeInit  stm32f3xx_hal_tim.o
    0x08004c22   0x08004c22   0x00000036   Code   RO         3031    i.HAL_TIM_Base_Init  stm32f3xx_hal_tim.o
    0x08004c58   0x08004c58   0x00000280   Code   RO          373    i.HAL_TIM_Base_MspDeInit  tim.o
    0x08004ed8   0x08004ed8   0x00000648   Code   RO          374    i.HAL_TIM_Base_MspInit  tim.o
    0x08005520   0x08005520   0x0000001a   Code   RO         3034    i.HAL_TIM_Base_Start  stm32f3xx_hal_tim.o
    0x0800553a   0x0800553a   0x00000018   Code   RO         3036    i.HAL_TIM_Base_Start_IT  stm32f3xx_hal_tim.o
    0x08005552   0x08005552   0x0000002c   Code   RO         3037    i.HAL_TIM_Base_Stop  stm32f3xx_hal_tim.o
    0x0800557e   0x0800557e   0x0000002a   Code   RO         3039    i.HAL_TIM_Base_Stop_IT  stm32f3xx_hal_tim.o
    0x080055a8   0x080055a8   0x000001c8   Code   RO         3040    i.HAL_TIM_ConfigClockSource  stm32f3xx_hal_tim.o
    0x08005770   0x08005770   0x000001c0   Code   RO         3061    i.HAL_TIM_IC_ConfigChannel  stm32f3xx_hal_tim.o
    0x08005930   0x08005930   0x00000036   Code   RO         3064    i.HAL_TIM_IC_Init   stm32f3xx_hal_tim.o
    0x08005966   0x08005966   0x00000002   Code   RO         3066    i.HAL_TIM_IC_MspInit  stm32f3xx_hal_tim.o
    0x08005968   0x08005968   0x00000160   Code   RO         3677    i.HAL_TIM_OC_ConfigChannel  stm32f3xx_hal_tim_ex.o
    0x08005ac8   0x08005ac8   0x00000036   Code   RO         3078    i.HAL_TIM_OC_Init   stm32f3xx_hal_tim.o
    0x08005afe   0x08005afe   0x00000002   Code   RO         3080    i.HAL_TIM_OC_MspInit  stm32f3xx_hal_tim.o
    0x08005b00   0x08005b00   0x0000004a   Code   RO         3090    i.HAL_TIM_OnePulse_Init  stm32f3xx_hal_tim.o
    0x08005b4a   0x08005b4a   0x00000002   Code   RO         3092    i.HAL_TIM_OnePulse_MspInit  stm32f3xx_hal_tim.o
    0x08005b4c   0x08005b4c   0x00000218   Code   RO         3678    i.HAL_TIM_PWM_ConfigChannel  stm32f3xx_hal_tim_ex.o
    0x08005d64   0x08005d64   0x00000036   Code   RO         3100    i.HAL_TIM_PWM_Init  stm32f3xx_hal_tim.o
    0x08005d9a   0x08005d9a   0x00000002   Code   RO         3102    i.HAL_TIM_PWM_MspInit  stm32f3xx_hal_tim.o
    0x08005d9c   0x08005d9c   0x00000068   Code   RO         3104    i.HAL_TIM_PWM_Start  stm32f3xx_hal_tim.o
    0x08005e04   0x08005e04   0x000000a2   Code   RO         3107    i.HAL_TIM_PWM_Stop  stm32f3xx_hal_tim.o
    0x08005ea6   0x08005ea6   0x00000042   Code   RO         3112    i.HAL_TIM_SlaveConfigSynchronization  stm32f3xx_hal_tim.o
    0x08005ee8   0x08005ee8   0x00000002   Code   RO         3920    i.HAL_UART_ErrorCallback  stm32f3xx_hal_uart.o
    0x08005eea   0x08005eea   0x0000006e   Code   RO         3924    i.HAL_UART_Init     stm32f3xx_hal_uart.o
    0x08005f58   0x08005f58   0x000000bc   Code   RO         1343    i.HAL_UART_MspInit  usart.o
    0x08006014   0x08006014   0x00000094   Code   RO         3928    i.HAL_UART_Receive_DMA  stm32f3xx_hal_uart.o
    0x080060a8   0x080060a8   0x00000002   Code   RO         3930    i.HAL_UART_RxCpltCallback  stm32f3xx_hal_uart.o
    0x080060aa   0x080060aa   0x00000002   Code   RO         3931    i.HAL_UART_RxHalfCpltCallback  stm32f3xx_hal_uart.o
    0x080060ac   0x080060ac   0x00000088   Code   RO         3933    i.HAL_UART_Transmit_DMA  stm32f3xx_hal_uart.o
    0x08006134   0x08006134   0x00000002   Code   RO         3935    i.HAL_UART_TxCpltCallback  stm32f3xx_hal_uart.o
    0x08006136   0x08006136   0x00000002   Code   RO         3936    i.HAL_UART_TxHalfCpltCallback  stm32f3xx_hal_uart.o
    0x08006138   0x08006138   0x00000002   Code   RO         1272    i.LED_Off           gpio.o
    0x0800613a   0x0800613a   0x00000002   Code   RO         1273    i.LED_On            gpio.o
    0x0800613c   0x0800613c   0x00000074   Code   RO         5443    i.LLCommTask        comms.o
    0x080061b0   0x080061b0   0x0000002c   Code   RO          375    i.LOG_ANLYS_PeriodElapsedCallback  tim.o
    0x080061dc   0x080061dc   0x0000009c   Code   RO          376    i.LOG_ANLYS_TriggerEventOccuredCallback  tim.o
    0x08006278   0x08006278   0x000000dc   Code   RO         6380    i.LogAnlysTask      logic_analyzer.o
    0x08006354   0x08006354   0x00000074   Code   RO         1163    i.MX_ADC1_Init      adc.o
    0x080063c8   0x080063c8   0x00000074   Code   RO         1164    i.MX_ADC2_Init      adc.o
    0x0800643c   0x0800643c   0x00000074   Code   RO         1165    i.MX_ADC3_Init      adc.o
    0x080064b0   0x080064b0   0x00000074   Code   RO         1166    i.MX_ADC4_Init      adc.o
    0x08006524   0x08006524   0x00000044   Code   RO         1079    i.MX_DAC_Init       dac.o
    0x08006568   0x08006568   0x0000002c   Code   RO         1045    i.MX_DMA_Init       dma.o
    0x08006594   0x08006594   0x000000b4   Code   RO         1275    i.MX_GPIO_Init      gpio.o
    0x08006648   0x08006648   0x00000040   Code   RO          377    i.MX_TIM15_Init     tim.o
    0x08006688   0x08006688   0x00000094   Code   RO          379    i.MX_TIM2_ICorTI_Init  tim.o
    0x0800671c   0x0800671c   0x000000a8   Code   RO          380    i.MX_TIM4_Init      tim.o
    0x080067c4   0x080067c4   0x00000038   Code   RO          382    i.MX_TIM6_Init      tim.o
    0x080067fc   0x080067fc   0x00000038   Code   RO          383    i.MX_TIM7_Init      tim.o
    0x08006834   0x08006834   0x000000c4   Code   RO          384    i.MX_TIM8_SYNC_PWM_Init  tim.o
    0x080068f8   0x080068f8   0x00000050   Code   RO         1344    i.MX_USART2_UART_Init  usart.o
    0x08006948   0x08006948   0x00000058   Code   RO          385    i.PWMGeneratingDisable  tim.o
    0x080069a0   0x080069a0   0x0000007c   Code   RO          386    i.PWMGeneratingEnable  tim.o
    0x08006a1c   0x08006a1c   0x00000030   Code   RO         2972    i.RCC_GetPLLCLKFreq  stm32f3xx_hal_rcc_ex.o
    0x08006a4c   0x08006a4c   0x00000194   Code   RO         5582    i.ScopeTask         scope.o
    0x08006be0   0x08006be0   0x00000334   Code   RO         5583    i.ScopeTriggerTask  scope.o
    0x08006f14   0x08006f14   0x00000028   Code   RO          244    i.StartThread       main.o
    0x08006f3c   0x08006f3c   0x0000009c   Code   RO         6267    i.SyncPwmTask       sync_pwm.o
    0x08006fd8   0x08006fd8   0x00000016   Code   RO          136    i.SysTick_Handler   stm32f3xx_it.o
    0x08006fee   0x08006fee   0x00000002   PAD
    0x08006ff0   0x08006ff0   0x00000080   Code   RO         1512    i.SystemClock_Config  clock.o
    0x08007070   0x08007070   0x00000068   Code   RO         1645    i.SystemInit        system_stm32f3xx.o
    0x080070d8   0x080070d8   0x00000030   Code   RO          137    i.TIM4_IRQHandler   stm32f3xx_it.o
    0x08007108   0x08007108   0x00000038   Code   RO          387    i.TIMGenDacDeinit   tim.o
    0x08007140   0x08007140   0x0000001c   Code   RO          388    i.TIMGenDisable     tim.o
    0x0800715c   0x0800715c   0x0000001c   Code   RO          389    i.TIMGenEnable      tim.o
    0x08007178   0x08007178   0x00000060   Code   RO          390    i.TIMGenInit        tim.o
    0x080071d8   0x080071d8   0x00000048   Code   RO          393    i.TIMGenPwmDeinit   tim.o
    0x08007220   0x08007220   0x00000148   Code   RO          394    i.TIMGenPwmInit     tim.o
    0x08007368   0x08007368   0x0000000c   Code   RO          395    i.TIMScopeDisable   tim.o
    0x08007374   0x08007374   0x0000000c   Code   RO          396    i.TIMScopeEnable    tim.o
    0x08007380   0x08007380   0x0000004c   Code   RO          397    i.TIM_ARR_PSC_Config  tim.o
    0x080073cc   0x080073cc   0x00000014   Code   RO          398    i.TIM_ARR_PSC_Reconfig  tim.o
    0x080073e0   0x080073e0   0x000000cc   Code   RO         3115    i.TIM_Base_SetConfig  stm32f3xx_hal_tim.o
    0x080074ac   0x080074ac   0x0000001a   Code   RO         3116    i.TIM_CCxChannelCmd  stm32f3xx_hal_tim.o
    0x080074c6   0x080074c6   0x00000002   PAD
    0x080074c8   0x080074c8   0x0000004c   Code   RO          402    i.TIM_DMA_Reconfig  tim.o
    0x08007514   0x08007514   0x0000002a   Code   RO          403    i.TIM_ETPS_GetPrescaler  tim.o
    0x0800753e   0x0800753e   0x00000002   PAD
    0x08007540   0x08007540   0x000000e0   Code   RO          404    i.TIM_ETRP_Config   tim.o
    0x08007620   0x08007620   0x0000005c   Code   RO          405    i.TIM_ETR_Start     tim.o
    0x0800767c   0x0800767c   0x00000030   Code   RO          406    i.TIM_ETR_Stop      tim.o
    0x080076ac   0x080076ac   0x00000070   Code   RO          407    i.TIM_EnableTrigger  tim.o
    0x0800771c   0x0800771c   0x00000014   Code   RO          408    i.TIM_GEN_PWM_ARR_Config  tim.o
    0x08007730   0x08007730   0x00000014   Code   RO          409    i.TIM_GEN_PWM_PSC_Config  tim.o
    0x08007744   0x08007744   0x0000002a   Code   RO          416    i.TIM_IC1PSC_GetPrescaler  tim.o
    0x0800776e   0x0800776e   0x00000016   Code   RO          417    i.TIM_IC1_FallingOnly  tim.o
    0x08007784   0x08007784   0x00000036   Code   RO          418    i.TIM_IC1_PSC_Config  tim.o
    0x080077ba   0x080077ba   0x0000000e   Code   RO          419    i.TIM_IC1_RisingFalling  tim.o
    0x080077c8   0x080077c8   0x0000000e   Code   RO          420    i.TIM_IC1_RisingOnly  tim.o
    0x080077d6   0x080077d6   0x0000002a   Code   RO          422    i.TIM_IC2PSC_GetPrescaler  tim.o
    0x08007800   0x08007800   0x00000016   Code   RO          423    i.TIM_IC2_FallingOnly  tim.o
    0x08007816   0x08007816   0x00000036   Code   RO          424    i.TIM_IC2_PSC_Config  tim.o
    0x0800784c   0x0800784c   0x0000000e   Code   RO          425    i.TIM_IC2_RisingFalling  tim.o
    0x0800785a   0x0800785a   0x0000000e   Code   RO          426    i.TIM_IC2_RisingOnly  tim.o
    0x08007868   0x08007868   0x00000044   Code   RO          427    i.TIM_IC_DutyCycleDmaRestart  tim.o
    0x080078ac   0x080078ac   0x000000a8   Code   RO          428    i.TIM_IC_DutyCycle_Deinit  tim.o
    0x08007954   0x08007954   0x000000e4   Code   RO          429    i.TIM_IC_DutyCycle_Init  tim.o
    0x08007a38   0x08007a38   0x00000074   Code   RO          430    i.TIM_IC_DutyCycle_Start  tim.o
    0x08007aac   0x08007aac   0x0000003c   Code   RO          431    i.TIM_IC_DutyCycle_Stop  tim.o
    0x08007ae8   0x08007ae8   0x00000070   Code   RO          432    i.TIM_IC_Start      tim.o
    0x08007b58   0x08007b58   0x00000054   Code   RO          433    i.TIM_IC_Stop       tim.o
    0x08007bac   0x08007bac   0x00000028   Code   RO          434    i.TIM_LogAnlys_Deinit  tim.o
    0x08007bd4   0x08007bd4   0x0000003c   Code   RO          435    i.TIM_LogAnlys_FallingTrigger  tim.o
    0x08007c10   0x08007c10   0x000000b0   Code   RO          438    i.TIM_LogAnlys_Init  tim.o
    0x08007cc0   0x08007cc0   0x0000002c   Code   RO          439    i.TIM_LogAnlys_RisingTrigger  tim.o
    0x08007cec   0x08007cec   0x00000038   Code   RO          442    i.TIM_LogAnlys_Start  tim.o
    0x08007d24   0x08007d24   0x00000038   Code   RO          443    i.TIM_LogAnlys_Stop  tim.o
    0x08007d5c   0x08007d5c   0x000000b4   Code   RO         3123    i.TIM_OC1_SetConfig  stm32f3xx_hal_tim.o
    0x08007e10   0x08007e10   0x000000a0   Code   RO         3124    i.TIM_OC2_SetConfig  stm32f3xx_hal_tim.o
    0x08007eb0   0x08007eb0   0x000000a0   Code   RO         3125    i.TIM_OC3_SetConfig  stm32f3xx_hal_tim.o
    0x08007f50   0x08007f50   0x00000080   Code   RO         3126    i.TIM_OC4_SetConfig  stm32f3xx_hal_tim.o
    0x08007fd0   0x08007fd0   0x00000014   Code   RO          444    i.TIM_PostTrigger_ARR_PSC_Reconfig  tim.o
    0x08007fe4   0x08007fe4   0x00000014   Code   RO          445    i.TIM_PostTrigger_SoftwareStart  tim.o
    0x08007ff8   0x08007ff8   0x00000010   Code   RO          446    i.TIM_REF_SecondInputDisable  tim.o
    0x08008008   0x08008008   0x000000ae   Code   RO          447    i.TIM_Reconfig      tim.o
    0x080080b6   0x080080b6   0x00000002   PAD
    0x080080b8   0x080080b8   0x00000020   Code   RO          448    i.TIM_Reconfig_gen  tim.o
    0x080080d8   0x080080d8   0x0000000c   Code   RO          449    i.TIM_Reconfig_scope  tim.o
    0x080080e4   0x080080e4   0x00000048   Code   RO          452    i.TIM_SYNC_PWM_ChannelState  tim.o
    0x0800812c   0x0800812c   0x00000030   Code   RO          453    i.TIM_SYNC_PWM_DMA_ChanConfig  tim.o
    0x0800815c   0x0800815c   0x00000024   Code   RO          454    i.TIM_SYNC_PWM_Deinit  tim.o
    0x08008180   0x08008180   0x00000014   Code   RO          455    i.TIM_SYNC_PWM_Init  tim.o
    0x08008194   0x08008194   0x000000f0   Code   RO          456    i.TIM_SYNC_PWM_Start  tim.o
    0x08008284   0x08008284   0x0000001c   Code   RO          457    i.TIM_SYNC_PWM_StepMode_Disable  tim.o
    0x080082a0   0x080082a0   0x0000001c   Code   RO          458    i.TIM_SYNC_PWM_StepMode_Enable  tim.o
    0x080082bc   0x080082bc   0x00000128   Code   RO          459    i.TIM_SYNC_PWM_Stop  tim.o
    0x080083e4   0x080083e4   0x00000014   Code   RO          460    i.TIM_SamplingFreq_ARR_PSC_Reconfig  tim.o
    0x080083f8   0x080083f8   0x000000dc   Code   RO         3127    i.TIM_SlaveTimer_SetConfig  stm32f3xx_hal_tim.o
    0x080084d4   0x080084d4   0x00000038   Code   RO          466    i.TIM_TI_Sequence_AB  tim.o
    0x0800850c   0x0800850c   0x00000038   Code   RO          467    i.TIM_TI_Sequence_BA  tim.o
    0x08008544   0x08008544   0x0000018c   Code   RO          468    i.TIM_TI_Start      tim.o
    0x080086d0   0x080086d0   0x00000050   Code   RO          469    i.TIM_TI_Stop       tim.o
    0x08008720   0x08008720   0x00000194   Code   RO          470    i.TIM_TriggerConfig  tim.o
    0x080088b4   0x080088b4   0x000000ac   Code   RO          471    i.TIM_counter_etr_init  tim.o
    0x08008960   0x08008960   0x00000034   Code   RO          472    i.TIM_counter_ic_init  tim.o
    0x08008994   0x08008994   0x000000c4   Code   RO          473    i.TIM_counter_ref_init  tim.o
    0x08008a58   0x08008a58   0x000000bc   Code   RO          474    i.TIM_counter_ti_init  tim.o
    0x08008b14   0x08008b14   0x0000001c   Code   RO          476    i.TIM_etr_deinit    tim.o
    0x08008b30   0x08008b30   0x0000001c   Code   RO          477    i.TIM_ic_deinit     tim.o
    0x08008b4c   0x08008b4c   0x0000001c   Code   RO          478    i.TIM_ref_deinit    tim.o
    0x08008b68   0x08008b68   0x00000050   Code   RO          479    i.TIM_ti_deinit     tim.o
    0x08008bb8   0x08008bb8   0x000000da   Code   RO         3937    i.UART_AdvFeatureConfig  stm32f3xx_hal_uart.o
    0x08008c92   0x08008c92   0x00000060   Code   RO         3938    i.UART_CheckIdleState  stm32f3xx_hal_uart.o
    0x08008cf2   0x08008cf2   0x0000006c   Code   RO         3940    i.UART_DMAError     stm32f3xx_hal_uart.o
    0x08008d5e   0x08008d5e   0x00000040   Code   RO         3941    i.UART_DMAReceiveCplt  stm32f3xx_hal_uart.o
    0x08008d9e   0x08008d9e   0x0000000a   Code   RO         3943    i.UART_DMARxHalfCplt  stm32f3xx_hal_uart.o
    0x08008da8   0x08008da8   0x00000032   Code   RO         3945    i.UART_DMATransmitCplt  stm32f3xx_hal_uart.o
    0x08008dda   0x08008dda   0x0000000a   Code   RO         3947    i.UART_DMATxHalfCplt  stm32f3xx_hal_uart.o
    0x08008de4   0x08008de4   0x00000248   Code   RO         3951    i.UART_SetConfig    stm32f3xx_hal_uart.o
    0x0800902c   0x0800902c   0x00000076   Code   RO         3953    i.UART_WaitOnFlagUntilTimeout  stm32f3xx_hal_uart.o
    0x080090a2   0x080090a2   0x00000002   PAD
    0x080090a4   0x080090a4   0x0000001c   Code   RO          138    i.USART2_IRQHandler  stm32f3xx_it.o
    0x080090c0   0x080090c0   0x00000028   Code   RO         6761    i.__0sprintf        mc_w.l(printfa.o)
    0x080090e8   0x080090e8   0x00000030   Code   RO         6821    i.__ARM_fpclassify  m_wm.l(fpclassify.o)
    0x08009118   0x08009118   0x00000c50   Code   RO         6503    i.__hardfp_pow      m_wm.l(pow.o)
    0x08009d68   0x08009d68   0x000000f8   Code   RO         6823    i.__kernel_poly     m_wm.l(poly.o)
    0x08009e60   0x08009e60   0x00000030   Code   RO         6801    i.__mathlib_dbl_divzero  m_wm.l(dunder.o)
    0x08009e90   0x08009e90   0x00000014   Code   RO         6803    i.__mathlib_dbl_infnan2  m_wm.l(dunder.o)
    0x08009ea4   0x08009ea4   0x00000004   PAD
    0x08009ea8   0x08009ea8   0x00000020   Code   RO         6804    i.__mathlib_dbl_invalid  m_wm.l(dunder.o)
    0x08009ec8   0x08009ec8   0x00000020   Code   RO         6805    i.__mathlib_dbl_overflow  m_wm.l(dunder.o)
    0x08009ee8   0x08009ee8   0x00000020   Code   RO         6807    i.__mathlib_dbl_underflow  m_wm.l(dunder.o)
    0x08009f08   0x08009f08   0x0000000e   Code   RO         6891    i.__scatterload_copy  mc_w.l(handlers.o)
    0x08009f16   0x08009f16   0x00000002   Code   RO         6892    i.__scatterload_null  mc_w.l(handlers.o)
    0x08009f18   0x08009f18   0x0000000e   Code   RO         6893    i.__scatterload_zeroinit  mc_w.l(handlers.o)
    0x08009f26   0x08009f26   0x00000002   PAD
    0x08009f28   0x08009f28   0x0000000c   Code   RO         6863    i.__set_errno       mc_w.l(errno.o)
    0x08009f34   0x08009f34   0x00000184   Code   RO         6766    i._fp_digits        mc_w.l(printfa.o)
    0x0800a0b8   0x0800a0b8   0x000006dc   Code   RO         6767    i._printf_core      mc_w.l(printfa.o)
    0x0800a794   0x0800a794   0x00000024   Code   RO         6768    i._printf_post_padding  mc_w.l(printfa.o)
    0x0800a7b8   0x0800a7b8   0x0000002e   Code   RO         6769    i._printf_pre_padding  mc_w.l(printfa.o)
    0x0800a7e6   0x0800a7e6   0x0000000a   Code   RO         6771    i._sputc            mc_w.l(printfa.o)
    0x0800a7f0   0x0800a7f0   0x00000014   Code   RO         1167    i.adcSetDefaultInputs  adc.o
    0x0800a804   0x0800a804   0x0000008c   Code   RO         1168    i.adcSetInputChannel  adc.o
    0x0800a890   0x0800a890   0x0000009c   Code   RO         1169    i.adcSetResolution  adc.o
    0x0800a92c   0x0800a92c   0x00000040   Code   RO         5446    i.commBufferReadByte  comms.o
    0x0800a96c   0x0800a96c   0x00000068   Code   RO         5447    i.commBufferReadNBytes  comms.o
    0x0800a9d4   0x0800a9d4   0x00000088   Code   RO         5449    i.commInputByte     comms.o
    0x0800aa5c   0x0800aa5c   0x00000004   Code   RO         1406    i.commsRecieveUART  comms_hal.o
    0x0800aa60   0x0800aa60   0x000000ec   Code   RO         1409    i.commsSendBuffDMA  comms_hal.o
    0x0800ab4c   0x0800ab4c   0x00000064   Code   RO         1410    i.commsSendDMA      comms_hal.o
    0x0800abb0   0x0800abb0   0x00000022   Code   RO         1412    i.commsSendInt32DMA  comms_hal.o
    0x0800abd2   0x0800abd2   0x00000002   PAD
    0x0800abd4   0x0800abd4   0x00000128   Code   RO         1414    i.commsSendStringDMA  comms_hal.o
    0x0800acfc   0x0800acfc   0x00000022   Code   RO         1416    i.commsSendUint32DMA  comms_hal.o
    0x0800ad1e   0x0800ad1e   0x00000002   PAD
    0x0800ad20   0x0800ad20   0x00000024   Code   RO         5971    i.counterDeinit     counter.o
    0x0800ad44   0x0800ad44   0x00000044   Code   RO         5972    i.counterEtrRefSetDefault  counter.o
    0x0800ad88   0x0800ad88   0x00000014   Code   RO         5975    i.counterIc1DutyCycleDeinit  counter.o
    0x0800ad9c   0x0800ad9c   0x00000010   Code   RO         5976    i.counterIc1DutyCycleInit  counter.o
    0x0800adac   0x0800adac   0x00000014   Code   RO         5978    i.counterIc2DutyCycleDeinit  counter.o
    0x0800adc0   0x0800adc0   0x00000010   Code   RO         5979    i.counterIc2DutyCycleInit  counter.o
    0x0800add0   0x0800add0   0x00000004   Code   RO         5980    i.counterIcDutyCycleDisable  counter.o
    0x0800add4   0x0800add4   0x00000004   Code   RO         5981    i.counterIcDutyCycleEnable  counter.o
    0x0800add8   0x0800add8   0x00000170   Code   RO         5982    i.counterIcDutyCycleProcess  counter.o
    0x0800af48   0x0800af48   0x00000164   Code   RO         5983    i.counterIcProcess  counter.o
    0x0800b0ac   0x0800b0ac   0x00000058   Code   RO         5984    i.counterIcTiSetDefault  counter.o
    0x0800b104   0x0800b104   0x00000020   Code   RO         5989    i.counterPeriodElapsedCallback  counter.o
    0x0800b124   0x0800b124   0x00000024   Code   RO         5990    i.counterSendStart  counter.o
    0x0800b148   0x0800b148   0x00000024   Code   RO         5991    i.counterSendStop   counter.o
    0x0800b16c   0x0800b16c   0x00000028   Code   RO         5992    i.counterSetEtrGate  counter.o
    0x0800b194   0x0800b194   0x00000018   Code   RO         5993    i.counterSetIc1Prescaler  counter.o
    0x0800b1ac   0x0800b1ac   0x00000034   Code   RO         5994    i.counterSetIc1SampleCount  counter.o
    0x0800b1e0   0x0800b1e0   0x00000018   Code   RO         5995    i.counterSetIc2Prescaler  counter.o
    0x0800b1f8   0x0800b1f8   0x00000034   Code   RO         5996    i.counterSetIc2SampleCount  counter.o
    0x0800b22c   0x0800b22c   0x00000010   Code   RO         5997    i.counterSetIcTi1_Falling  counter.o
    0x0800b23c   0x0800b23c   0x00000010   Code   RO         5998    i.counterSetIcTi1_Rising  counter.o
    0x0800b24c   0x0800b24c   0x00000014   Code   RO         5999    i.counterSetIcTi1_RisingFalling  counter.o
    0x0800b260   0x0800b260   0x00000010   Code   RO         6000    i.counterSetIcTi2_Falling  counter.o
    0x0800b270   0x0800b270   0x00000010   Code   RO         6001    i.counterSetIcTi2_Rising  counter.o
    0x0800b280   0x0800b280   0x00000014   Code   RO         6002    i.counterSetIcTi2_RisingFalling  counter.o
    0x0800b294   0x0800b294   0x0000007c   Code   RO         6003    i.counterSetMode    counter.o
    0x0800b310   0x0800b310   0x00000018   Code   RO         6004    i.counterSetRefArr  counter.o
    0x0800b328   0x0800b328   0x00000018   Code   RO         6005    i.counterSetRefPsc  counter.o
    0x0800b340   0x0800b340   0x00000010   Code   RO         6006    i.counterSetTiMode_Dependent  counter.o
    0x0800b350   0x0800b350   0x00000010   Code   RO         6007    i.counterSetTiMode_Independent  counter.o
    0x0800b360   0x0800b360   0x00000004   Code   RO         6008    i.counterSetTiSequence_AB  counter.o
    0x0800b364   0x0800b364   0x00000004   Code   RO         6009    i.counterSetTiSequence_BA  counter.o
    0x0800b368   0x0800b368   0x0000000c   Code   RO         6010    i.counterSetTiTimeout  counter.o
    0x0800b374   0x0800b374   0x00000124   Code   RO         6013    i.counterTiProcess  counter.o
    0x0800b498   0x0800b498   0x00000058   Code   RO         1276    i.detectScopeShield  gpio.o
    0x0800b4f0   0x0800b4f0   0x00000018   Code   RO         6817    i.fabs              m_wm.l(fabs.o)
    0x0800b508   0x0800b508   0x00000030   Code   RO         1417    i.flushBuff         comms_hal.o
    0x0800b538   0x0800b538   0x00000020   Code   RO         5802    i.genDataOKSendNext  generator.o
    0x0800b558   0x0800b558   0x00000010   Code   RO         5803    i.genGetRealSmplFreq  generator.o
    0x0800b568   0x0800b568   0x0000001c   Code   RO         5806    i.genReset          generator.o
    0x0800b584   0x0800b584   0x00000024   Code   RO         5807    i.genSendRealSamplingFreq  generator.o
    0x0800b5a8   0x0800b5a8   0x0000013c   Code   RO         5808    i.genSetDAC         generator.o
    0x0800b6e4   0x0800b6e4   0x0000008c   Code   RO         5809    i.genSetData        generator.o
    0x0800b770   0x0800b770   0x00000038   Code   RO         5810    i.genSetFrequency   generator.o
    0x0800b7a8   0x0800b7a8   0x00000054   Code   RO         5811    i.genSetLength      generator.o
    0x0800b7fc   0x0800b7fc   0x00000048   Code   RO         5812    i.genSetMode        generator.o
    0x0800b844   0x0800b844   0x00000094   Code   RO         5813    i.genSetNumOfChannels  generator.o
    0x0800b8d8   0x0800b8d8   0x00000004   Code   RO         5814    i.genSetOutputBuffer  generator.o
    0x0800b8dc   0x0800b8dc   0x00000006   Code   RO         5815    i.genSetPwmFrequencyARR  generator.o
    0x0800b8e2   0x0800b8e2   0x00000006   Code   RO         5816    i.genSetPwmFrequencyPSC  generator.o
    0x0800b8e8   0x0800b8e8   0x0000001c   Code   RO         5817    i.genStart          generator.o
    0x0800b904   0x0800b904   0x0000001c   Code   RO         5818    i.genStatusOK       generator.o
    0x0800b920   0x0800b920   0x0000001c   Code   RO         5819    i.genStop           generator.o
    0x0800b93c   0x0800b93c   0x00000004   Code   RO         5820    i.genUnsetOutputBuffer  generator.o
    0x0800b940   0x0800b940   0x00000018   Code   RO         5824    i.generator_deinit  generator.o
    0x0800b958   0x0800b958   0x0000000c   Code   RO         5584    i.getADCRes         scope.o
    0x0800b964   0x0800b964   0x00000034   Code   RO         5451    i.getBytesAvailable  comms.o
    0x0800b998   0x0800b998   0x00000010   Code   RO         5585    i.getDataPointer    scope.o
    0x0800b9a8   0x0800b9a8   0x00000028   Code   RO          480    i.getMaxScopeSamplingFreq  tim.o
    0x0800b9d0   0x0800b9d0   0x0000000c   Code   RO         5587    i.getOneChanMemSize  scope.o
    0x0800b9dc   0x0800b9dc   0x0000000c   Code   RO         5588    i.getPretrigger     scope.o
    0x0800b9e8   0x0800b9e8   0x0000000c   Code   RO         5589    i.getSamples        scope.o
    0x0800b9f4   0x0800b9f4   0x0000000c   Code   RO         5590    i.getScopeState     scope.o
    0x0800ba00   0x0800ba00   0x0000000c   Code   RO         5591    i.getTriggerIndex   scope.o
    0x0800ba0c   0x0800ba0c   0x0000000c   Code   RO         1277    i.isScopeShieldConnected  gpio.o
    0x0800ba18   0x0800ba18   0x00000014   Code   RO         1347    i.isXferComplete    usart.o
    0x0800ba2c   0x0800ba2c   0x0000002c   Code   RO         6383    i.logAnlysPeriodElapsedCallback  logic_analyzer.o
    0x0800ba58   0x0800ba58   0x00000024   Code   RO         6384    i.logAnlysSendDeinit  logic_analyzer.o
    0x0800ba7c   0x0800ba7c   0x00000024   Code   RO         6385    i.logAnlysSendInit  logic_analyzer.o
    0x0800baa0   0x0800baa0   0x00000024   Code   RO         6386    i.logAnlysSendStart  logic_analyzer.o
    0x0800bac4   0x0800bac4   0x00000024   Code   RO         6387    i.logAnlysSendStop  logic_analyzer.o
    0x0800bae8   0x0800bae8   0x00000004   Code   RO         6389    i.logAnlysSetPosttrigger  logic_analyzer.o
    0x0800baec   0x0800baec   0x00000028   Code   RO         6390    i.logAnlysSetPretrigger  logic_analyzer.o
    0x0800bb14   0x0800bb14   0x00000028   Code   RO         6391    i.logAnlysSetSamplesNum  logic_analyzer.o
    0x0800bb3c   0x0800bb3c   0x00000004   Code   RO         6392    i.logAnlysSetSamplingFreq  logic_analyzer.o
    0x0800bb40   0x0800bb40   0x00000006   Code   RO         6393    i.logAnlysSetTriggerChannel  logic_analyzer.o
    0x0800bb46   0x0800bb46   0x00000004   Code   RO         6394    i.logAnlysSetTriggerFalling  logic_analyzer.o
    0x0800bb4a   0x0800bb4a   0x00000004   Code   RO         6395    i.logAnlysSetTriggerRising  logic_analyzer.o
    0x0800bb4e   0x0800bb4e   0x00000002   PAD
    0x0800bb50   0x0800bb50   0x00000140   Code   RO          245    i.main              main.o
    0x0800bc90   0x0800bc90   0x00000010   Code   RO         4892    i.osDelay           cmsis_os.o
    0x0800bca0   0x0800bca0   0x00000038   Code   RO         4895    i.osKernelStart     cmsis_os.o
    0x0800bcd8   0x0800bcd8   0x00000032   Code   RO         4922    i.osThreadCreate    cmsis_os.o
    0x0800bd0a   0x0800bd0a   0x00000002   PAD
    0x0800bd0c   0x0800bd0c   0x00000078   Code   RO         5363    i.parseCommsCmd     cmd_parser.o
    0x0800bd84   0x0800bd84   0x00000518   Code   RO         5364    i.parseCounterCmd   cmd_parser.o
    0x0800c29c   0x0800c29c   0x000003f8   Code   RO         5365    i.parseGeneratorCmd  cmd_parser.o
    0x0800c694   0x0800c694   0x00000258   Code   RO         5366    i.parseLogAnlysCmd  cmd_parser.o
    0x0800c8ec   0x0800c8ec   0x000005d4   Code   RO         5367    i.parseScopeCmd     cmd_parser.o
    0x0800cec0   0x0800cec0   0x000001fc   Code   RO         5368    i.parseSyncPwmCmd   cmd_parser.o
    0x0800d0bc   0x0800d0bc   0x00000078   Code   RO         5369    i.parseSystemCmd    cmd_parser.o
    0x0800d134   0x0800d134   0x000000a0   Code   RO         5370    i.printErrResponse  cmd_parser.o
    0x0800d1d4   0x0800d1d4   0x00000064   Code   RO         4531    i.prvIdleTask       tasks.o
    0x0800d238   0x0800d238   0x0000001c   Code   RO         5220    i.prvTaskExitError  port.o
    0x0800d254   0x0800d254   0x000000cc   Code   RO         5326    i.pvPortMalloc      heap_2.o
    0x0800d320   0x0800d320   0x00000028   Code   RO         5221    i.pxPortInitialiseStack  port.o
    0x0800d348   0x0800d348   0x00000010   Code   RO         1513    i.resetDevice       clock.o
    0x0800d358   0x0800d358   0x00000004   Code   RO         1170    i.samplingDisable   adc.o
    0x0800d35c   0x0800d35c   0x00000004   Code   RO         1171    i.samplingEnable    adc.o
    0x0800d360   0x0800d360   0x00000020   Code   RO         5593    i.scopeGetRanges    scope.o
    0x0800d380   0x0800d380   0x0000000c   Code   RO         5594    i.scopeGetRealSmplFreq  scope.o
    0x0800d38c   0x0800d38c   0x00000020   Code   RO         5596    i.scopeRestart      scope.o
    0x0800d3ac   0x0800d3ac   0x00000064   Code   RO         5597    i.scopeSetADCInputChannel  scope.o
    0x0800d410   0x0800d410   0x00000068   Code   RO         5598    i.scopeSetADCInputChannelDefault  scope.o
    0x0800d478   0x0800d478   0x00000068   Code   RO         5599    i.scopeSetADCInputChannelVref  scope.o
    0x0800d4e0   0x0800d4e0   0x000000a4   Code   RO         5600    i.scopeSetDataDepth  scope.o
    0x0800d584   0x0800d584   0x00000004   PAD
    0x0800d588   0x0800d588   0x000000bc   Code   RO         5601    i.scopeSetDefault   scope.o
    0x0800d644   0x0800d644   0x000000bc   Code   RO         5602    i.scopeSetNumOfChannels  scope.o
    0x0800d700   0x0800d700   0x00000050   Code   RO         5603    i.scopeSetNumOfSamples  scope.o
    0x0800d750   0x0800d750   0x00000028   Code   RO         5604    i.scopeSetPretrigger  scope.o
    0x0800d778   0x0800d778   0x00000058   Code   RO         5605    i.scopeSetSamplingFreq  scope.o
    0x0800d7d0   0x0800d7d0   0x00000048   Code   RO         5606    i.scopeSetTrigChannel  scope.o
    0x0800d818   0x0800d818   0x00000028   Code   RO         5607    i.scopeSetTrigLevel  scope.o
    0x0800d840   0x0800d840   0x00000040   Code   RO         5608    i.scopeSetTriggerEdge  scope.o
    0x0800d880   0x0800d880   0x00000028   Code   RO         5609    i.scopeSetTriggerMode  scope.o
    0x0800d8a8   0x0800d8a8   0x0000001c   Code   RO         5610    i.scopeStart        scope.o
    0x0800d8c4   0x0800d8c4   0x0000001c   Code   RO         5611    i.scopeStop         scope.o
    0x0800d8e0   0x0800d8e0   0x00000040   Code   RO         5452    i.sendCommsConf     comms.o
    0x0800d920   0x0800d920   0x00000070   Code   RO         5453    i.sendCounterConf   comms.o
    0x0800d990   0x0800d990   0x00000094   Code   RO         5454    i.sendGenConf       comms.o
    0x0800da24   0x0800da24   0x00000048   Code   RO         5455    i.sendGenPwmConf    comms.o
    0x0800da6c   0x0800da6c   0x000000bc   Code   RO         5456    i.sendLogAnlysConf  comms.o
    0x0800db28   0x0800db28   0x000000ac   Code   RO         5457    i.sendScopeConf     comms.o
    0x0800dbd4   0x0800dbd4   0x000000b8   Code   RO         5458    i.sendScopeInputs   comms.o
    0x0800dc8c   0x0800dc8c   0x0000002c   Code   RO         5459    i.sendShieldPresence  comms.o
    0x0800dcb8   0x0800dcb8   0x0000007c   Code   RO         5460    i.sendSyncPwmConf   comms.o
    0x0800dd34   0x0800dd34   0x00000038   Code   RO         5461    i.sendSystConf      comms.o
    0x0800dd6c   0x0800dd6c   0x000000b4   Code   RO         5462    i.sendSystemVersion  comms.o
    0x0800de20   0x0800de20   0x0000006e   Code   RO         6828    i.sqrt              m_wm.l(sqrt.o)
    0x0800de8e   0x0800de8e   0x00000006   Code   RO         6268    i.syncPwmChannelConfig  sync_pwm.o
    0x0800de94   0x0800de94   0x0000000c   Code   RO         6269    i.syncPwmChannelNumber  sync_pwm.o
    0x0800dea0   0x0800dea0   0x00000004   Code   RO         6271    i.syncPwmFreqReconfig  sync_pwm.o
    0x0800dea4   0x0800dea4   0x00000004   Code   RO         6273    i.syncPwmResetStepMode  sync_pwm.o
    0x0800dea8   0x0800dea8   0x00000024   Code   RO         6274    i.syncPwmSendDeinit  sync_pwm.o
    0x0800decc   0x0800decc   0x00000024   Code   RO         6275    i.syncPwmSendInit   sync_pwm.o
    0x0800def0   0x0800def0   0x00000024   Code   RO         6276    i.syncPwmSendStart  sync_pwm.o
    0x0800df14   0x0800df14   0x00000024   Code   RO         6277    i.syncPwmSendStop   sync_pwm.o
    0x0800df38   0x0800df38   0x00000004   Code   RO         6278    i.syncPwmSetChannelState  sync_pwm.o
    0x0800df3c   0x0800df3c   0x00000004   Code   RO         6280    i.syncPwmSetStepMode  sync_pwm.o
    0x0800df40   0x0800df40   0x00000024   Code   RO         5290    i.uxListRemove      list.o
    0x0800df64   0x0800df64   0x00000002   Code   RO         1326    i.vApplicationStackOverflowHook  freertos.o
    0x0800df66   0x0800df66   0x00000016   Code   RO         5291    i.vListInitialise   list.o
    0x0800df7c   0x0800df7c   0x00000006   Code   RO         5292    i.vListInitialiseItem  list.o
    0x0800df82   0x0800df82   0x00000002   PAD
    0x0800df84   0x0800df84   0x0000003a   Code   RO         5293    i.vListInsert       list.o
    0x0800dfbe   0x0800dfbe   0x00000018   Code   RO         5294    i.vListInsertEnd    list.o
    0x0800dfd6   0x0800dfd6   0x00000002   PAD
    0x0800dfd8   0x0800dfd8   0x0000001c   Code   RO         5223    i.vPortEnterCritical  port.o
    0x0800dff4   0x0800dff4   0x00000018   Code   RO         5224    i.vPortExitCritical  port.o
    0x0800e00c   0x0800e00c   0x00000040   Code   RO         5327    i.vPortFree         heap_2.o
    0x0800e04c   0x0800e04c   0x00000040   Code   RO         5226    i.vPortValidateInterruptPriority  port.o
    0x0800e08c   0x0800e08c   0x00000018   Code   RO         5227    i.vPortYield        port.o
    0x0800e0a4   0x0800e0a4   0x00000058   Code   RO         4537    i.vTaskDelay        tasks.o
    0x0800e0fc   0x0800e0fc   0x0000000c   Code   RO         4541    i.vTaskMissedYield  tasks.o
    0x0800e108   0x0800e108   0x0000006c   Code   RO         4542    i.vTaskPlaceOnEventList  tasks.o
    0x0800e174   0x0800e174   0x00000050   Code   RO         4543    i.vTaskPriorityDisinherit  tasks.o
    0x0800e1c4   0x0800e1c4   0x0000006c   Code   RO         4544    i.vTaskPriorityInherit  tasks.o
    0x0800e230   0x0800e230   0x0000001c   Code   RO         4548    i.vTaskSetTimeOutState  tasks.o
    0x0800e24c   0x0800e24c   0x00000054   Code   RO         4549    i.vTaskStartScheduler  tasks.o
    0x0800e2a0   0x0800e2a0   0x00000010   Code   RO         4551    i.vTaskSuspendAll   tasks.o
    0x0800e2b0   0x0800e2b0   0x00000084   Code   RO         4552    i.vTaskSwitchContext  tasks.o
    0x0800e334   0x0800e334   0x000000b4   Code   RO         5228    i.xPortStartScheduler  port.o
    0x0800e3e8   0x0800e3e8   0x00000024   Code   RO         5229    i.xPortSysTickHandler  port.o
    0x0800e40c   0x0800e40c   0x00000050   Code   RO         4761    i.xQueueCreateMutex  queue.o
    0x0800e45c   0x0800e45c   0x0000007a   Code   RO         4762    i.xQueueGenericCreate  queue.o
    0x0800e4d6   0x0800e4d6   0x00000252   Code   RO         4763    i.xQueueGenericReceive  queue.o
    0x0800e728   0x0800e728   0x00000284   Code   RO         4765    i.xQueueGenericSend  queue.o
    0x0800e9ac   0x0800e9ac   0x000000e8   Code   RO         4766    i.xQueueGenericSendFromISR  queue.o
    0x0800ea94   0x0800ea94   0x00000034   Code   RO         4767    i.xQueueGiveMutexRecursive  queue.o
    0x0800eac8   0x0800eac8   0x0000008e   Code   RO         4771    i.xQueueReceiveFromISR  queue.o
    0x0800eb56   0x0800eb56   0x0000003c   Code   RO         4772    i.xQueueTakeMutexRecursive  queue.o
    0x0800eb92   0x0800eb92   0x00000002   PAD
    0x0800eb94   0x0800eb94   0x00000060   Code   RO         4553    i.xTaskCheckForTimeOut  tasks.o
    0x0800ebf4   0x0800ebf4   0x000001b0   Code   RO         4554    i.xTaskGenericCreate  tasks.o
    0x0800eda4   0x0800eda4   0x0000000c   Code   RO         4555    i.xTaskGetCurrentTaskHandle  tasks.o
    0x0800edb0   0x0800edb0   0x0000001c   Code   RO         4556    i.xTaskGetSchedulerState  tasks.o
    0x0800edcc   0x0800edcc   0x00000018   Code   RO         4557    i.xTaskGetTickCount  tasks.o
    0x0800ede4   0x0800ede4   0x0000001c   Code   RO         4558    i.xTaskGetTickCountFromISR  tasks.o
    0x0800ee00   0x0800ee00   0x000000dc   Code   RO         4559    i.xTaskIncrementTick  tasks.o
    0x0800eedc   0x0800eedc   0x0000006c   Code   RO         4561    i.xTaskRemoveFromEventList  tasks.o
    0x0800ef48   0x0800ef48   0x00000190   Code   RO         4562    i.xTaskResumeAll    tasks.o
    0x0800f0d8   0x0800f0d8   0x000000c8   Data   RO          246    .constdata          main.o
    0x0800f1a0   0x0800f1a0   0x000000a8   Data   RO         1173    .constdata          adc.o
    0x0800f248   0x0800f248   0x00000010   Data   RO         1646    .constdata          system_stm32f3xx.o
    0x0800f258   0x0800f258   0x00000008   Data   RO         1647    .constdata          system_stm32f3xx.o
    0x0800f260   0x0800f260   0x00000020   Data   RO         2879    .constdata          stm32f3xx_hal_rcc.o
    0x0800f280   0x0800f280   0x00000018   Data   RO         2973    .constdata          stm32f3xx_hal_rcc_ex.o
    0x0800f298   0x0800f298   0x00000004   Data   RO         5465    .constdata          comms.o
    0x0800f29c   0x0800f29c   0x0000002c   Data   RO         5615    .constdata          scope.o
    0x0800f2c8   0x0800f2c8   0x00000088   Data   RO         6506    .constdata          m_wm.l(pow.o)
    0x0800f350   0x0800f350   0x00000008   Data   RO         6825    .constdata          m_wm.l(qnan.o)
    0x0800f358   0x0800f358   0x00000093   Data   RO          247    .conststring        main.o
    0x0800f3eb   0x0800f3eb   0x00000001   PAD
    0x0800f3ec   0x0800f3ec   0x00000061   Data   RO         5466    .conststring        comms.o
    0x0800f44d   0x0800f44d   0x00000003   PAD
    0x0800f450   0x0800f450   0x00000020   Data   RO         6889    Region$$Table       anon$$obj.o


    Execution Region RW_IRAM1 (Exec base: 0x20000000, Load base: 0x0800f470, Size: 0x0000d9a0, Max: 0x00010000, ABSOLUTE, COMPRESSED[0x00000074])

    Exec Addr    Load Addr    Size         Type   Attr      Idx    E Section Name        Object

    0x20000000   COMPRESSED   0x00000010   Data   RW          482    .data               tim.o
    0x20000010   COMPRESSED   0x00000004   Data   RW         1081    .data               dac.o
    0x20000014   COMPRESSED   0x00000080   Data   RW         1174    .data               adc.o
    0x20000094   COMPRESSED   0x00000001   Data   RW         1278    .data               gpio.o
    0x20000095   COMPRESSED   0x00000003   PAD
    0x20000098   COMPRESSED   0x00000004   Data   RW         1648    .data               system_stm32f3xx.o
    0x2000009c   COMPRESSED   0x00000004   Data   RW         1701    .data               stm32f3xx_hal.o
    0x200000a0   COMPRESSED   0x00000038   Data   RW         4565    .data               tasks.o
    0x200000d8   COMPRESSED   0x0000000c   Data   RW         5230    .data               port.o
    0x200000e4   COMPRESSED   0x00000018   Data   RW         5331    .data               heap_2.o
    0x200000fc   COMPRESSED   0x00000004   Data   RW         5371    .data               cmd_parser.o
    0x20000100   COMPRESSED   0x00000074   Data   RW         5467    .data               comms.o
    0x20000174   COMPRESSED   0x00000034   Data   RW         5616    .data               scope.o
    0x200001a8   COMPRESSED   0x00000004   Data   RW         5827    .data               generator.o
    0x200001ac   COMPRESSED   0x00000014   Data   RW         6017    .data               counter.o
    0x200001c0   COMPRESSED   0x00000008   Data   RW         6284    .data               sync_pwm.o
    0x200001c8   COMPRESSED   0x00000008   Data   RW         6399    .data               logic_analyzer.o
    0x200001d0   COMPRESSED   0x00000004   Data   RW         6864    .data               mc_w.l(errno.o)
    0x200001d4        -       0x000004ec   Zero   RW          481    .bss                tim.o
    0x200006c0        -       0x0000009c   Zero   RW         1080    .bss                dac.o
    0x2000075c        -       0x00000260   Zero   RW         1172    .bss                adc.o
    0x200009bc        -       0x000000f8   Zero   RW         1348    .bss                usart.o
    0x20000ab4        -       0x000000f0   Zero   RW         4564    .bss                tasks.o
    0x20000ba4        -       0x0000448e   Zero   RW         5330    .bss                heap_2.o
    0x20005032   COMPRESSED   0x00000002   PAD
    0x20005034        -       0x00000236   Zero   RW         5463    .bss                comms.o
    0x2000526a   COMPRESSED   0x00000002   PAD
    0x2000526c        -       0x0000763c   Zero   RW         5614    .bss                scope.o
    0x2000c8a8        -       0x000007fc   Zero   RW         5825    .bss                generator.o
    0x2000d0a4   COMPRESSED   0x00000004   PAD
    0x2000d0a8        -       0x000003c8   Zero   RW         6015    .bss                counter.o
    0x2000d470        -       0x0000001a   Zero   RW         6283    .bss                sync_pwm.o
    0x2000d48a   COMPRESSED   0x00000002   PAD
    0x2000d48c        -       0x00000014   Zero   RW         6398    .bss                logic_analyzer.o
    0x2000d4a0        -       0x00000500   Zero   RW         1539    STACK               startup_stm32f303xe.o


==============================================================================

Image component sizes


      Code (inc. data)   RO Data    RW Data    ZI Data      Debug   Object Name

      2108        302        168        128        608      14470   adc.o
       144         12          0          0          0       1103   clock.o
      5912        936          0          4          0      23709   cmd_parser.o
       122          0          0          0          0       7267   cmsis_os.o
      4392       1058        101        116        566      18711   comms.o
       752         36          0          0          0       5851   comms_hal.o
      2792        536          0         20        968      24030   counter.o
       496         68          0          4        156       4925   dac.o
        44          4          0          0          0        790   dma.o
         2          0          0          0          0        524   freertos.o
      1384        248          0          4       2044      14394   generator.o
       284         24          0          1          0       3094   gpio.o
       268         24          0         24      17550       3619   heap_2.o
       146          0          0          0          0       3702   list.o
       510        172          0          8         20       9290   logic_analyzer.o
       360         24        347          0          0       1946   main.o
       598         80          0         12          0       9014   port.o
      1926          0          0          0          0      12718   queue.o
      2728        464         44         52      30268      24592   scope.o
        36          8        404          0       1280        940   startup_stm32f303xe.o
       132         22          0          4          0       4443   stm32f3xx_hal.o
         8          0          0          0          0       2658   stm32f3xx_hal_adc.o
      3294        142          0          0          0      12517   stm32f3xx_hal_adc_ex.o
       274         16          0          0          0      32086   stm32f3xx_hal_cortex.o
       148          0          0          0          0       4244   stm32f3xx_hal_dac.o
       428         26          0          0          0       7709   stm32f3xx_hal_dac_ex.o
      1068         56          0          0          0       8403   stm32f3xx_hal_dma.o
       908         28          0          0          0       3989   stm32f3xx_hal_gpio.o
        44          4          0          0          0     698334   stm32f3xx_hal_msp.o
      2252         88         32          0          0       6438   stm32f3xx_hal_rcc.o
      1804         44         24          0          0       4589   stm32f3xx_hal_rcc_ex.o
      2804         94          0          0          0      22164   stm32f3xx_hal_tim.o
      1146         48          0          0          0       5119   stm32f3xx_hal_tim_ex.o
      1662         60          0          0          0      13072   stm32f3xx_hal_uart.o
       158         44          0          0          0      20493   stm32f3xx_it.o
       334        102          0          8         26       7616   sync_pwm.o
       104         20         24          4          0       1443   system_stm32f3xx.o
      2104        174          0         56        240      21244   tasks.o
      9268       1126          0         16       1260      54903   tim.o
       308         38          0          0        248       2946   usart.o

    ----------------------------------------------------------------------
     53294       6132       1180        464      55244    1119099   Object Totals
         0          0         32          0          0          0   (incl. Generated)
        42          4          4          3         10          0   (incl. Padding)

    ----------------------------------------------------------------------

      Code (inc. data)   RO Data    RW Data    ZI Data      Debug   Library Member Name

       164         44          0          0          0        620   dunder.o
        24          0          0          0          0        124   fabs.o
        48          0          0          0          0        124   fpclassify.o
       248          0          0          0          0        152   poly.o
      3152        296        136          0          0        352   pow.o
         0          0          8          0          0          0   qnan.o
       110          0          0          0          0        148   sqrt.o
        86          0          0          0          0          0   __dczerorl2.o
         0          0          0          0          0          0   entry.o
         0          0          0          0          0          0   entry10a.o
         0          0          0          0          0          0   entry11a.o
         8          4          0          0          0          0   entry2.o
         4          0          0          0          0          0   entry5.o
         0          0          0          0          0          0   entry7b.o
         0          0          0          0          0          0   entry8b.o
         8          4          0          0          0          0   entry9a.o
        12          6          0          4          0         68   errno.o
        30          0          0          0          0          0   handlers.o
        36          8          0          0          0         68   init.o
         0          0          0          0          0          0   iusefp.o
        30          0          0          0          0         68   llshl.o
        36          0          0          0          0         68   llsshr.o
        32          0          0          0          0         68   llushr.o
        36          0          0          0          0         68   memcpya.o
        36          0          0          0          0        108   memseta.o
      2276         86          0          0          0        520   printfa.o
        44          0          0          0          0         80   uidiv.o
        98          0          0          0          0         92   uldiv.o
        48          0          0          0          0         68   cdcmple.o
        48          0          0          0          0         68   cdrcmple.o
       334          0          0          0          0        148   dadd.o
       222          0          0          0          0        100   ddiv.o
       186          0          0          0          0        176   depilogue.o
        50          0          0          0          0         76   dfixui.o
        48          0          0          0          0         68   dfixul.o
        34          0          0          0          0         76   dflti.o
        26          0          0          0          0         76   dfltui.o
       228          0          0          0          0         96   dmul.o
        46          0          0          0          0         80   dscalb.o
       162          0          0          0          0        100   dsqrt.o

    ----------------------------------------------------------------------
      7958        448        144          4          0       3860   Library Totals
         8          0          0          0          0          0   (incl. Padding)

    ----------------------------------------------------------------------

      Code (inc. data)   RO Data    RW Data    ZI Data      Debug   Library Name

      3746        340        144          0          0       1520   m_wm.l
      2772        108          0          4          0       1208   mc_w.l
      1432          0          0          0          0       1132   mf_w.l

    ----------------------------------------------------------------------
      7958        448        144          4          0       3860   Library Totals

    ----------------------------------------------------------------------

==============================================================================


      Code (inc. data)   RO Data    RW Data    ZI Data      Debug   

     61252       6580       1324        468      55244    1078595   Grand Totals
     61252       6580       1324        116      55244    1078595   ELF Image Totals (compressed)
     61252       6580       1324        116          0          0   ROM Totals

==============================================================================

    Total RO  Size (Code + RO Data)                62576 (  61.11kB)
    Total RW  Size (RW Data + ZI Data)             55712 (  54.41kB)
    Total ROM Size (Code + RO Data + RW Data)      62692 (  61.22kB)

==============================================================================

