Component: ARM Compiler 5.06 (build 20) Tool: armlink [4d35a3]

==============================================================================

Section Cross References

    stm32f3xx_hal_msp.o(i.HAL_MspInit) refers to stm32f3xx_hal_cortex.o(i.HAL_NVIC_SetPriorityGrouping) for HAL_NVIC_SetPriorityGrouping
    stm32f3xx_hal_msp.o(i.HAL_MspInit) refers to stm32f3xx_hal_cortex.o(i.HAL_NVIC_SetPriority) for HAL_NVIC_SetPriority
    stm32f3xx_it.o(i.SysTick_Handler) refers to tasks.o(i.xTaskGetSchedulerState) for xTaskGetSchedulerState
    stm32f3xx_it.o(i.SysTick_Handler) refers to port.o(i.xPortSysTickHandler) for xPortSysTickHandler
    stm32f3xx_it.o(i.SysTick_Handler) refers to stm32f3xx_hal.o(i.HAL_IncTick) for HAL_IncTick
    stm32f3xx_it.o(i.USART2_IRQHandler) refers to comms_hal.o(i.commsRecieveUART) for commsRecieveUART
    stm32f3xx_it.o(i.USART2_IRQHandler) refers to stm32f3xx_hal_cortex.o(i.HAL_NVIC_ClearPendingIRQ) for HAL_NVIC_ClearPendingIRQ
    main.o(i.StartThread) refers to cmsis_os.o(i.osDelay) for osDelay
    main.o(i.StartThread) refers to gpio.o(i.LED_On) for LED_On
    main.o(i.StartThread) refers to gpio.o(i.LED_Off) for LED_Off
    main.o(i.main) refers to stm32f3xx_hal.o(i.HAL_Init) for HAL_Init
    main.o(i.main) refers to clock.o(i.SystemClock_Config) for SystemClock_Config
    main.o(i.main) refers to gpio.o(i.MX_GPIO_Init) for MX_GPIO_Init
    main.o(i.main) refers to dma.o(i.MX_DMA_Init) for MX_DMA_Init
    main.o(i.main) refers to gpio.o(i.LED_On) for LED_On
    main.o(i.main) refers to adc.o(i.MX_ADC1_Init) for MX_ADC1_Init
    main.o(i.main) refers to adc.o(i.MX_ADC2_Init) for MX_ADC2_Init
    main.o(i.main) refers to adc.o(i.MX_ADC3_Init) for MX_ADC3_Init
    main.o(i.main) refers to adc.o(i.MX_ADC4_Init) for MX_ADC4_Init
    main.o(i.main) refers to tim.o(i.MX_TIM3_Init) for MX_TIM3_Init
    main.o(i.main) refers to dac.o(i.MX_DAC_Init) for MX_DAC_Init
    main.o(i.main) refers to tim.o(i.MX_TIM6_Init) for MX_TIM6_Init
    main.o(i.main) refers to tim.o(i.MX_TIM7_Init) for MX_TIM7_Init
    main.o(i.main) refers to memcpya.o(.text) for __aeabi_memcpy4
    main.o(i.main) refers to cmsis_os.o(i.osThreadCreate) for osThreadCreate
    main.o(i.main) refers to gpio.o(i.LED_Off) for LED_Off
    main.o(i.main) refers to cmsis_os.o(i.osKernelStart) for osKernelStart
    main.o(i.main) refers to main.o(.constdata) for .constdata
    main.o(.constdata) refers to main.o(.conststring) for .conststring
    main.o(.constdata) refers to cmd_parser.o(i.CmdParserTask) for CmdParserTask
    main.o(.constdata) refers to main.o(i.StartThread) for StartThread
    main.o(.constdata) refers to comms.o(i.CommTask) for CommTask
    main.o(.constdata) refers to scope.o(i.ScopeTask) for ScopeTask
    main.o(.constdata) refers to scope.o(i.ScopeTriggerTask) for ScopeTriggerTask
    main.o(.constdata) refers to generator.o(i.GeneratorTask) for GeneratorTask
    tim.o(i.MX_TIM3_Init) refers to stm32f3xx_hal_tim.o(i.HAL_TIM_Base_Init) for HAL_TIM_Base_Init
    tim.o(i.MX_TIM3_Init) refers to stm32f3xx_hal_tim.o(i.HAL_TIM_ConfigClockSource) for HAL_TIM_ConfigClockSource
    tim.o(i.MX_TIM3_Init) refers to stm32f3xx_hal_tim_ex.o(i.HAL_TIMEx_MasterConfigSynchronization) for HAL_TIMEx_MasterConfigSynchronization
    tim.o(i.MX_TIM3_Init) refers to tim.o(.bss) for htim_scope
    tim.o(i.MX_TIM6_Init) refers to stm32f3xx_hal_tim.o(i.HAL_TIM_Base_Init) for HAL_TIM_Base_Init
    tim.o(i.MX_TIM6_Init) refers to stm32f3xx_hal_tim_ex.o(i.HAL_TIMEx_MasterConfigSynchronization) for HAL_TIMEx_MasterConfigSynchronization
    tim.o(i.MX_TIM6_Init) refers to tim.o(.bss) for htim6
    tim.o(i.MX_TIM7_Init) refers to stm32f3xx_hal_tim.o(i.HAL_TIM_Base_Init) for HAL_TIM_Base_Init
    tim.o(i.MX_TIM7_Init) refers to stm32f3xx_hal_tim_ex.o(i.HAL_TIMEx_MasterConfigSynchronization) for HAL_TIMEx_MasterConfigSynchronization
    tim.o(i.MX_TIM7_Init) refers to tim.o(.bss) for htim7
    tim.o(i.TIMGenDisable) refers to stm32f3xx_hal_tim.o(i.HAL_TIM_Base_Stop) for HAL_TIM_Base_Stop
    tim.o(i.TIMGenDisable) refers to tim.o(.bss) for htim6
    tim.o(i.TIMGenEnable) refers to stm32f3xx_hal_tim.o(i.HAL_TIM_Base_Start) for HAL_TIM_Base_Start
    tim.o(i.TIMGenEnable) refers to tim.o(.bss) for htim6
    tim.o(i.TIMScopeDisable) refers to stm32f3xx_hal_tim.o(i.HAL_TIM_Base_Stop) for HAL_TIM_Base_Stop
    tim.o(i.TIMScopeDisable) refers to tim.o(.bss) for htim_scope
    tim.o(i.TIMScopeEnable) refers to stm32f3xx_hal_tim.o(i.HAL_TIM_Base_Start) for HAL_TIM_Base_Start
    tim.o(i.TIMScopeEnable) refers to tim.o(.bss) for htim_scope
    tim.o(i.TIM_Reconfig) refers to stm32f3xx_hal_rcc.o(i.HAL_RCC_GetPCLK2Freq) for HAL_RCC_GetPCLK2Freq
    tim.o(i.TIM_Reconfig) refers to stm32f3xx_hal_tim.o(i.HAL_TIM_Base_Init) for HAL_TIM_Base_Init
    tim.o(i.TIM_Reconfig_gen) refers to tim.o(i.TIM_Reconfig) for TIM_Reconfig
    tim.o(i.TIM_Reconfig_gen) refers to tim.o(.bss) for htim6
[...]
    i.scopeRestart                           0x08007b60   Section        0  scope.o(i.scopeRestart)
    i.scopeSetDataDepth                      0x08007b84   Section        0  scope.o(i.scopeSetDataDepth)
    i.scopeSetDefault                        0x08007c40   Section        0  scope.o(i.scopeSetDefault)
    i.scopeSetNumOfChannels                  0x08007cdc   Section        0  scope.o(i.scopeSetNumOfChannels)
    i.scopeSetNumOfSamples                   0x08007db4   Section        0  scope.o(i.scopeSetNumOfSamples)
    i.scopeSetPretrigger                     0x08007e0c   Section        0  scope.o(i.scopeSetPretrigger)
    i.scopeSetSamplingFreq                   0x08007e34   Section        0  scope.o(i.scopeSetSamplingFreq)
    i.scopeSetTrigChannel                    0x08007e98   Section        0  scope.o(i.scopeSetTrigChannel)
    i.scopeSetTrigLevel                      0x08007ee8   Section        0  scope.o(i.scopeSetTrigLevel)
    i.scopeSetTriggerEdge                    0x08007f10   Section        0  scope.o(i.scopeSetTriggerEdge)
    i.scopeSetTriggerMode                    0x08007f54   Section        0  scope.o(i.scopeSetTriggerMode)
    i.scopeStart                             0x08007f7c   Section        0  scope.o(i.scopeStart)
    i.scopeStop                              0x08007f9c   Section        0  scope.o(i.scopeStop)
    i.sendCommsConf                          0x08007fbc   Section        0  comms.o(i.sendCommsConf)
    i.sendGenConf                            0x08007ffc   Section        0  comms.o(i.sendGenConf)
    i.sendScopeConf                          0x0800806c   Section        0  comms.o(i.sendScopeConf)
    i.sendSystConf                           0x0800811c   Section        0  comms.o(i.sendSystConf)
    i.sendSystemVersion                      0x08008154   Section        0  comms.o(i.sendSystemVersion)
    i.sqrt                                   0x08008210   Section        0  sqrt.o(i.sqrt)
    i.updateTrigger                          0x08008280   Section        0  scope.o(i.updateTrigger)
    i.uxListRemove                           0x080082d4   Section        0  list.o(i.uxListRemove)
    i.vApplicationStackOverflowHook          0x080082fc   Section        0  freertos.o(i.vApplicationStackOverflowHook)
    i.vListInitialise                        0x080082fe   Section        0  list.o(i.vListInitialise)
    i.vListInitialiseItem                    0x08008318   Section        0  list.o(i.vListInitialiseItem)
    i.vListInsert                            0x0800831e   Section        0  list.o(i.vListInsert)
    i.vListInsertEnd                         0x08008352   Section        0  list.o(i.vListInsertEnd)
    i.vPortEnterCritical                     0x0800836c   Section        0  port.o(i.vPortEnterCritical)
    i.vPortExitCritical                      0x0800838c   Section        0  port.o(i.vPortExitCritical)
    i.vPortFree                              0x080083ac   Section        0  heap_2.o(i.vPortFree)
    i.vPortSetupTimerInterrupt               0x080083ec   Section        0  port.o(i.vPortSetupTimerInterrupt)
    i.vPortValidateInterruptPriority         0x0800840c   Section        0  port.o(i.vPortValidateInterruptPriority)
    i.vPortYield                             0x08008468   Section        0  port.o(i.vPortYield)
    i.vTaskDelay                             0x08008480   Section        0  tasks.o(i.vTaskDelay)
    i.vTaskMissedYield                       0x080084b8   Section        0  tasks.o(i.vTaskMissedYield)
    i.vTaskPlaceOnEventList                  0x080084c4   Section        0  tasks.o(i.vTaskPlaceOnEventList)
    i.vTaskPriorityDisinherit                0x08008518   Section        0  tasks.o(i.vTaskPriorityDisinherit)
    i.vTaskPriorityInherit                   0x08008568   Section        0  tasks.o(i.vTaskPriorityInherit)
    i.vTaskSetTimeOutState                   0x080085ec   Section        0  tasks.o(i.vTaskSetTimeOutState)
    i.vTaskStartScheduler                    0x08008610   Section        0  tasks.o(i.vTaskStartScheduler)
    i.vTaskSuspendAll                        0x08008664   Section        0  tasks.o(i.vTaskSuspendAll)
    i.vTaskSwitchContext                     0x08008674   Section        0  tasks.o(i.vTaskSwitchContext)
    i.validateBuffUsage                      0x08008720   Section        0  scope.o(i.validateBuffUsage)
    i.xPortStartScheduler                    0x08008748   Section        0  port.o(i.xPortStartScheduler)
    i.xPortSysTickHandler                    0x080087fc   Section        0  port.o(i.xPortSysTickHandler)
    i.xQueueCreateMutex                      0x0800881c   Section        0  queue.o(i.xQueueCreateMutex)
    i.xQueueGenericCreate                    0x08008872   Section        0  queue.o(i.xQueueGenericCreate)
    i.xQueueGenericReceive                   0x080088ce   Section        0  queue.o(i.xQueueGenericReceive)
    i.xQueueGenericReset                     0x08008a0e   Section        0  queue.o(i.xQueueGenericReset)
    i.xQueueGenericSend                      0x08008a86   Section        0  queue.o(i.xQueueGenericSend)
    i.xQueueGenericSendFromISR               0x08008ba0   Section        0  queue.o(i.xQueueGenericSendFromISR)
    i.xQueueGiveMutexRecursive               0x08008c4c   Section        0  queue.o(i.xQueueGiveMutexRecursive)
    i.xQueueTakeMutexRecursive               0x08008c86   Section        0  queue.o(i.xQueueTakeMutexRecursive)
    i.xTaskCheckForTimeOut                   0x08008ccc   Section        0  tasks.o(i.xTaskCheckForTimeOut)
    i.xTaskGenericCreate                     0x08008d40   Section        0  tasks.o(i.xTaskGenericCreate)
    i.xTaskGetCurrentTaskHandle              0x08008e78   Section        0  tasks.o(i.xTaskGetCurrentTaskHandle)
    i.xTaskGetSchedulerState                 0x08008e84   Section        0  tasks.o(i.xTaskGetSchedulerState)
    i.xTaskIncrementTick                     0x08008ea4   Section        0  tasks.o(i.xTaskIncrementTick)
    i.xTaskRemoveFromEventList               0x08009004   Section        0  tasks.o(i.xTaskRemoveFromEventList)
    i.xTaskResumeAll                         0x0800908c   Section        0  tasks.o(i.xTaskResumeAll)
    .constdata                               0x08009174   Section      120  main.o(.constdata)
    .constdata                               0x080091ec   Section       16  stm32f3xx_hal_rcc.o(.constdata)
    .constdata                               0x080091fc   Section       32  stm32f3xx_hal_rcc_ex.o(.constdata)
    .constdata                               0x0800921c   Section       16  scope.o(.constdata)
    .constdata                               0x08009230   Section      136  pow.o(.constdata)
    bp                                       0x08009230   Data          16  pow.o(.constdata)
    dp_h                                     0x08009240   Data          16  pow.o(.constdata)
    dp_l                                     0x08009250   Data          16  pow.o(.constdata)
    L                                        0x08009260   Data          48  pow.o(.constdata)
    P                                        0x08009290   Data          40  pow.o(.constdata)
    .constdata                               0x080092b8   Section        8  qnan.o(.constdata)
    .conststring                             0x080092c0   Section       83  main.o(.conststring)
    .data                                    0x20000000   Section        4  dac.o(.data)
    .data                                    0x20000004   Section       16  adc.o(.data)
    ADC12_CLK_ENABLED                        0x20000004   Data           4  adc.o(.data)
    ADC34_CLK_ENABLED                        0x20000008   Data           4  adc.o(.data)
    .data                                    0x20000014   Section       20  system_stm32f3xx.o(.data)
    .data                                    0x20000028   Section        4  stm32f3xx_hal.o(.data)
    uwTick                                   0x20000028   Data           4  stm32f3xx_hal.o(.data)
    .data                                    0x2000002c   Section       56  tasks.o(.data)
    pxDelayedTaskList                        0x20000030   Data           4  tasks.o(.data)
    pxOverflowDelayedTaskList                0x20000034   Data           4  tasks.o(.data)
    uxTasksDeleted                           0x20000038   Data           4  tasks.o(.data)
    uxCurrentNumberOfTasks                   0x2000003c   Data           4  tasks.o(.data)
    xTickCount                               0x20000040   Data           4  tasks.o(.data)
    uxTopReadyPriority                       0x20000044   Data           4  tasks.o(.data)
    xSchedulerRunning                        0x20000048   Data           4  tasks.o(.data)
    uxSchedulerSuspended                     0x2000004c   Data           4  tasks.o(.data)
    uxPendedTicks                            0x20000050   Data           4  tasks.o(.data)
    xYieldPending                            0x20000054   Data           4  tasks.o(.data)
    xNumOfOverflows                          0x20000058   Data           4  tasks.o(.data)
    uxTaskNumber                             0x2000005c   Data           4  tasks.o(.data)
    xNextTaskUnblockTime                     0x20000060   Data           4  tasks.o(.data)
    .data                                    0x20000064   Section       12  port.o(.data)
    uxCriticalNesting                        0x20000064   Data           4  port.o(.data)
    ucMaxSysCallPriority                     0x20000068   Data           1  port.o(.data)
    ulMaxPRIGROUPValue                       0x2000006c   Data           4  port.o(.data)
    .data                                    0x20000070   Section       24  heap_2.o(.data)
    xStart                                   0x20000070   Data           8  heap_2.o(.data)
    xEnd                                     0x20000078   Data           8  heap_2.o(.data)
    xFreeBytesRemaining                      0x20000080   Data           4  heap_2.o(.data)
    xHeapHasBeenInitialised                  0x20000084   Data           4  heap_2.o(.data)
    .data                                    0x20000088   Section        4  cmd_parser.o(.data)
    .data                                    0x2000008c   Section        8  comms.o(.data)
    commsMutex                               0x20000090   Data           4  comms.o(.data)
    .data                                    0x20000094   Section       60  scope.o(.data)
    triggerIndex                             0x2000009c   Data           4  scope.o(.data)
    triggerLevel                             0x200000a0   Data           2  scope.o(.data)
    samplesToStop                            0x200000a4   Data           4  scope.o(.data)
    samplesToStart                           0x200000a8   Data           4  scope.o(.data)
    scopeMutex                               0x200000ac   Data           4  scope.o(.data)
    writingIndex                             0x200000b0   Data           4  scope.o(.data)
    lastWritingIndex                         0x200000b4   Data           4  scope.o(.data)
    .data                                    0x200000d0   Section        6  generator.o(.data)
    .data                                    0x200000d8   Section        4  errno.o(.data)
    _errno                                   0x200000d8   Data           4  errno.o(.data)
    .bss                                     0x200000dc   Section      180  tim.o(.bss)
    .bss                                     0x20000190   Section      132  dac.o(.bss)
    .bss                                     0x20000214   Section      528  adc.o(.bss)
    .bss                                     0x20000424   Section      108  usart.o(.bss)
    .bss                                     0x20000490   Section      240  tasks.o(.bss)
    pxReadyTasksLists                        0x20000490   Data         140  tasks.o(.bss)
    xDelayedTaskList1                        0x2000051c   Data          20  tasks.o(.bss)
    xDelayedTaskList2                        0x20000530   Data          20  tasks.o(.bss)
    xPendingReadyList                        0x20000544   Data          20  tasks.o(.bss)
    xTasksWaitingTermination                 0x20000558   Data          20  tasks.o(.bss)
    xSuspendedTaskList                       0x2000056c   Data          20  tasks.o(.bss)
    .bss                                     0x20000580   Section     8192  heap_2.o(.bss)
    ucHeap                                   0x20000580   Data        8192  heap_2.o(.bss)
    .bss                                     0x20002580   Section      524  comms.o(.bss)
    commBuffMem                              0x20002580   Data         512  comms.o(.bss)
    comm                                     0x20002780   Data          12  comms.o(.bss)
    .bss                                     0x2000278c   Section    50464  scope.o(.bss)
    scope                                    0x2000ec6c   Data          64  scope.o(.bss)
    .bss                                     0x2000ecac   Section     2044  generator.o(.bss)
    generator                                0x2000ecac   Data          44  generator.o(.bss)
    STACK                                    0x2000f4a8   Section     1024  startup_stm32f303xe.o(STACK)

    Global Symbols

    Symbol Name                              Value     Ov Type        Size  Object(Section)

    BuildAttributes$$THM_ISAv4$E$P$D$K$B$S$7EM$VFPi3$EXTD16$VFPS$VFMA$PE$A:L22UL41UL21$X:L11$S22US41US21$IEEE1$IW$USESV6$~STKCKD$USESV7$~SHL$OTIME$ROPI$IEEEX$EBA8$MICROLIB$REQ8$PRES8$EABIv2 0x00000000   Number         0  anon$$obj.o ABSOLUTE
    __ARM_use_no_argv                        0x00000000   Number         0  main.o ABSOLUTE
    __cpp_initialize__aeabi_                  - Undefined Weak Reference
    __cxa_finalize                            - Undefined Weak Reference
    __decompress                              - Undefined Weak Reference
    _clock_init                               - Undefined Weak Reference
    _microlib_exit                            - Undefined Weak Reference
    __Vectors_Size                           0x00000194   Number         0  startup_stm32f303xe.o ABSOLUTE
    __Vectors                                0x08000000   Data           4  startup_stm32f303xe.o(RESET)
    __Vectors_End                            0x08000194   Data           0  startup_stm32f303xe.o(RESET)
    __main                                   0x08000195   Thumb Code     0  entry.o(.ARM.Collect$$$$00000000)
    _main_stk                                0x08000195   Thumb Code     0  entry2.o(.ARM.Collect$$$$00000001)
    _main_scatterload                        0x08000199   Thumb Code     0  entry5.o(.ARM.Collect$$$$00000004)
    __main_after_scatterload                 0x0800019d   Thumb Code     0  entry5.o(.ARM.Collect$$$$00000004)
    _main_clock                              0x0800019d   Thumb Code     0  entry7b.o(.ARM.Collect$$$$00000008)
    _main_cpp_init                           0x0800019d   Thumb Code     0  entry8b.o(.ARM.Collect$$$$0000000A)
    _main_init                               0x0800019d   Thumb Code     0  entry9a.o(.ARM.Collect$$$$0000000B)
    __rt_final_cpp                           0x080001a5   Thumb Code     0  entry10a.o(.ARM.Collect$$$$0000000D)
    __rt_final_exit                          0x080001a5   Thumb Code     0  entry11a.o(.ARM.Collect$$$$0000000F)
    SVC_Handler                              0x080001a9   Thumb Code    24  port.o(.emb_text)
    __asm___6_port_c_39a90d8d__prvStartFirstTask 0x080001c5   Thumb Code    16  port.o(.emb_text)
    __asm___6_port_c_39a90d8d__prvEnableVFP  0x080001d9   Thumb Code    16  port.o(.emb_text)
    PendSV_Handler                           0x080001ed   Thumb Code    76  port.o(.emb_text)
    ulPortSetInterruptMask                   0x0800023d   Thumb Code    14  port.o(.emb_text)
    vPortClearInterruptMask                  0x0800024b   Thumb Code     6  port.o(.emb_text)
    vPortGetIPSR                             0x08000251   Thumb Code     6  port.o(.emb_text)
    Reset_Handler                            0x08000259   Thumb Code     8  startup_stm32f303xe.o(.text)
    NMI_Handler                              0x08000261   Thumb Code     2  startup_stm32f303xe.o(.text)
    HardFault_Handler                        0x08000263   Thumb Code     2  startup_stm32f303xe.o(.text)
    MemManage_Handler                        0x08000265   Thumb Code     2  startup_stm32f303xe.o(.text)
    BusFault_Handler                         0x08000267   Thumb Code     2  startup_stm32f303xe.o(.text)
    UsageFault_Handler                       0x08000269   Thumb Code     2  startup_stm32f303xe.o(.text)
    DebugMon_Handler                         0x0800026d   Thumb Code     2  startup_stm32f303xe.o(.text)
    ADC1_2_IRQHandler                        0x08000273   Thumb Code     0  startup_stm32f303xe.o(.text)
    ADC3_IRQHandler                          0x08000273   Thumb Code     0  startup_stm32f303xe.o(.text)
    ADC4_IRQHandler                          0x08000273   Thumb Code     0  startup_stm32f303xe.o(.text)
    CAN_RX1_IRQHandler                       0x08000273   Thumb Code     0  startup_stm32f303xe.o(.text)
    CAN_SCE_IRQHandler                       0x08000273   Thumb Code     0  startup_stm32f303xe.o(.text)
    COMP1_2_3_IRQHandler                     0x08000273   Thumb Code     0  startup_stm32f303xe.o(.text)
    COMP4_5_6_IRQHandler                     0x08000273   Thumb Code     0  startup_stm32f303xe.o(.text)
    COMP7_IRQHandler                         0x08000273   Thumb Code     0  startup_stm32f303xe.o(.text)
    DMA1_Channel1_IRQHandler                 0x08000273   Thumb Code     0  startup_stm32f303xe.o(.text)
    DMA1_Channel2_IRQHandler                 0x08000273   Thumb Code     0  startup_stm32f303xe.o(.text)
    DMA1_Channel3_IRQHandler                 0x08000273   Thumb Code     0  startup_stm32f303xe.o(.text)
    DMA1_Channel4_IRQHandler                 0x08000273   Thumb Code     0  startup_stm32f303xe.o(.text)
    DMA1_Channel5_IRQHandler                 0x08000273   Thumb Code     0  startup_stm32f303xe.o(.text)
    DMA1_Channel6_IRQHandler                 0x08000273   Thumb Code     0  startup_stm32f303xe.o(.text)
    DMA1_Channel7_IRQHandler                 0x08000273   Thumb Code     0  startup_stm32f303xe.o(.text)
    DMA2_Channel1_IRQHandler                 0x08000273   Thumb Code     0  startup_stm32f303xe.o(.text)
    DMA2_Channel2_IRQHandler                 0x08000273   Thumb Code     0  startup_stm32f303xe.o(.text)
    DMA2_Channel3_IRQHandler                 0x08000273   Thumb Code     0  startup_stm32f303xe.o(.text)
    DMA2_Channel4_IRQHandler                 0x08000273   Thumb Code     0  startup_stm32f303xe.o(.text)
    DMA2_Channel5_IRQHandler                 0x08000273   Thumb Code     0  startup_stm32f303xe.o(.text)
    EXTI0_IRQHandler                         0x08000273   Thumb Code     0  startup_stm32f303xe.o(.text)
    EXTI15_10_IRQHandler                     0x08000273   Thumb Code     0  startup_stm32f303xe.o(.text)
    EXTI1_IRQHandler                         0x08000273   Thumb Code     0  startup_stm32f303xe.o(.text)
    EXTI2_TSC_IRQHandler                     0x08000273   Thumb Code     0  startup_stm32f303xe.o(.text)
    EXTI3_IRQHandler                         0x08000273   Thumb Code     0  startup_stm32f303xe.o(.text)
    EXTI4_IRQHandler                         0x08000273   Thumb Code     0  startup_stm32f303xe.o(.text)
    EXTI9_5_IRQHandler                       0x08000273   Thumb Code     0  startup_stm32f303xe.o(.text)
    FLASH_IRQHandler                         0x08000273   Thumb Code     0  startup_stm32f303xe.o(.text)
    FMC_IRQHandler                           0x08000273   Thumb Code     0  startup_stm32f303xe.o(.text)
    FPU_IRQHandler                           0x08000273   Thumb Code     0  startup_stm32f303xe.o(.text)
    I2C1_ER_IRQHandler                       0x08000273   Thumb Code     0  startup_stm32f303xe.o(.text)
    I2C1_EV_IRQHandler                       0x08000273   Thumb Code     0  startup_stm32f303xe.o(.text)
    I2C2_ER_IRQHandler                       0x08000273   Thumb Code     0  startup_stm32f303xe.o(.text)
    I2C2_EV_IRQHandler                       0x08000273   Thumb Code     0  startup_stm32f303xe.o(.text)
    I2C3_ER_IRQHandler                       0x08000273   Thumb Code     0  startup_stm32f303xe.o(.text)
    I2C3_EV_IRQHandler                       0x08000273   Thumb Code     0  startup_stm32f303xe.o(.text)
    PVD_IRQHandler                           0x08000273   Thumb Code     0  startup_stm32f303xe.o(.text)
    RCC_IRQHandler                           0x08000273   Thumb Code     0  startup_stm32f303xe.o(.text)
    RTC_Alarm_IRQHandler                     0x08000273   Thumb Code     0  startup_stm32f303xe.o(.text)
    RTC_WKUP_IRQHandler                      0x08000273   Thumb Code     0  startup_stm32f303xe.o(.text)
    SPI1_IRQHandler                          0x08000273   Thumb Code     0  startup_stm32f303xe.o(.text)
    SPI2_IRQHandler                          0x08000273   Thumb Code     0  startup_stm32f303xe.o(.text)
    SPI3_IRQHandler                          0x08000273   Thumb Code     0  startup_stm32f303xe.o(.text)
    SPI4_IRQHandler                          0x08000273   Thumb Code     0  startup_stm32f303xe.o(.text)
    TAMP_STAMP_IRQHandler                    0x08000273   Thumb Code     0  startup_stm32f303xe.o(.text)
    TIM1_BRK_TIM15_IRQHandler                0x08000273   Thumb Code     0  startup_stm32f303xe.o(.text)
    TIM1_CC_IRQHandler                       0x08000273   Thumb Code     0  startup_stm32f303xe.o(.text)
    TIM1_TRG_COM_TIM17_IRQHandler            0x08000273   Thumb Code     0  startup_stm32f303xe.o(.text)
    TIM1_UP_TIM16_IRQHandler                 0x08000273   Thumb Code     0  startup_stm32f303xe.o(.text)
    TIM20_BRK_IRQHandler                     0x08000273   Thumb Code     0  startup_stm32f303xe.o(.text)
    TIM20_CC_IRQHandler                      0x08000273   Thumb Code     0  startup_stm32f303xe.o(.text)
    TIM20_TRG_COM_IRQHandler                 0x08000273   Thumb Code     0  startup_stm32f303xe.o(.text)
    TIM20_UP_IRQHandler                      0x08000273   Thumb Code     0  startup_stm32f303xe.o(.text)
    TIM2_IRQHandler                          0x08000273   Thumb Code     0  startup_stm32f303xe.o(.text)
    TIM3_IRQHandler                          0x08000273   Thumb Code     0  startup_stm32f303xe.o(.text)
    TIM4_IRQHandler                          0x08000273   Thumb Code     0  startup_stm32f303xe.o(.text)
    TIM6_DAC_IRQHandler                      0x08000273   Thumb Code     0  startup_stm32f303xe.o(.text)
    TIM7_IRQHandler                          0x08000273   Thumb Code     0  startup_stm32f303xe.o(.text)
    TIM8_BRK_IRQHandler                      0x08000273   Thumb Code     0  startup_stm32f303xe.o(.text)
    TIM8_CC_IRQHandler                       0x08000273   Thumb Code     0  startup_stm32f303xe.o(.text)
    TIM8_TRG_COM_IRQHandler                  0x08000273   Thumb Code     0  startup_stm32f303xe.o(.text)
    TIM8_UP_IRQHandler                       0x08000273   Thumb Code     0  startup_stm32f303xe.o(.text)
    UART4_IRQHandler                         0x08000273   Thumb Code     0  startup_stm32f303xe.o(.text)
    UART5_IRQHandler                         0x08000273   Thumb Code     0  startup_stm32f303xe.o(.text)
    USART1_IRQHandler                        0x08000273   Thumb Code     0  startup_stm32f303xe.o(.text)
    USART3_IRQHandler                        0x08000273   Thumb Code     0  startup_stm32f303xe.o(.text)
    USBWakeUp_IRQHandler                     0x08000273   Thumb Code     0  startup_stm32f303xe.o(.text)
    USBWakeUp_RMP_IRQHandler                 0x08000273   Thumb Code     0  startup_stm32f303xe.o(.text)
    USB_HP_CAN_TX_IRQHandler                 0x08000273   Thumb Code     0  startup_stm32f303xe.o(.text)
    USB_HP_IRQHandler                        0x08000273   Thumb Code     0  startup_stm32f303xe.o(.text)
    USB_LP_CAN_RX0_IRQHandler                0x08000273   Thumb Code     0  startup_stm32f303xe.o(.text)
    USB_LP_IRQHandler                        0x08000273   Thumb Code     0  startup_stm32f303xe.o(.text)
    WWDG_IRQHandler                          0x08000273   Thumb Code     0  startup_stm32f303xe.o(.text)
    __aeabi_memcpy                           0x0800027d   Thumb Code    36  memcpya.o(.text)
    __aeabi_memcpy4                          0x0800027d   Thumb Code     0  memcpya.o(.text)
    __aeabi_memcpy8                          0x0800027d   Thumb Code     0  memcpya.o(.text)
    __aeabi_memset                           0x080002a1   Thumb Code    14  memseta.o(.text)
    __aeabi_memset4                          0x080002a1   Thumb Code     0  memseta.o(.text)
    __aeabi_memset8                          0x080002a1   Thumb Code     0  memseta.o(.text)
    __aeabi_memclr                           0x080002af   Thumb Code     4  memseta.o(.text)
    __aeabi_memclr4                          0x080002af   Thumb Code     0  memseta.o(.text)
    __aeabi_memclr8                          0x080002af   Thumb Code     0  memseta.o(.text)
    _memset$wrapper                          0x080002b3   Thumb Code    18  memseta.o(.text)
    __aeabi_ui2d                             0x080002c5   Thumb Code    26  dfltui.o(.text)
    __aeabi_d2uiz                            0x080002df   Thumb Code    50  dfixui.o(.text)
    __aeabi_llsr                             0x08000311   Thumb Code    32  llushr.o(.text)
    _ll_ushift_r                             0x08000311   Thumb Code     0  llushr.o(.text)
    __I$use$fp                               0x08000331   Thumb Code     0  iusefp.o(.text)
    _double_round                            0x08000331   Thumb Code    30  depilogue.o(.text)
    _double_epilogue                         0x0800034f   Thumb Code   156  depilogue.o(.text)
    __aeabi_dadd                             0x080003eb   Thumb Code   322  dadd.o(.text)
    __aeabi_dsub                             0x0800052d   Thumb Code     6  dadd.o(.text)
    __aeabi_drsub                            0x08000533   Thumb Code     6  dadd.o(.text)
    __aeabi_dmul                             0x08000539   Thumb Code   228  dmul.o(.text)
    __aeabi_ddiv                             0x0800061d   Thumb Code   222  ddiv.o(.text)
    __ARM_scalbn                             0x080006fb   Thumb Code    46  dscalb.o(.text)
    scalbn                                   0x080006fb   Thumb Code     0  dscalb.o(.text)
    __aeabi_i2d                              0x08000729   Thumb Code    34  dflti.o(.text)
    __aeabi_cdrcmple                         0x0800074d   Thumb Code    48  cdrcmple.o(.text)
    __scatterload                            0x0800077d   Thumb Code    28  init.o(.text)
    __scatterload_rt2                        0x0800077d   Thumb Code     0  init.o(.text)
    __aeabi_llsl                             0x080007a1   Thumb Code    30  llshl.o(.text)
    _ll_shift_l                              0x080007a1   Thumb Code     0  llshl.o(.text)
    __aeabi_lasr                             0x080007bf   Thumb Code    36  llsshr.o(.text)
    _ll_sshift_r                             0x080007bf   Thumb Code     0  llsshr.o(.text)
    _dsqrt                                   0x080007e3   Thumb Code   162  dsqrt.o(.text)
    ADC_DMA_Reconfig                         0x080009e5   Thumb Code   238  adc.o(i.ADC_DMA_Reconfig)
    ADC_DMA_Stop                             0x08000ae5   Thumb Code    28  adc.o(i.ADC_DMA_Stop)
    ADC_set_sampling_time                    0x08000c31   Thumb Code   170  adc.o(i.ADC_set_sampling_time)
    CmdParserTask                            0x08000ce9   Thumb Code   320  cmd_parser.o(i.CmdParserTask)
    CommTask                                 0x08000e81   Thumb Code   734  comms.o(i.CommTask)
    DACDisableOutput                         0x080011ad   Thumb Code    30  dac.o(i.DACDisableOutput)
    DACEnableOutput                          0x080011cb   Thumb Code    30  dac.o(i.DACEnableOutput)
    DACSetOutputBuffer                       0x080011e9   Thumb Code     8  dac.o(i.DACSetOutputBuffer)
    DACUnsetOutputBuffer                     0x080011f5   Thumb Code     8  dac.o(i.DACUnsetOutputBuffer)
    DAC_DMA_Reconfig                         0x08001275   Thumb Code    54  dac.o(i.DAC_DMA_Reconfig)
    DMA_GetCurrDataCounter                   0x080012b1   Thumb Code   230  adc.o(i.DMA_GetCurrDataCounter)
    GeneratingDisable                        0x080013c9   Thumb Code    28  dac.o(i.GeneratingDisable)
    GeneratingEnable                         0x080013e9   Thumb Code    16  dac.o(i.GeneratingEnable)
    GeneratorTask                            0x080013f9   Thumb Code   124  generator.o(i.GeneratorTask)
    GetNumOfChannels                         0x0800147d   Thumb Code     8  scope.o(i.GetNumOfChannels)
    HAL_ADC_ConfigChannel                    0x08001489   Thumb Code  1194  stm32f3xx_hal_adc_ex.o(i.HAL_ADC_ConfigChannel)
    HAL_ADC_ConvCpltCallback                 0x0800194d   Thumb Code     2  stm32f3xx_hal_adc.o(i.HAL_ADC_ConvCpltCallback)
    HAL_ADC_ConvHalfCpltCallback             0x0800194f   Thumb Code     2  stm32f3xx_hal_adc.o(i.HAL_ADC_ConvHalfCpltCallback)
    HAL_ADC_DeInit                           0x08001951   Thumb Code   546  stm32f3xx_hal_adc_ex.o(i.HAL_ADC_DeInit)
    HAL_ADC_ErrorCallback                    0x08001ba1   Thumb Code     2  stm32f3xx_hal_adc.o(i.HAL_ADC_ErrorCallback)
    HAL_ADC_Init                             0x08001ba5   Thumb Code   624  stm32f3xx_hal_adc_ex.o(i.HAL_ADC_Init)
    HAL_ADC_MspDeInit                        0x08001e2d   Thumb Code   214  adc.o(i.HAL_ADC_MspDeInit)
    HAL_ADC_MspInit                          0x08001f25   Thumb Code   632  adc.o(i.HAL_ADC_MspInit)
    HAL_ADC_Start_DMA                        0x080021d9   Thumb Code   206  stm32f3xx_hal_adc_ex.o(i.HAL_ADC_Start_DMA)
    HAL_ADC_Stop_DMA                         0x080022c1   Thumb Code   120  stm32f3xx_hal_adc_ex.o(i.HAL_ADC_Stop_DMA)
    HAL_DACEx_ConvCpltCallbackCh2            0x08002339   Thumb Code     2  stm32f3xx_hal_dac_ex.o(i.HAL_DACEx_ConvCpltCallbackCh2)
    HAL_DACEx_ConvHalfCpltCallbackCh2        0x0800233b   Thumb Code     2  stm32f3xx_hal_dac_ex.o(i.HAL_DACEx_ConvHalfCpltCallbackCh2)
    HAL_DACEx_ErrorCallbackCh2               0x0800233d   Thumb Code     2  stm32f3xx_hal_dac_ex.o(i.HAL_DACEx_ErrorCallbackCh2)
    HAL_DAC_ConfigChannel                    0x0800233f   Thumb Code    90  stm32f3xx_hal_dac.o(i.HAL_DAC_ConfigChannel)
    HAL_DAC_ConvCpltCallbackCh1              0x08002399   Thumb Code     2  stm32f3xx_hal_dac.o(i.HAL_DAC_ConvCpltCallbackCh1)
    HAL_DAC_ConvHalfCpltCallbackCh1          0x0800239b   Thumb Code     2  stm32f3xx_hal_dac.o(i.HAL_DAC_ConvHalfCpltCallbackCh1)
    HAL_DAC_ErrorCallbackCh1                 0x0800239d   Thumb Code     2  stm32f3xx_hal_dac.o(i.HAL_DAC_ErrorCallbackCh1)
    HAL_DAC_Init                             0x0800239f   Thumb Code    36  stm32f3xx_hal_dac.o(i.HAL_DAC_Init)
    HAL_DAC_MspInit                          0x080023c5   Thumb Code   186  dac.o(i.HAL_DAC_MspInit)
    HAL_DAC_Start_DMA                        0x08002499   Thumb Code   266  stm32f3xx_hal_dac_ex.o(i.HAL_DAC_Start_DMA)
    HAL_DAC_Stop                             0x080025bd   Thumb Code    24  stm32f3xx_hal_dac.o(i.HAL_DAC_Stop)
    HAL_DAC_Stop_DMA                         0x080025d5   Thumb Code    74  stm32f3xx_hal_dac.o(i.HAL_DAC_Stop_DMA)
    HAL_DMA_Abort                            0x0800261f   Thumb Code    98  stm32f3xx_hal_dma.o(i.HAL_DMA_Abort)
    HAL_DMA_DeInit                           0x08002681   Thumb Code  1112  stm32f3xx_hal_dma.o(i.HAL_DMA_DeInit)
    HAL_DMA_Init                             0x08002ae1   Thumb Code    72  stm32f3xx_hal_dma.o(i.HAL_DMA_Init)
    HAL_DMA_Start_IT                         0x08002b29   Thumb Code   118  stm32f3xx_hal_dma.o(i.HAL_DMA_Start_IT)
    HAL_GPIO_DeInit                          0x08002ba1   Thumb Code   200  stm32f3xx_hal_gpio.o(i.HAL_GPIO_DeInit)
    HAL_GPIO_Init                            0x08002c71   Thumb Code   428  stm32f3xx_hal_gpio.o(i.HAL_GPIO_Init)
    HAL_GetHalVersion                        0x08002e3d   Thumb Code     4  stm32f3xx_hal.o(i.HAL_GetHalVersion)
    HAL_GetTick                              0x08002e45   Thumb Code     6  stm32f3xx_hal.o(i.HAL_GetTick)
    HAL_IncTick                              0x08002e51   Thumb Code    12  stm32f3xx_hal.o(i.HAL_IncTick)
    HAL_Init                                 0x08002e61   Thumb Code    34  stm32f3xx_hal.o(i.HAL_Init)
    HAL_InitTick                             0x08002e89   Thumb Code    36  stm32f3xx_hal.o(i.HAL_InitTick)
    HAL_MspInit                              0x08002ead   Thumb Code    32  stm32f3xx_hal_msp.o(i.HAL_MspInit)
    HAL_NVIC_ClearPendingIRQ                 0x08002ed1   Thumb Code    22  stm32f3xx_hal_cortex.o(i.HAL_NVIC_ClearPendingIRQ)
    HAL_NVIC_EnableIRQ                       0x08002eed   Thumb Code    26  stm32f3xx_hal_cortex.o(i.HAL_NVIC_EnableIRQ)
    HAL_NVIC_SetPriority                     0x08002f07   Thumb Code   124  stm32f3xx_hal_cortex.o(i.HAL_NVIC_SetPriority)
    HAL_NVIC_SetPriorityGrouping             0x08002f85   Thumb Code    32  stm32f3xx_hal_cortex.o(i.HAL_NVIC_SetPriorityGrouping)
    HAL_RCCEx_PeriphCLKConfig                0x08002fad   Thumb Code   802  stm32f3xx_hal_rcc_ex.o(i.HAL_RCCEx_PeriphCLKConfig)
    HAL_RCC_ClockConfig                      0x080032dd   Thumb Code  1072  stm32f3xx_hal_rcc.o(i.HAL_RCC_ClockConfig)
    HAL_RCC_GetHCLKFreq                      0x08003711   Thumb Code    42  stm32f3xx_hal_rcc.o(i.HAL_RCC_GetHCLKFreq)
    HAL_RCC_GetPCLK1Freq                     0x08003749   Thumb Code    36  stm32f3xx_hal_rcc.o(i.HAL_RCC_GetPCLK1Freq)
    HAL_RCC_GetPCLK2Freq                     0x08003775   Thumb Code    36  stm32f3xx_hal_rcc.o(i.HAL_RCC_GetPCLK2Freq)
    HAL_RCC_GetSysClockFreq                  0x080037a1   Thumb Code   130  stm32f3xx_hal_rcc_ex.o(i.HAL_RCC_GetSysClockFreq)
    HAL_RCC_OscConfig                        0x08003835   Thumb Code  2114  stm32f3xx_hal_rcc_ex.o(i.HAL_RCC_OscConfig)
    HAL_SYSTICK_CLKSourceConfig              0x0800407d   Thumb Code    40  stm32f3xx_hal_cortex.o(i.HAL_SYSTICK_CLKSourceConfig)
    HAL_SYSTICK_Config                       0x080040a5   Thumb Code    52  stm32f3xx_hal_cortex.o(i.HAL_SYSTICK_Config)
    HAL_TIMEx_MasterConfigSynchronization    0x080040d9   Thumb Code   106  stm32f3xx_hal_tim_ex.o(i.HAL_TIMEx_MasterConfigSynchronization)
    HAL_TIM_Base_Init                        0x08004151   Thumb Code    46  stm32f3xx_hal_tim.o(i.HAL_TIM_Base_Init)
    HAL_TIM_Base_MspInit                     0x08004181   Thumb Code    62  tim.o(i.HAL_TIM_Base_MspInit)
    HAL_TIM_Base_Start                       0x080041d1   Thumb Code    30  stm32f3xx_hal_tim.o(i.HAL_TIM_Base_Start)
    HAL_TIM_Base_Stop                        0x080041ef   Thumb Code    56  stm32f3xx_hal_tim.o(i.HAL_TIM_Base_Stop)
    HAL_TIM_ConfigClockSource                0x08004229   Thumb Code   308  stm32f3xx_hal_tim.o(i.HAL_TIM_ConfigClockSource)
    HAL_UART_Init                            0x08004361   Thumb Code   114  stm32f3xx_hal_uart.o(i.HAL_UART_Init)
    HAL_UART_MspInit                         0x080043d5   Thumb Code    88  usart.o(i.HAL_UART_MspInit)
    LED_Off                                  0x08004435   Thumb Code     2  gpio.o(i.LED_Off)
    LED_On                                   0x08004437   Thumb Code     2  gpio.o(i.LED_On)
    MX_ADC1_Init                             0x08004439   Thumb Code   104  adc.o(i.MX_ADC1_Init)
    MX_ADC2_Init                             0x080044ad   Thumb Code   100  adc.o(i.MX_ADC2_Init)
    MX_ADC3_Init                             0x08004521   Thumb Code   100  adc.o(i.MX_ADC3_Init)
    MX_ADC4_Init                             0x08004595   Thumb Code   102  adc.o(i.MX_ADC4_Init)
    MX_DAC_Init                              0x0800460d   Thumb Code    50  dac.o(i.MX_DAC_Init)
    MX_DMA_Init                              0x0800464d   Thumb Code    24  dma.o(i.MX_DMA_Init)
    MX_GPIO_Init                             0x08004669   Thumb Code   100  gpio.o(i.MX_GPIO_Init)
    MX_TIM3_Init                             0x080046d9   Thumb Code    62  tim.o(i.MX_TIM3_Init)
    MX_TIM6_Init                             0x08004721   Thumb Code    52  tim.o(i.MX_TIM6_Init)
    MX_TIM7_Init                             0x0800475d   Thumb Code    52  tim.o(i.MX_TIM7_Init)
    MX_USART2_UART_Init                      0x08004799   Thumb Code    40  usart.o(i.MX_USART2_UART_Init)
    ScopeTask                                0x08004801   Thumb Code   302  scope.o(i.ScopeTask)
    ScopeTriggerTask                         0x0800494d   Thumb Code   904  scope.o(i.ScopeTriggerTask)
    SysTick_Handler                          0x08004d4b   Thumb Code    18  stm32f3xx_it.o(i.SysTick_Handler)
    SystemClock_Config                       0x08004d5d   Thumb Code   126  clock.o(i.SystemClock_Config)
    SystemInit                               0x08004ddd   Thumb Code   104  system_stm32f3xx.o(i.SystemInit)
    TIMGenDisable                            0x08004e59   Thumb Code    16  tim.o(i.TIMGenDisable)
    TIMGenEnable                             0x08004e71   Thumb Code    16  tim.o(i.TIMGenEnable)
    TIMScopeDisable                          0x08004e89   Thumb Code    10  tim.o(i.TIMScopeDisable)
    TIMScopeEnable                           0x08004e99   Thumb Code    10  tim.o(i.TIMScopeEnable)
    TIM_Base_SetConfig                       0x08004ea9   Thumb Code   166  stm32f3xx_hal_tim.o(i.TIM_Base_SetConfig)
    TIM_ETR_SetConfig                        0x08004f71   Thumb Code    24  stm32f3xx_hal_tim.o(i.TIM_ETR_SetConfig)
    TIM_Reconfig                             0x08004f9d   Thumb Code   222  tim.o(i.TIM_Reconfig)
    TIM_Reconfig_gen                         0x0800507d   Thumb Code    42  tim.o(i.TIM_Reconfig_gen)
    TIM_Reconfig_scope                       0x080050b1   Thumb Code    18  tim.o(i.TIM_Reconfig_scope)
    UART_AdvFeatureConfig                    0x0800511f   Thumb Code   234  stm32f3xx_hal_uart.o(i.UART_AdvFeatureConfig)
    UART_CheckIdleState                      0x08005209   Thumb Code    94  stm32f3xx_hal_uart.o(i.UART_CheckIdleState)
    UART_SetConfig                           0x08005269   Thumb Code   642  stm32f3xx_hal_uart.o(i.UART_SetConfig)
    UART_WaitOnFlagUntilTimeout              0x08005511   Thumb Code   246  stm32f3xx_hal_uart.o(i.UART_WaitOnFlagUntilTimeout)
    UARTsendBuff                             0x08005607   Thumb Code    26  usart.o(i.UARTsendBuff)
    UARTsendChar                             0x08005621   Thumb Code    22  usart.o(i.UARTsendChar)
    USART2_IRQHandler                        0x0800563d   Thumb Code    22  stm32f3xx_it.o(i.USART2_IRQHandler)
    __ARM_fpclassify                         0x08005659   Thumb Code    48  fpclassify.o(i.__ARM_fpclassify)
    __hardfp_pow                             0x08005689   Thumb Code  3072  pow.o(i.__hardfp_pow)
    __kernel_poly                            0x080062d9   Thumb Code   248  poly.o(i.__kernel_poly)
    __mathlib_dbl_divzero                    0x080063d1   Thumb Code    28  dunder.o(i.__mathlib_dbl_divzero)
    __mathlib_dbl_infnan2                    0x08006401   Thumb Code    20  dunder.o(i.__mathlib_dbl_infnan2)
    __mathlib_dbl_invalid                    0x08006419   Thumb Code    24  dunder.o(i.__mathlib_dbl_invalid)
    __mathlib_dbl_overflow                   0x08006439   Thumb Code    24  dunder.o(i.__mathlib_dbl_overflow)
    __mathlib_dbl_underflow                  0x08006459   Thumb Code    24  dunder.o(i.__mathlib_dbl_underflow)
    __scatterload_copy                       0x08006479   Thumb Code    14  handlers.o(i.__scatterload_copy)
    __scatterload_null                       0x08006487   Thumb Code     2  handlers.o(i.__scatterload_null)
    __scatterload_zeroinit                   0x08006489   Thumb Code    14  handlers.o(i.__scatterload_zeroinit)
    __set_errno                              0x08006499   Thumb Code     6  errno.o(i.__set_errno)
    adcSetResolution                         0x080064a5   Thumb Code   126  adc.o(i.adcSetResolution)
    clearGenBuffer                           0x08006549   Thumb Code    22  generator.o(i.clearGenBuffer)
    commBufferReadByte                       0x08006565   Thumb Code    92  comms.o(i.commBufferReadByte)
    commBufferReadNBytes                     0x080065c5   Thumb Code    38  comms.o(i.commBufferReadNBytes)
    commBufferStoreByte                      0x080065ed   Thumb Code    90  comms.o(i.commBufferStoreByte)
    commInputByte                            0x0800664d   Thumb Code    44  comms.o(i.commInputByte)
    commsInit                                0x0800668d   Thumb Code    28  comms.o(i.commsInit)
    commsRecieveUART                         0x080066b1   Thumb Code    12  comms_hal.o(i.commsRecieveUART)
    commsSend                                0x080066bd   Thumb Code    12  comms_hal.o(i.commsSend)
    commsSendBuff                            0x080066c9   Thumb Code    16  comms_hal.o(i.commsSendBuff)
    commsSendString                          0x080066d9   Thumb Code    30  comms_hal.o(i.commsSendString)
    commsSendUint32                          0x080066f7   Thumb Code    38  comms_hal.o(i.commsSendUint32)
    fabs                                     0x0800671d   Thumb Code    24  fabs.o(i.fabs)
    genDataOKSendNext                        0x08006735   Thumb Code    18  generator.o(i.genDataOKSendNext)
    genGetRealSmplFreq                       0x08006759   Thumb Code    12  generator.o(i.genGetRealSmplFreq)
    genInit                                  0x08006769   Thumb Code    72  generator.o(i.genInit)
    genSendRealSamplingFreq                  0x080067b5   Thumb Code    18  generator.o(i.genSendRealSamplingFreq)
    genSetData                               0x080067dd   Thumb Code   124  generator.o(i.genSetData)
    genSetFrequency                          0x0800686d   Thumb Code    56  generator.o(i.genSetFrequency)
    genSetLength                             0x080068ad   Thumb Code    68  generator.o(i.genSetLength)
    genSetNumOfChannels                      0x08006905   Thumb Code   124  generator.o(i.genSetNumOfChannels)
    genSetOutputBuffer                       0x08006999   Thumb Code     8  generator.o(i.genSetOutputBuffer)
    genStart                                 0x080069a1   Thumb Code    18  generator.o(i.genStart)
    genStatusOK                              0x080069c1   Thumb Code    18  generator.o(i.genStatusOK)
    genStop                                  0x080069e1   Thumb Code    18  generator.o(i.genStop)
    genUnsetOutputBuffer                     0x08006a01   Thumb Code     8  generator.o(i.genUnsetOutputBuffer)
    generatorSetDefault                      0x08006a09   Thumb Code    64  generator.o(i.generatorSetDefault)
    getADCRes                                0x08006a51   Thumb Code     6  scope.o(i.getADCRes)
    getBytesAvailable                        0x08006a5d   Thumb Code    54  comms.o(i.getBytesAvailable)
    getDataPointer                           0x08006a99   Thumb Code    10  scope.o(i.getDataPointer)
    getMaxScopeSamplingFreq                  0x08006aa9   Thumb Code    32  tim.o(i.getMaxScopeSamplingFreq)
    getOneChanMemSize                        0x08006ad1   Thumb Code     6  scope.o(i.getOneChanMemSize)
    getPretrigger                            0x08006add   Thumb Code     6  scope.o(i.getPretrigger)
    getSamples                               0x08006ae9   Thumb Code     6  scope.o(i.getSamples)
    getScopeState                            0x08006af5   Thumb Code     8  scope.o(i.getScopeState)
    getTriggerIndex                          0x08006b01   Thumb Code     6  scope.o(i.getTriggerIndex)
    giveNextCmd                              0x08006b0d   Thumb Code    56  cmd_parser.o(i.giveNextCmd)
    main                                     0x08006b4d   Thumb Code   188  main.o(i.main)
    osDelay                                  0x08006c1b   Thumb Code    24  cmsis_os.o(i.osDelay)
    osKernelStart                            0x08006c33   Thumb Code    24  cmsis_os.o(i.osKernelStart)
    osThreadCreate                           0x08006c4b   Thumb Code    50  cmsis_os.o(i.osThreadCreate)
    parseCommsCmd                            0x08006c7d   Thumb Code    66  cmd_parser.o(i.parseCommsCmd)
    parseGeneratorCmd                        0x08006ce9   Thumb Code   564  cmd_parser.o(i.parseGeneratorCmd)
    parseScopeCmd                            0x08006f6d   Thumb Code  1470  cmd_parser.o(i.parseScopeCmd)
    parseSystemCmd                           0x08007561   Thumb Code    66  cmd_parser.o(i.parseSystemCmd)
    printErrResponse                         0x080075cd   Thumb Code   112  cmd_parser.o(i.printErrResponse)
    pvPortMalloc                             0x080079e1   Thumb Code   166  heap_2.o(i.pvPortMalloc)
    pxPortInitialiseStack                    0x08007a99   Thumb Code    34  port.o(i.pxPortInitialiseStack)
    samplesPassed                            0x08007ac1   Thumb Code    26  scope.o(i.samplesPassed)
    samplingDisable                          0x08007ae1   Thumb Code     8  adc.o(i.samplingDisable)
    samplingEnable                           0x08007ae9   Thumb Code     8  adc.o(i.samplingEnable)
    scopeGetRanges                           0x08007af1   Thumb Code    10  scope.o(i.scopeGetRanges)
    scopeGetRealSmplFreq                     0x08007b01   Thumb Code     6  scope.o(i.scopeGetRealSmplFreq)
    scopeInit                                0x08007b0d   Thumb Code    76  scope.o(i.scopeInit)
    scopeRestart                             0x08007b61   Thumb Code    18  scope.o(i.scopeRestart)
    scopeSetDataDepth                        0x08007b85   Thumb Code   154  scope.o(i.scopeSetDataDepth)
    scopeSetDefault                          0x08007c41   Thumb Code   132  scope.o(i.scopeSetDefault)
    scopeSetNumOfChannels                    0x08007cdd   Thumb Code   188  scope.o(i.scopeSetNumOfChannels)
    scopeSetNumOfSamples                     0x08007db5   Thumb Code    62  scope.o(i.scopeSetNumOfSamples)
    scopeSetPretrigger                       0x08007e0d   Thumb Code    30  scope.o(i.scopeSetPretrigger)
    scopeSetSamplingFreq                     0x08007e35   Thumb Code    72  scope.o(i.scopeSetSamplingFreq)
    scopeSetTrigChannel                      0x08007e99   Thumb Code    56  scope.o(i.scopeSetTrigChannel)
    scopeSetTrigLevel                        0x08007ee9   Thumb Code    30  scope.o(i.scopeSetTrigLevel)
    scopeSetTriggerEdge                      0x08007f11   Thumb Code    44  scope.o(i.scopeSetTriggerEdge)
    scopeSetTriggerMode                      0x08007f55   Thumb Code    30  scope.o(i.scopeSetTriggerMode)
    scopeStart                               0x08007f7d   Thumb Code    18  scope.o(i.scopeStart)
    scopeStop                                0x08007f9d   Thumb Code    18  scope.o(i.scopeStop)
    sendCommsConf                            0x08007fbd   Thumb Code    38  comms.o(i.sendCommsConf)
    sendGenConf                              0x08007ffd   Thumb Code    82  comms.o(i.sendGenConf)
    sendScopeConf                            0x0800806d   Thumb Code   132  comms.o(i.sendScopeConf)
    sendSystConf                             0x0800811d   Thumb Code    36  comms.o(i.sendSystConf)
    sendSystemVersion                        0x08008155   Thumb Code   118  comms.o(i.sendSystemVersion)
    sqrt                                     0x08008211   Thumb Code   110  sqrt.o(i.sqrt)
    updateTrigger                            0x08008281   Thumb Code    66  scope.o(i.updateTrigger)
    uxListRemove                             0x080082d5   Thumb Code    40  list.o(i.uxListRemove)
    vApplicationStackOverflowHook            0x080082fd   Thumb Code     2  freertos.o(i.vApplicationStackOverflowHook)
    vListInitialise                          0x080082ff   Thumb Code    26  list.o(i.vListInitialise)
    vListInitialiseItem                      0x08008319   Thumb Code     6  list.o(i.vListInitialiseItem)
    vListInsert                              0x0800831f   Thumb Code    52  list.o(i.vListInsert)
    vListInsertEnd                           0x08008353   Thumb Code    24  list.o(i.vListInsertEnd)
    vPortEnterCritical                       0x0800836d   Thumb Code    26  port.o(i.vPortEnterCritical)
    vPortExitCritical                        0x0800838d   Thumb Code    26  port.o(i.vPortExitCritical)
    vPortFree                                0x080083ad   Thumb Code    56  heap_2.o(i.vPortFree)
    vPortSetupTimerInterrupt                 0x080083ed   Thumb Code    26  port.o(i.vPortSetupTimerInterrupt)
    vPortValidateInterruptPriority           0x0800840d   Thumb Code    78  port.o(i.vPortValidateInterruptPriority)
    vPortYield                               0x08008469   Thumb Code    18  port.o(i.vPortYield)
    vTaskDelay                               0x08008481   Thumb Code    48  tasks.o(i.vTaskDelay)
    vTaskMissedYield                         0x080084b9   Thumb Code     8  tasks.o(i.vTaskMissedYield)
    vTaskPlaceOnEventList                    0x080084c5   Thumb Code    70  tasks.o(i.vTaskPlaceOnEventList)
    vTaskPriorityDisinherit                  0x08008519   Thumb Code    70  tasks.o(i.vTaskPriorityDisinherit)
    vTaskPriorityInherit                     0x08008569   Thumb Code   118  tasks.o(i.vTaskPriorityInherit)
    vTaskSetTimeOutState                     0x080085ed   Thumb Code    28  tasks.o(i.vTaskSetTimeOutState)
    vTaskStartScheduler                      0x08008611   Thumb Code    64  tasks.o(i.vTaskStartScheduler)
    vTaskSuspendAll                          0x08008665   Thumb Code    12  tasks.o(i.vTaskSuspendAll)
    vTaskSwitchContext                       0x08008675   Thumb Code   150  tasks.o(i.vTaskSwitchContext)
    validateBuffUsage                        0x08008721   Thumb Code    34  scope.o(i.validateBuffUsage)
    xPortStartScheduler                      0x08008749   Thumb Code   156  port.o(i.xPortStartScheduler)
    xPortSysTickHandler                      0x080087fd   Thumb Code    28  port.o(i.xPortSysTickHandler)
    xQueueCreateMutex                        0x0800881d   Thumb Code    86  queue.o(i.xQueueCreateMutex)
    xQueueGenericCreate                      0x08008873   Thumb Code    92  queue.o(i.xQueueGenericCreate)
    xQueueGenericReceive                     0x080088cf   Thumb Code   320  queue.o(i.xQueueGenericReceive)
    xQueueGenericReset                       0x08008a0f   Thumb Code   120  queue.o(i.xQueueGenericReset)
    xQueueGenericSend                        0x08008a87   Thumb Code   282  queue.o(i.xQueueGenericSend)
    xQueueGenericSendFromISR                 0x08008ba1   Thumb Code   172  queue.o(i.xQueueGenericSendFromISR)
    xQueueGiveMutexRecursive                 0x08008c4d   Thumb Code    58  queue.o(i.xQueueGiveMutexRecursive)
    xQueueTakeMutexRecursive                 0x08008c87   Thumb Code    70  queue.o(i.xQueueTakeMutexRecursive)
    xTaskCheckForTimeOut                     0x08008ccd   Thumb Code   108  tasks.o(i.xTaskCheckForTimeOut)
    xTaskGenericCreate                       0x08008d41   Thumb Code   286  tasks.o(i.xTaskGenericCreate)
    xTaskGetCurrentTaskHandle                0x08008e79   Thumb Code     6  tasks.o(i.xTaskGetCurrentTaskHandle)
    xTaskGetSchedulerState                   0x08008e85   Thumb Code    24  tasks.o(i.xTaskGetSchedulerState)
    xTaskIncrementTick                       0x08008ea5   Thumb Code   306  tasks.o(i.xTaskIncrementTick)
    xTaskRemoveFromEventList                 0x08009005   Thumb Code   112  tasks.o(i.xTaskRemoveFromEventList)
    xTaskResumeAll                           0x0800908d   Thumb Code   198  tasks.o(i.xTaskResumeAll)
    APBAHBPrescTable                         0x080091ec   Data          16  stm32f3xx_hal_rcc.o(.constdata)
    PLLMULFactorTable                        0x080091fc   Data          16  stm32f3xx_hal_rcc_ex.o(.constdata)
    PredivFactorTable                        0x0800920c   Data          16  stm32f3xx_hal_rcc_ex.o(.constdata)
    RANGES                                   0x0800921c   Data          16  scope.o(.constdata)
    __mathlib_zero                           0x080092b8   Data           8  qnan.o(.constdata)
    Region$$Table$$Base                      0x08009314   Number         0  anon$$obj.o(Region$$Table)
    Region$$Table$$Limit                     0x08009334   Number         0  anon$$obj.o(Region$$Table)
    outputBuffEn                             0x20000000   Data           4  dac.o(.data)
    ADCResolution                            0x2000000c   Data           4  adc.o(.data)
    ADCSamplingTime                          0x20000010   Data           4  adc.o(.data)
    SystemCoreClock                          0x20000014   Data           4  system_stm32f3xx.o(.data)
    AHBPrescTable                            0x20000018   Data          16  system_stm32f3xx.o(.data)
    pxCurrentTCB                             0x2000002c   Data           4  tasks.o(.data)
    cmdParserMessageQueue                    0x20000088   Data           4  cmd_parser.o(.data)
    messageQueue                             0x2000008c   Data           4  comms.o(.data)
    scopeMessageQueue                        0x20000094   Data           4  scope.o(.data)
    blindBuffer                              0x20000098   Data           4  scope.o(.data)
    actualIndex                              0x200000b8   Data           4  scope.o(.data)
    data                                     0x200000bc   Data           2  scope.o(.data)
    samplesTaken                             0x200000c0   Data           4  scope.o(.data)
    totalSmpTaken                            0x200000c4   Data           4  scope.o(.data)
    SmpBeforeTrig                            0x200000c8   Data           4  scope.o(.data)
    SmpAfterTrig                             0x200000cc   Data           4  scope.o(.data)
    generatorMessageQueue                    0x200000d0   Data           4  generator.o(.data)
    blindValue                               0x200000d4   Data           2  generator.o(.data)
    htim_scope                               0x200000dc   Data          60  tim.o(.bss)
    htim6                                    0x20000118   Data          60  tim.o(.bss)
    htim7                                    0x20000154   Data          60  tim.o(.bss)
    hdac                                     0x20000190   Data          20  dac.o(.bss)
    hdma_dac1_ch1                            0x200001a4   Data          56  dac.o(.bss)
    hdma_dac1_ch2                            0x200001dc   Data          56  dac.o(.bss)
    hadc1                                    0x20000214   Data          76  adc.o(.bss)
    hadc2                                    0x20000260   Data          76  adc.o(.bss)
    hadc3                                    0x200002ac   Data          76  adc.o(.bss)
    hadc4                                    0x200002f8   Data          76  adc.o(.bss)
    hdma_adc1                                0x20000344   Data          56  adc.o(.bss)
    hdma_adc2                                0x2000037c   Data          56  adc.o(.bss)
    hdma_adc3                                0x200003b4   Data          56  adc.o(.bss)
    hdma_adc4                                0x200003ec   Data          56  adc.o(.bss)
    huart2                                   0x20000424   Data         108  usart.o(.bss)
    scopeBuffer                              0x2000278c   Data       50400  scope.o(.bss)
    generatorBuffer                          0x2000ecd8   Data        2000  generator.o(.bss)
    __initial_sp                             0x2000f8a8   Data           0  startup_stm32f303xe.o(STACK)



==============================================================================

Memory Map of the image

  Image Entry point : 0x08000195

  Load Region LR_IROM1 (Base: 0x08000000, Size: 0x00009410, Max: 0x00080000, ABSOLUTE)

    Execution Region ER_IROM1 (Base: 0x08000000, Size: 0x00009334, Max: 0x00080000, ABSOLUTE)

    Base Addr    Size         Type   Attr      Idx    E Section Name        Object

    0x08000000   0x00000194   Data   RO          839    RESET               startup_stm32f303xe.o
    0x08000194   0x00000000   Code   RO         6011  * .ARM.Collect$$$$00000000  mc_w.l(entry.o)
    0x08000194   0x00000004   Code   RO         6061    .ARM.Collect$$$$00000001  mc_w.l(entry2.o)
    0x08000198   0x00000004   Code   RO         6064    .ARM.Collect$$$$00000004  mc_w.l(entry5.o)
    0x0800019c   0x00000000   Code   RO         6066    .ARM.Collect$$$$00000008  mc_w.l(entry7b.o)
    0x0800019c   0x00000000   Code   RO         6068    .ARM.Collect$$$$0000000A  mc_w.l(entry8b.o)
    0x0800019c   0x00000008   Code   RO         6069    .ARM.Collect$$$$0000000B  mc_w.l(entry9a.o)
    0x080001a4   0x00000000   Code   RO         6071    .ARM.Collect$$$$0000000D  mc_w.l(entry10a.o)
    0x080001a4   0x00000000   Code   RO         6073    .ARM.Collect$$$$0000000F  mc_w.l(entry11a.o)
    0x080001a4   0x00000004   Code   RO         6062    .ARM.Collect$$$$00002712  mc_w.l(entry2.o)
    0x080001a8   0x000000ae   Code   RO         5360    .emb_text           port.o
    0x08000256   0x00000002   PAD
    0x08000258   0x00000024   Code   RO          840    .text               startup_stm32f303xe.o
    0x0800027c   0x00000024   Code   RO         6014    .text               mc_w.l(memcpya.o)
    0x080002a0   0x00000024   Code   RO         6016    .text               mc_w.l(memseta.o)
    0x080002c4   0x0000001a   Code   RO         6020    .text               mf_w.l(dfltui.o)
    0x080002de   0x00000032   Code   RO         6022    .text               mf_w.l(dfixui.o)
    0x08000310   0x00000020   Code   RO         6075    .text               mc_w.l(llushr.o)
    0x08000330   0x00000000   Code   RO         6084    .text               mc_w.l(iusefp.o)
    0x08000330   0x000000ba   Code   RO         6085    .text               mf_w.l(depilogue.o)
    0x080003ea   0x0000014e   Code   RO         6087    .text               mf_w.l(dadd.o)
    0x08000538   0x000000e4   Code   RO         6089    .text               mf_w.l(dmul.o)
    0x0800061c   0x000000de   Code   RO         6091    .text               mf_w.l(ddiv.o)
    0x080006fa   0x0000002e   Code   RO         6095    .text               mf_w.l(dscalb.o)
    0x08000728   0x00000022   Code   RO         6097    .text               mf_w.l(dflti.o)
    0x0800074a   0x00000002   PAD
    0x0800074c   0x00000030   Code   RO         6099    .text               mf_w.l(cdrcmple.o)
    0x0800077c   0x00000024   Code   RO         6101    .text               mc_w.l(init.o)
    0x080007a0   0x0000001e   Code   RO         6103    .text               mc_w.l(llshl.o)
    0x080007be   0x00000024   Code   RO         6105    .text               mc_w.l(llsshr.o)
    0x080007e2   0x000000a2   Code   RO         6107    .text               mf_w.l(dsqrt.o)
    0x08000884   0x00000100   Code   RO         1319    i.ADC_ConversionStop  stm32f3xx_hal_adc_ex.o
    0x08000984   0x00000034   Code   RO         1320    i.ADC_DMAConvCplt   stm32f3xx_hal_adc_ex.o
    0x080009b8   0x0000001c   Code   RO         1321    i.ADC_DMAError      stm32f3xx_hal_adc_ex.o
    0x080009d4   0x0000000e   Code   RO         1322    i.ADC_DMAHalfConvCplt  stm32f3xx_hal_adc_ex.o
    0x080009e2   0x00000002   PAD
    0x080009e4   0x00000100   Code   RO          556    i.ADC_DMA_Reconfig  adc.o
    0x08000ae4   0x0000002c   Code   RO          557    i.ADC_DMA_Stop      adc.o
    0x08000b10   0x00000094   Code   RO         1323    i.ADC_Disable       stm32f3xx_hal_adc_ex.o
    0x08000ba4   0x0000008c   Code   RO         1324    i.ADC_Enable        stm32f3xx_hal_adc_ex.o
    0x08000c30   0x000000b8   Code   RO          558    i.ADC_set_sampling_time  adc.o
    0x08000ce8   0x00000198   Code   RO         5507    i.CmdParserTask     cmd_parser.o
    0x08000e80   0x0000032c   Code   RO         5572    i.CommTask          comms.o
    0x080011ac   0x0000001e   Code   RO          478    i.DACDisableOutput  dac.o
    0x080011ca   0x0000001e   Code   RO          479    i.DACEnableOutput   dac.o
    0x080011e8   0x0000000c   Code   RO          480    i.DACSetOutputBuffer  dac.o
    0x080011f4   0x0000000c   Code   RO          481    i.DACUnsetOutputBuffer  dac.o
    0x08001200   0x00000012   Code   RO         1784    i.DAC_DMAConvCpltCh1  stm32f3xx_hal_dac_ex.o
    0x08001212   0x00000012   Code   RO         1785    i.DAC_DMAConvCpltCh2  stm32f3xx_hal_dac_ex.o
    0x08001224   0x0000001a   Code   RO         1786    i.DAC_DMAErrorCh1   stm32f3xx_hal_dac_ex.o
    0x0800123e   0x0000001a   Code   RO         1787    i.DAC_DMAErrorCh2   stm32f3xx_hal_dac_ex.o
    0x08001258   0x0000000e   Code   RO         1788    i.DAC_DMAHalfConvCpltCh1  stm32f3xx_hal_dac_ex.o
    0x08001266   0x0000000e   Code   RO         1789    i.DAC_DMAHalfConvCpltCh2  stm32f3xx_hal_dac_ex.o
    0x08001274   0x0000003c   Code   RO          482    i.DAC_DMA_Reconfig  dac.o
    0x080012b0   0x000000f8   Code   RO          560    i.DMA_GetCurrDataCounter  adc.o
    0x080013a8   0x00000020   Code   RO         1906    i.DMA_SetConfig     stm32f3xx_hal_dma.o
    0x080013c8   0x00000020   Code   RO          483    i.GeneratingDisable  dac.o
    0x080013e8   0x00000010   Code   RO          484    i.GeneratingEnable  dac.o
    0x080013f8   0x00000084   Code   RO         5879    i.GeneratorTask     generator.o
    0x0800147c   0x0000000c   Code   RO         5677    i.GetNumOfChannels  scope.o
    0x08001488   0x000004c4   Code   RO         1342    i.HAL_ADC_ConfigChannel  stm32f3xx_hal_adc_ex.o
    0x0800194c   0x00000002   Code   RO         1175    i.HAL_ADC_ConvCpltCallback  stm32f3xx_hal_adc.o
    0x0800194e   0x00000002   Code   RO         1176    i.HAL_ADC_ConvHalfCpltCallback  stm32f3xx_hal_adc.o
    0x08001950   0x00000250   Code   RO         1343    i.HAL_ADC_DeInit    stm32f3xx_hal_adc_ex.o
    0x08001ba0   0x00000002   Code   RO         1178    i.HAL_ADC_ErrorCallback  stm32f3xx_hal_adc.o
    0x08001ba2   0x00000002   PAD
    0x08001ba4   0x00000288   Code   RO         1346    i.HAL_ADC_Init      stm32f3xx_hal_adc_ex.o
    0x08001e2c   0x000000f8   Code   RO          561    i.HAL_ADC_MspDeInit  adc.o
    0x08001f24   0x000002b4   Code   RO          562    i.HAL_ADC_MspInit   adc.o
    0x080021d8   0x000000e8   Code   RO         1350    i.HAL_ADC_Start_DMA  stm32f3xx_hal_adc_ex.o
    0x080022c0   0x00000078   Code   RO         1353    i.HAL_ADC_Stop_DMA  stm32f3xx_hal_adc_ex.o
    0x08002338   0x00000002   Code   RO         1790    i.HAL_DACEx_ConvCpltCallbackCh2  stm32f3xx_hal_dac_ex.o
    0x0800233a   0x00000002   Code   RO         1791    i.HAL_DACEx_ConvHalfCpltCallbackCh2  stm32f3xx_hal_dac_ex.o
    0x0800233c   0x00000002   Code   RO         1795    i.HAL_DACEx_ErrorCallbackCh2  stm32f3xx_hal_dac_ex.o
    0x0800233e   0x0000005a   Code   RO         1664    i.HAL_DAC_ConfigChannel  stm32f3xx_hal_dac.o
    0x08002398   0x00000002   Code   RO         1665    i.HAL_DAC_ConvCpltCallbackCh1  stm32f3xx_hal_dac.o
    0x0800239a   0x00000002   Code   RO         1666    i.HAL_DAC_ConvHalfCpltCallbackCh1  stm32f3xx_hal_dac.o
    0x0800239c   0x00000002   Code   RO         1669    i.HAL_DAC_ErrorCallbackCh1  stm32f3xx_hal_dac.o
    0x0800239e   0x00000024   Code   RO         1673    i.HAL_DAC_Init      stm32f3xx_hal_dac.o
    0x080023c2   0x00000002   PAD
    0x080023c4   0x000000d4   Code   RO          486    i.HAL_DAC_MspInit   dac.o
    0x08002498   0x00000124   Code   RO         1802    i.HAL_DAC_Start_DMA  stm32f3xx_hal_dac_ex.o
    0x080025bc   0x00000018   Code   RO         1678    i.HAL_DAC_Stop      stm32f3xx_hal_dac.o
    0x080025d4   0x0000004a   Code   RO         1679    i.HAL_DAC_Stop_DMA  stm32f3xx_hal_dac.o
    0x0800261e   0x00000062   Code   RO         1907    i.HAL_DMA_Abort     stm32f3xx_hal_dma.o
    0x08002680   0x00000460   Code   RO         1908    i.HAL_DMA_DeInit    stm32f3xx_hal_dma.o
    0x08002ae0   0x00000048   Code   RO         1912    i.HAL_DMA_Init      stm32f3xx_hal_dma.o
    0x08002b28   0x00000076   Code   RO         1915    i.HAL_DMA_Start_IT  stm32f3xx_hal_dma.o
    0x08002b9e   0x00000002   PAD
    0x08002ba0   0x000000d0   Code   RO         1979    i.HAL_GPIO_DeInit   stm32f3xx_hal_gpio.o
    0x08002c70   0x000001cc   Code   RO         1982    i.HAL_GPIO_Init     stm32f3xx_hal_gpio.o
    0x08002e3c   0x00000008   Code   RO         1052    i.HAL_GetHalVersion  stm32f3xx_hal.o
    0x08002e44   0x0000000c   Code   RO         1054    i.HAL_GetTick       stm32f3xx_hal.o
    0x08002e50   0x00000010   Code   RO         1055    i.HAL_IncTick       stm32f3xx_hal.o
    0x08002e60   0x00000028   Code   RO         1056    i.HAL_Init          stm32f3xx_hal.o
    0x08002e88   0x00000024   Code   RO         1057    i.HAL_InitTick      stm32f3xx_hal.o
    0x08002eac   0x00000024   Code   RO            3    i.HAL_MspInit       stm32f3xx_hal_msp.o
    0x08002ed0   0x0000001c   Code   RO         1544    i.HAL_NVIC_ClearPendingIRQ  stm32f3xx_hal_cortex.o
    0x08002eec   0x0000001a   Code   RO         1546    i.HAL_NVIC_EnableIRQ  stm32f3xx_hal_cortex.o
    0x08002f06   0x0000007c   Code   RO         1552    i.HAL_NVIC_SetPriority  stm32f3xx_hal_cortex.o
    0x08002f82   0x00000002   PAD
    0x08002f84   0x00000028   Code   RO         1553    i.HAL_NVIC_SetPriorityGrouping  stm32f3xx_hal_cortex.o
    0x08002fac   0x00000330   Code   RO         2905    i.HAL_RCCEx_PeriphCLKConfig  stm32f3xx_hal_rcc_ex.o
    0x080032dc   0x00000434   Code   RO         2804    i.HAL_RCC_ClockConfig  stm32f3xx_hal_rcc.o
    0x08003710   0x00000038   Code   RO         2809    i.HAL_RCC_GetHCLKFreq  stm32f3xx_hal_rcc.o
    0x08003748   0x0000002c   Code   RO         2811    i.HAL_RCC_GetPCLK1Freq  stm32f3xx_hal_rcc.o
    0x08003774   0x0000002c   Code   RO         2812    i.HAL_RCC_GetPCLK2Freq  stm32f3xx_hal_rcc.o
    0x080037a0   0x00000094   Code   RO         2907    i.HAL_RCC_GetSysClockFreq  stm32f3xx_hal_rcc_ex.o
    0x08003834   0x00000848   Code   RO         2908    i.HAL_RCC_OscConfig  stm32f3xx_hal_rcc_ex.o
    0x0800407c   0x00000028   Code   RO         1555    i.HAL_SYSTICK_CLKSourceConfig  stm32f3xx_hal_cortex.o
    0x080040a4   0x00000034   Code   RO         1557    i.HAL_SYSTICK_Config  stm32f3xx_hal_cortex.o
    0x080040d8   0x00000078   Code   RO         3843    i.HAL_TIMEx_MasterConfigSynchronization  stm32f3xx_hal_tim_ex.o
    0x08004150   0x0000002e   Code   RO         3196    i.HAL_TIM_Base_Init  stm32f3xx_hal_tim.o
    0x0800417e   0x00000002   PAD
    0x08004180   0x00000050   Code   RO          364    i.HAL_TIM_Base_MspInit  tim.o
    0x080041d0   0x0000001e   Code   RO         3199    i.HAL_TIM_Base_Start  stm32f3xx_hal_tim.o
    0x080041ee   0x00000038   Code   RO         3202    i.HAL_TIM_Base_Stop  stm32f3xx_hal_tim.o
    0x08004226   0x00000002   PAD
    0x08004228   0x00000138   Code   RO         3205    i.HAL_TIM_ConfigClockSource  stm32f3xx_hal_tim.o
    0x08004360   0x00000072   Code   RO         4110    i.HAL_UART_Init     stm32f3xx_hal_uart.o
    0x080043d2   0x00000002   PAD
    0x080043d4   0x00000060   Code   RO          709    i.HAL_UART_MspInit  usart.o
    0x08004434   0x00000002   Code   RO          658    i.LED_Off           gpio.o
    0x08004436   0x00000002   Code   RO          659    i.LED_On            gpio.o
    0x08004438   0x00000074   Code   RO          563    i.MX_ADC1_Init      adc.o
    0x080044ac   0x00000074   Code   RO          564    i.MX_ADC2_Init      adc.o
    0x08004520   0x00000074   Code   RO          565    i.MX_ADC3_Init      adc.o
    0x08004594   0x00000078   Code   RO          566    i.MX_ADC4_Init      adc.o
    0x0800460c   0x00000040   Code   RO          487    i.MX_DAC_Init       dac.o
    0x0800464c   0x0000001c   Code   RO          458    i.MX_DMA_Init       dma.o
    0x08004668   0x00000070   Code   RO          661    i.MX_GPIO_Init      gpio.o
    0x080046d8   0x00000048   Code   RO          365    i.MX_TIM3_Init      tim.o
    0x08004720   0x0000003c   Code   RO          366    i.MX_TIM6_Init      tim.o
    0x0800475c   0x0000003c   Code   RO          367    i.MX_TIM7_Init      tim.o
    0x08004798   0x00000030   Code   RO          710    i.MX_USART2_UART_Init  usart.o
    0x080047c8   0x00000010   Code   RO         1559    i.NVIC_GetPriorityGrouping  stm32f3xx_hal_cortex.o
    0x080047d8   0x00000028   Code   RO         1560    i.NVIC_SetPriority  stm32f3xx_hal_cortex.o
    0x08004800   0x0000014c   Code   RO         5678    i.ScopeTask         scope.o
    0x0800494c   0x000003e4   Code   RO         5679    i.ScopeTriggerTask  scope.o
    0x08004d30   0x0000001a   Code   RO          217    i.StartThread       main.o
    0x08004d4a   0x00000012   Code   RO          145    i.SysTick_Handler   stm32f3xx_it.o
    0x08004d5c   0x0000007e   Code   RO          819    i.SystemClock_Config  clock.o
    0x08004dda   0x00000002   PAD
    0x08004ddc   0x0000007c   Code   RO         1015    i.SystemInit        system_stm32f3xx.o
    0x08004e58   0x00000018   Code   RO          368    i.TIMGenDisable     tim.o
    0x08004e70   0x00000018   Code   RO          369    i.TIMGenEnable      tim.o
    0x08004e88   0x00000010   Code   RO          370    i.TIMScopeDisable   tim.o
    0x08004e98   0x00000010   Code   RO          371    i.TIMScopeEnable    tim.o
    0x08004ea8   0x000000c8   Code   RO         3282    i.TIM_Base_SetConfig  stm32f3xx_hal_tim.o
    0x08004f70   0x00000018   Code   RO         3286    i.TIM_ETR_SetConfig  stm32f3xx_hal_tim.o
    0x08004f88   0x00000014   Code   RO         3287    i.TIM_ITRx_SetConfig  stm32f3xx_hal_tim.o
    0x08004f9c   0x000000de   Code   RO          372    i.TIM_Reconfig      tim.o
    0x0800507a   0x00000002   PAD
    0x0800507c   0x00000034   Code   RO          373    i.TIM_Reconfig_gen  tim.o
    0x080050b0   0x00000018   Code   RO          374    i.TIM_Reconfig_scope  tim.o
    0x080050c8   0x0000002a   Code   RO         3292    i.TIM_TI1_ConfigInputStage  stm32f3xx_hal_tim.o
    0x080050f2   0x0000002c   Code   RO         3294    i.TIM_TI2_ConfigInputStage  stm32f3xx_hal_tim.o
    0x0800511e   0x000000ea   Code   RO         4124    i.UART_AdvFeatureConfig  stm32f3xx_hal_uart.o
    0x08005208   0x0000005e   Code   RO         4125    i.UART_CheckIdleState  stm32f3xx_hal_uart.o
    0x08005266   0x00000002   PAD
    0x08005268   0x000002a8   Code   RO         4133    i.UART_SetConfig    stm32f3xx_hal_uart.o
    0x08005510   0x000000f6   Code   RO         4135    i.UART_WaitOnFlagUntilTimeout  stm32f3xx_hal_uart.o
    0x08005606   0x0000001a   Code   RO          711    i.UARTsendBuff      usart.o
    0x08005620   0x0000001c   Code   RO          712    i.UARTsendChar      usart.o
    0x0800563c   0x0000001c   Code   RO          146    i.USART2_IRQHandler  stm32f3xx_it.o
    0x08005658   0x00000030   Code   RO         6044    i.__ARM_fpclassify  m_wm.l(fpclassify.o)
    0x08005688   0x00000c50   Code   RO         5997    i.__hardfp_pow      m_wm.l(pow.o)
    0x080062d8   0x000000f8   Code   RO         6046    i.__kernel_poly     m_wm.l(poly.o)
    0x080063d0   0x00000030   Code   RO         6024    i.__mathlib_dbl_divzero  m_wm.l(dunder.o)
    0x08006400   0x00000014   Code   RO         6026    i.__mathlib_dbl_infnan2  m_wm.l(dunder.o)
    0x08006414   0x00000004   PAD
    0x08006418   0x00000020   Code   RO         6027    i.__mathlib_dbl_invalid  m_wm.l(dunder.o)
    0x08006438   0x00000020   Code   RO         6028    i.__mathlib_dbl_overflow  m_wm.l(dunder.o)
    0x08006458   0x00000020   Code   RO         6030    i.__mathlib_dbl_underflow  m_wm.l(dunder.o)
    0x08006478   0x0000000e   Code   RO         6113    i.__scatterload_copy  mc_w.l(handlers.o)
    0x08006486   0x00000002   Code   RO         6114    i.__scatterload_null  mc_w.l(handlers.o)
    0x08006488   0x0000000e   Code   RO         6115    i.__scatterload_zeroinit  mc_w.l(handlers.o)
    0x08006496   0x00000002   PAD
    0x08006498   0x0000000c   Code   RO         6079    i.__set_errno       mc_w.l(errno.o)
    0x080064a4   0x000000a4   Code   RO          567    i.adcSetResolution  adc.o
    0x08006548   0x0000001c   Code   RO         5880    i.clearGenBuffer    generator.o
    0x08006564   0x00000060   Code   RO         5575    i.commBufferReadByte  comms.o
    0x080065c4   0x00000026   Code   RO         5576    i.commBufferReadNBytes  comms.o
    0x080065ea   0x00000002   PAD
    0x080065ec   0x00000060   Code   RO         5577    i.commBufferStoreByte  comms.o
    0x0800664c   0x00000040   Code   RO         5578    i.commInputByte     comms.o
    0x0800668c   0x00000024   Code   RO         5579    i.commsInit         comms.o
    0x080066b0   0x0000000c   Code   RO          758    i.commsRecieveUART  comms_hal.o
    0x080066bc   0x0000000c   Code   RO          759    i.commsSend         comms_hal.o
    0x080066c8   0x00000010   Code   RO          760    i.commsSendBuff     comms_hal.o
    0x080066d8   0x0000001e   Code   RO          761    i.commsSendString   comms_hal.o
    0x080066f6   0x00000026   Code   RO          762    i.commsSendUint32   comms_hal.o
    0x0800671c   0x00000018   Code   RO         6040    i.fabs              m_wm.l(fabs.o)
    0x08006734   0x00000024   Code   RO         5881    i.genDataOKSendNext  generator.o
    0x08006758   0x00000010   Code   RO         5882    i.genGetRealSmplFreq  generator.o
    0x08006768   0x0000004c   Code   RO         5883    i.genInit           generator.o
    0x080067b4   0x00000028   Code   RO         5884    i.genSendRealSamplingFreq  generator.o
    0x080067dc   0x00000090   Code   RO         5885    i.genSetData        generator.o
    0x0800686c   0x00000040   Code   RO         5886    i.genSetFrequency   generator.o
    0x080068ac   0x00000058   Code   RO         5887    i.genSetLength      generator.o
    0x08006904   0x00000094   Code   RO         5888    i.genSetNumOfChannels  generator.o
    0x08006998   0x00000008   Code   RO         5889    i.genSetOutputBuffer  generator.o
    0x080069a0   0x00000020   Code   RO         5890    i.genStart          generator.o
    0x080069c0   0x00000020   Code   RO         5891    i.genStatusOK       generator.o
    0x080069e0   0x00000020   Code   RO         5892    i.genStop           generator.o
    0x08006a00   0x00000008   Code   RO         5893    i.genUnsetOutputBuffer  generator.o
    0x08006a08   0x00000048   Code   RO         5894    i.generatorSetDefault  generator.o
    0x08006a50   0x0000000c   Code   RO         5680    i.getADCRes         scope.o
    0x08006a5c   0x0000003c   Code   RO         5580    i.getBytesAvailable  comms.o
    0x08006a98   0x00000010   Code   RO         5681    i.getDataPointer    scope.o
    0x08006aa8   0x00000028   Code   RO          375    i.getMaxScopeSamplingFreq  tim.o
    0x08006ad0   0x0000000c   Code   RO         5683    i.getOneChanMemSize  scope.o
    0x08006adc   0x0000000c   Code   RO         5684    i.getPretrigger     scope.o
    0x08006ae8   0x0000000c   Code   RO         5685    i.getSamples        scope.o
    0x08006af4   0x0000000c   Code   RO         5686    i.getScopeState     scope.o
    0x08006b00   0x0000000c   Code   RO         5687    i.getTriggerIndex   scope.o
    0x08006b0c   0x00000040   Code   RO         5508    i.giveNextCmd       cmd_parser.o
    0x08006b4c   0x000000c0   Code   RO          218    i.main              main.o
    0x08006c0c   0x0000000e   Code   RO         5011    i.makeFreeRtosPriority  cmsis_os.o
    0x08006c1a   0x00000018   Code   RO         5012    i.osDelay           cmsis_os.o
    0x08006c32   0x00000018   Code   RO         5015    i.osKernelStart     cmsis_os.o
    0x08006c4a   0x00000032   Code   RO         5042    i.osThreadCreate    cmsis_os.o
    0x08006c7c   0x0000006c   Code   RO         5509    i.parseCommsCmd     cmd_parser.o
    0x08006ce8   0x00000284   Code   RO         5510    i.parseGeneratorCmd  cmd_parser.o
    0x08006f6c   0x000005f4   Code   RO         5511    i.parseScopeCmd     cmd_parser.o
    0x08007560   0x0000006c   Code   RO         5512    i.parseSystemCmd    cmd_parser.o
    0x080075cc   0x00000080   Code   RO         5513    i.printErrResponse  cmd_parser.o
    0x0800764c   0x00000054   Code   RO         4585    i.prvAddCurrentTaskToDelayedList  tasks.o
    0x080076a0   0x0000003a   Code   RO         4586    i.prvAllocateTCBAndStack  tasks.o
    0x080076da   0x00000002   PAD
    0x080076dc   0x00000064   Code   RO         4587    i.prvCheckTasksWaitingTermination  tasks.o
    0x08007740   0x0000002a   Code   RO         4844    i.prvCopyDataFromQueue  queue.o
    0x0800776a   0x00000076   Code   RO         4845    i.prvCopyDataToQueue  queue.o
    0x080077e0   0x00000012   Code   RO         4588    i.prvDeleteTCB      tasks.o
    0x080077f2   0x00000002   PAD
    0x080077f4   0x00000038   Code   RO         5467    i.prvHeapInit       heap_2.o
    0x0800782c   0x00000018   Code   RO         4589    i.prvIdleTask       tasks.o
    0x08007844   0x00000056   Code   RO         4590    i.prvInitialiseTCBVariables  tasks.o
    0x0800789a   0x00000002   PAD
    0x0800789c   0x00000068   Code   RO         4591    i.prvInitialiseTaskLists  tasks.o
    0x08007904   0x0000001a   Code   RO         4846    i.prvIsQueueEmpty   queue.o
    0x0800791e   0x0000001e   Code   RO         4847    i.prvIsQueueFull    queue.o
    0x0800793c   0x00000024   Code   RO         5361    i.prvTaskExitError  port.o
    0x08007960   0x0000007e   Code   RO         4848    i.prvUnlockQueue    queue.o
    0x080079de   0x00000002   PAD
    0x080079e0   0x000000b8   Code   RO         5468    i.pvPortMalloc      heap_2.o
    0x08007a98   0x00000028   Code   RO         5362    i.pxPortInitialiseStack  port.o
    0x08007ac0   0x00000020   Code   RO         5688    i.samplesPassed     scope.o
    0x08007ae0   0x00000008   Code   RO          568    i.samplingDisable   adc.o
    0x08007ae8   0x00000008   Code   RO          569    i.samplingEnable    adc.o
    0x08007af0   0x00000010   Code   RO         5689    i.scopeGetRanges    scope.o
    0x08007b00   0x0000000c   Code   RO         5690    i.scopeGetRealSmplFreq  scope.o
    0x08007b0c   0x00000054   Code   RO         5691    i.scopeInit         scope.o
    0x08007b60   0x00000024   Code   RO         5692    i.scopeRestart      scope.o
    0x08007b84   0x000000bc   Code   RO         5693    i.scopeSetDataDepth  scope.o
    0x08007c40   0x0000009c   Code   RO         5694    i.scopeSetDefault   scope.o
    0x08007cdc   0x000000d8   Code   RO         5695    i.scopeSetNumOfChannels  scope.o
    0x08007db4   0x00000058   Code   RO         5696    i.scopeSetNumOfSamples  scope.o
    0x08007e0c   0x00000028   Code   RO         5697    i.scopeSetPretrigger  scope.o
    0x08007e34   0x00000064   Code   RO         5698    i.scopeSetSamplingFreq  scope.o
    0x08007e98   0x00000050   Code   RO         5699    i.scopeSetTrigChannel  scope.o
    0x08007ee8   0x00000028   Code   RO         5700    i.scopeSetTrigLevel  scope.o
    0x08007f10   0x00000044   Code   RO         5701    i.scopeSetTriggerEdge  scope.o
    0x08007f54   0x00000028   Code   RO         5702    i.scopeSetTriggerMode  scope.o
    0x08007f7c   0x00000020   Code   RO         5703    i.scopeStart        scope.o
    0x08007f9c   0x00000020   Code   RO         5704    i.scopeStop         scope.o
    0x08007fbc   0x00000040   Code   RO         5581    i.sendCommsConf     comms.o
    0x08007ffc   0x00000070   Code   RO         5582    i.sendGenConf       comms.o
    0x0800806c   0x000000b0   Code   RO         5583    i.sendScopeConf     comms.o
    0x0800811c   0x00000038   Code   RO         5584    i.sendSystConf      comms.o
    0x08008154   0x000000bc   Code   RO         5585    i.sendSystemVersion  comms.o
    0x08008210   0x0000006e   Code   RO         6051    i.sqrt              m_wm.l(sqrt.o)
    0x0800827e   0x00000002   PAD
    0x08008280   0x00000054   Code   RO         5705    i.updateTrigger     scope.o
    0x080082d4   0x00000028   Code   RO         5431    i.uxListRemove      list.o
    0x080082fc   0x00000002   Code   RO          694    i.vApplicationStackOverflowHook  freertos.o
    0x080082fe   0x0000001a   Code   RO         5432    i.vListInitialise   list.o
    0x08008318   0x00000006   Code   RO         5433    i.vListInitialiseItem  list.o
    0x0800831e   0x00000034   Code   RO         5434    i.vListInsert       list.o
    0x08008352   0x00000018   Code   RO         5435    i.vListInsertEnd    list.o
    0x0800836a   0x00000002   PAD
    0x0800836c   0x00000020   Code   RO         5364    i.vPortEnterCritical  port.o
    0x0800838c   0x00000020   Code   RO         5365    i.vPortExitCritical  port.o
    0x080083ac   0x00000040   Code   RO         5469    i.vPortFree         heap_2.o
    0x080083ec   0x00000020   Code   RO         5366    i.vPortSetupTimerInterrupt  port.o
    0x0800840c   0x0000005c   Code   RO         5367    i.vPortValidateInterruptPriority  port.o
    0x08008468   0x00000018   Code   RO         5368    i.vPortYield        port.o
    0x08008480   0x00000038   Code   RO         4598    i.vTaskDelay        tasks.o
    0x080084b8   0x0000000c   Code   RO         4602    i.vTaskMissedYield  tasks.o
    0x080084c4   0x00000054   Code   RO         4603    i.vTaskPlaceOnEventList  tasks.o
    0x08008518   0x00000050   Code   RO         4604    i.vTaskPriorityDisinherit  tasks.o
    0x08008568   0x00000084   Code   RO         4605    i.vTaskPriorityInherit  tasks.o
    0x080085ec   0x00000024   Code   RO         4609    i.vTaskSetTimeOutState  tasks.o
    0x08008610   0x00000054   Code   RO         4610    i.vTaskStartScheduler  tasks.o
    0x08008664   0x00000010   Code   RO         4612    i.vTaskSuspendAll   tasks.o
    0x08008674   0x000000ac   Code   RO         4613    i.vTaskSwitchContext  tasks.o
    0x08008720   0x00000028   Code   RO         5706    i.validateBuffUsage  scope.o
    0x08008748   0x000000b4   Code   RO         5369    i.xPortStartScheduler  port.o
    0x080087fc   0x00000020   Code   RO         5370    i.xPortSysTickHandler  port.o
    0x0800881c   0x00000056   Code   RO         4859    i.xQueueCreateMutex  queue.o
    0x08008872   0x0000005c   Code   RO         4860    i.xQueueGenericCreate  queue.o
    0x080088ce   0x00000140   Code   RO         4861    i.xQueueGenericReceive  queue.o
    0x08008a0e   0x00000078   Code   RO         4862    i.xQueueGenericReset  queue.o
    0x08008a86   0x0000011a   Code   RO         4863    i.xQueueGenericSend  queue.o
    0x08008ba0   0x000000ac   Code   RO         4864    i.xQueueGenericSendFromISR  queue.o
    0x08008c4c   0x0000003a   Code   RO         4865    i.xQueueGiveMutexRecursive  queue.o
    0x08008c86   0x00000046   Code   RO         4870    i.xQueueTakeMutexRecursive  queue.o
    0x08008ccc   0x00000074   Code   RO         4614    i.xTaskCheckForTimeOut  tasks.o
    0x08008d40   0x00000138   Code   RO         4615    i.xTaskGenericCreate  tasks.o
    0x08008e78   0x0000000c   Code   RO         4616    i.xTaskGetCurrentTaskHandle  tasks.o
    0x08008e84   0x00000020   Code   RO         4617    i.xTaskGetSchedulerState  tasks.o
    0x08008ea4   0x00000160   Code   RO         4620    i.xTaskIncrementTick  tasks.o
    0x08009004   0x00000088   Code   RO         4622    i.xTaskRemoveFromEventList  tasks.o
    0x0800908c   0x000000e8   Code   RO         4623    i.xTaskResumeAll    tasks.o
    0x08009174   0x00000078   Data   RO          219    .constdata          main.o
    0x080091ec   0x00000010   Data   RO         2817    .constdata          stm32f3xx_hal_rcc.o
    0x080091fc   0x00000020   Data   RO         2909    .constdata          stm32f3xx_hal_rcc_ex.o
    0x0800921c   0x00000010   Data   RO         5708    .constdata          scope.o
    0x0800922c   0x00000004   PAD
    0x08009230   0x00000088   Data   RO         6000    .constdata          m_wm.l(pow.o)
    0x080092b8   0x00000008   Data   RO         6048    .constdata          m_wm.l(qnan.o)
    0x080092c0   0x00000053   Data   RO          220    .conststring        main.o
    0x08009313   0x00000001   PAD
    0x08009314   0x00000020   Data   RO         6111    Region$$Table       anon$$obj.o


    Execution Region RW_IRAM1 (Base: 0x20000000, Size: 0x0000f8a8, Max: 0x00010000, ABSOLUTE)

    Base Addr    Size         Type   Attr      Idx    E Section Name        Object

    0x20000000   0x00000004   Data   RW          489    .data               dac.o
    0x20000004   0x00000010   Data   RW          571    .data               adc.o
    0x20000014   0x00000014   Data   RW         1016    .data               system_stm32f3xx.o
    0x20000028   0x00000004   Data   RW         1062    .data               stm32f3xx_hal.o
    0x2000002c   0x00000038   Data   RW         4626    .data               tasks.o
    0x20000064   0x0000000c   Data   RW         5371    .data               port.o
    0x20000070   0x00000018   Data   RW         5473    .data               heap_2.o
    0x20000088   0x00000004   Data   RW         5514    .data               cmd_parser.o
    0x2000008c   0x00000008   Data   RW         5587    .data               comms.o
    0x20000094   0x0000003c   Data   RW         5709    .data               scope.o
    0x200000d0   0x00000006   Data   RW         5897    .data               generator.o
    0x200000d6   0x00000002   PAD
    0x200000d8   0x00000004   Data   RW         6080    .data               mc_w.l(errno.o)
    0x200000dc   0x000000b4   Zero   RW          376    .bss                tim.o
    0x20000190   0x00000084   Zero   RW          488    .bss                dac.o
    0x20000214   0x00000210   Zero   RW          570    .bss                adc.o
    0x20000424   0x0000006c   Zero   RW          713    .bss                usart.o
    0x20000490   0x000000f0   Zero   RW         4625    .bss                tasks.o
    0x20000580   0x00002000   Zero   RW         5472    .bss                heap_2.o
    0x20002580   0x0000020c   Zero   RW         5586    .bss                comms.o
    0x2000278c   0x0000c520   Zero   RW         5707    .bss                scope.o
    0x2000ecac   0x000007fc   Zero   RW         5896    .bss                generator.o
    0x2000f4a8   0x00000400   Zero   RW          837    STACK               startup_stm32f303xe.o


==============================================================================

Image component sizes


      Code (inc. data)   RO Data    RW Data    ZI Data      Debug   Object Name

      2320        260          0         16        528       8803   adc.o
       126          0          0          0          0        653   clock.o
      2984        476          0          4          0       9322   cmd_parser.o
       112          0          0          0          0       7015   cmsis_os.o
      1798        312          0          8        524       8785   comms.o
       108          0          0          0          0       3143   comms_hal.o
       468         58          0          4        132       5247   dac.o
        28          4          0          0          0        422   dma.o
         2          0          0          0          0        556   freertos.o
       956        184          0          6       2044       9938   generator.o
       116         12          0          0          0       1370   gpio.o
       304         40          0         24       8192       3971   heap_2.o
       148          0          0          0          0       3562   list.o
       218          4        203          0          0       1859   main.o
       674         92          0         12          0       7138   port.o
      1542          0          0          0          0      12399   queue.o
      2812        480         16         60      50464      18699   scope.o
        36          8        404          0       1024        924   startup_stm32f303xe.o
       112         20          0          4          0       3702   stm32f3xx_hal.o
         6          0          0          0          0       2114   stm32f3xx_hal_adc.o
      3450        130          0          0          0      10723   stm32f3xx_hal_adc_ex.o
       366         28          0          0          0      32024   stm32f3xx_hal_cortex.o
       230          0          0          0          0       5024   stm32f3xx_hal_dac.o
       414         26          0          0          0       6789   stm32f3xx_hal_dac_ex.o
      1440         16          0          0          0       4631   stm32f3xx_hal_dma.o
       668         40          0          0          0       2930   stm32f3xx_hal_gpio.o
        36          4          0          0          0     404614   stm32f3xx_hal_msp.o
      1220         44         16          0          0       3957   stm32f3xx_hal_rcc.o
      3084         66         32          0          0       4476   stm32f3xx_hal_rcc_ex.o
       774         38          0          0          0       6938   stm32f3xx_hal_tim.o
       120         14          0          0          0       1372   stm32f3xx_hal_tim_ex.o
      1368         38          0          0          0       4537   stm32f3xx_hal_uart.o
        46          6          0          0          0      18262   stm32f3xx_it.o
       124         20          0         20          0       1345   system_stm32f3xx.o
      2338        330          0         56        240      21186   tasks.o
       690         96          0          0        180       7360   tim.o
       198         22          0          0        108       2696   usart.o

    ----------------------------------------------------------------------
     31472       2868        708        216      63436     648486   Object Totals
         0          0         32          0          0          0   (incl. Generated)
        36          0          5          2          0          0   (incl. Padding)

    ----------------------------------------------------------------------

      Code (inc. data)   RO Data    RW Data    ZI Data      Debug   Library Member Name

       164         44          0          0          0        620   dunder.o
        24          0          0          0          0        124   fabs.o
        48          0          0          0          0        124   fpclassify.o
       248          0          0          0          0        152   poly.o
      3152        296        136          0          0        352   pow.o
         0          0          8          0          0          0   qnan.o
       110          0          0          0          0        148   sqrt.o
         0          0          0          0          0          0   entry.o
         0          0          0          0          0          0   entry10a.o
         0          0          0          0          0          0   entry11a.o
         8          4          0          0          0          0   entry2.o
         4          0          0          0          0          0   entry5.o
         0          0          0          0          0          0   entry7b.o
         0          0          0          0          0          0   entry8b.o
         8          4          0          0          0          0   entry9a.o
        12          6          0          4          0         68   errno.o
        30          0          0          0          0          0   handlers.o
        36          8          0          0          0         68   init.o
         0          0          0          0          0          0   iusefp.o
        30          0          0          0          0         68   llshl.o
        36          0          0          0          0         68   llsshr.o
        32          0          0          0          0         68   llushr.o
        36          0          0          0          0         68   memcpya.o
        36          0          0          0          0        108   memseta.o
        48          0          0          0          0         68   cdrcmple.o
       334          0          0          0          0        148   dadd.o
       222          0          0          0          0        100   ddiv.o
       186          0          0          0          0        176   depilogue.o
        50          0          0          0          0         76   dfixui.o
        34          0          0          0          0         76   dflti.o
        26          0          0          0          0         76   dfltui.o
       228          0          0          0          0         96   dmul.o
        46          0          0          0          0         80   dscalb.o
       162          0          0          0          0        100   dsqrt.o

    ----------------------------------------------------------------------
      5360        362        144          4          0       3032   Library Totals
        10          0          0          0          0          0   (incl. Padding)

    ----------------------------------------------------------------------

      Code (inc. data)   RO Data    RW Data    ZI Data      Debug   Library Name

      3746        340        144          0          0       1520   m_wm.l
       268         22          0          4          0        516   mc_w.l
      1336          0          0          0          0        996   mf_w.l

    ----------------------------------------------------------------------
      5360        362        144          4          0       3032   Library Totals

    ----------------------------------------------------------------------

==============================================================================


      Code (inc. data)   RO Data    RW Data    ZI Data      Debug   

     36832       3230        852        220      63436     625594   Grand Totals
     36832       3230        852        220      63436     625594   ELF Image Totals
     36832       3230        852        220          0          0   ROM Totals

==============================================================================

    Total RO  Size (Code + RO Data)                37684 (  36.80kB)
    Total RW  Size (RW Data + ZI Data)             63656 (  62.16kB)
    Total ROM Size (Code + RO Data + RW Data)      37904 (  37.02kB)

==============================================================================

