Component: ARM Compiler 5.06 (build 20) Tool: armlink [4d35a3]

==============================================================================

Section Cross References

    stm32f3xx_hal_msp.o(i.HAL_MspInit) refers to stm32f3xx_hal_cortex.o(i.HAL_NVIC_SetPriorityGrouping) for HAL_NVIC_SetPriorityGrouping
    stm32f3xx_hal_msp.o(i.HAL_MspInit) refers to stm32f3xx_hal_cortex.o(i.HAL_NVIC_SetPriority) for HAL_NVIC_SetPriority
    stm32f3xx_it.o(i.SysTick_Handler) refers to tasks.o(i.xTaskGetSchedulerState) for xTaskGetSchedulerState
    stm32f3xx_it.o(i.SysTick_Handler) refers to port.o(i.xPortSysTickHandler) for xPortSysTickHandler
    stm32f3xx_it.o(i.SysTick_Handler) refers to stm32f3xx_hal.o(i.HAL_IncTick) for HAL_IncTick
    stm32f3xx_it.o(i.USART2_IRQHandler) refers to comms_hal.o(i.commsRecieveUART) for commsRecieveUART
    stm32f3xx_it.o(i.USART2_IRQHandler) refers to stm32f3xx_hal_cortex.o(i.HAL_NVIC_ClearPendingIRQ) for HAL_NVIC_ClearPendingIRQ
    main.o(i.StartThread) refers to cmsis_os.o(i.osDelay) for osDelay
    main.o(i.StartThread) refers to gpio.o(i.LED_On) for LED_On
    main.o(i.StartThread) refers to gpio.o(i.LED_Off) for LED_Off
    main.o(i.main) refers to stm32f3xx_hal.o(i.HAL_Init) for HAL_Init
    main.o(i.main) refers to clock.o(i.SystemClock_Config) for SystemClock_Config
    main.o(i.main) refers to gpio.o(i.MX_GPIO_Init) for MX_GPIO_Init
    main.o(i.main) refers to gpio.o(i.LED_On) for LED_On
    main.o(i.main) refers to dma.o(i.MX_DMA_Init) for MX_DMA_Init
    main.o(i.main) refers to adc.o(i.MX_ADC1_Init) for MX_ADC1_Init
    main.o(i.main) refers to adc.o(i.MX_ADC2_Init) for MX_ADC2_Init
    main.o(i.main) refers to tim.o(i.MX_TIM3_Init) for MX_TIM3_Init
    main.o(i.main) refers to adc.o(i.CalibrateADC) for CalibrateADC
    main.o(i.main) refers to dac.o(i.MX_DAC1_Init) for MX_DAC1_Init
    main.o(i.main) refers to dac.o(i.MX_DAC2_Init) for MX_DAC2_Init
    main.o(i.main) refers to tim.o(i.MX_TIM6_Init) for MX_TIM6_Init
    main.o(i.main) refers to tim.o(i.MX_TIM7_Init) for MX_TIM7_Init
    main.o(i.main) refers to memcpya.o(.text) for __aeabi_memcpy4
    main.o(i.main) refers to cmsis_os.o(i.osThreadCreate) for osThreadCreate
    main.o(i.main) refers to gpio.o(i.LED_Off) for LED_Off
    main.o(i.main) refers to cmsis_os.o(i.osKernelStart) for osKernelStart
    main.o(i.main) refers to main.o(.constdata) for .constdata
    main.o(.constdata) refers to main.o(.conststring) for .conststring
    main.o(.constdata) refers to cmd_parser.o(i.CmdParserTask) for CmdParserTask
    main.o(.constdata) refers to main.o(i.StartThread) for StartThread
    main.o(.constdata) refers to comms.o(i.CommTask) for CommTask
    main.o(.constdata) refers to scope.o(i.ScopeTask) for ScopeTask
    main.o(.constdata) refers to scope.o(i.ScopeTriggerTask) for ScopeTriggerTask
    main.o(.constdata) refers to generator.o(i.GeneratorTask) for GeneratorTask
    tim.o(i.MX_TIM3_Init) refers to stm32f3xx_hal_tim.o(i.HAL_TIM_Base_Init) for HAL_TIM_Base_Init
    tim.o(i.MX_TIM3_Init) refers to stm32f3xx_hal_tim.o(i.HAL_TIM_ConfigClockSource) for HAL_TIM_ConfigClockSource
    tim.o(i.MX_TIM3_Init) refers to stm32f3xx_hal_tim_ex.o(i.HAL_TIMEx_MasterConfigSynchronization) for HAL_TIMEx_MasterConfigSynchronization
    tim.o(i.MX_TIM3_Init) refers to tim.o(.bss) for htim_scope
    tim.o(i.MX_TIM6_Init) refers to stm32f3xx_hal_tim.o(i.HAL_TIM_Base_Init) for HAL_TIM_Base_Init
    tim.o(i.MX_TIM6_Init) refers to stm32f3xx_hal_tim_ex.o(i.HAL_TIMEx_MasterConfigSynchronization) for HAL_TIMEx_MasterConfigSynchronization
    tim.o(i.MX_TIM6_Init) refers to tim.o(.bss) for htim6
    tim.o(i.MX_TIM7_Init) refers to stm32f3xx_hal_tim.o(i.HAL_TIM_Base_Init) for HAL_TIM_Base_Init
    tim.o(i.MX_TIM7_Init) refers to stm32f3xx_hal_tim_ex.o(i.HAL_TIMEx_MasterConfigSynchronization) for HAL_TIMEx_MasterConfigSynchronization
    tim.o(i.MX_TIM7_Init) refers to tim.o(.bss) for htim7
    tim.o(i.TIMGenDisable) refers to stm32f3xx_hal_tim.o(i.HAL_TIM_Base_Stop) for HAL_TIM_Base_Stop
    tim.o(i.TIMGenDisable) refers to tim.o(.bss) for htim6
    tim.o(i.TIMGenEnable) refers to stm32f3xx_hal_tim.o(i.HAL_TIM_Base_Start) for HAL_TIM_Base_Start
    tim.o(i.TIMGenEnable) refers to tim.o(.bss) for htim6
    tim.o(i.TIMScopeDisable) refers to stm32f3xx_hal_tim.o(i.HAL_TIM_Base_Stop) for HAL_TIM_Base_Stop
    tim.o(i.TIMScopeDisable) refers to tim.o(.bss) for htim_scope
    tim.o(i.TIMScopeEnable) refers to stm32f3xx_hal_tim.o(i.HAL_TIM_Base_Start) for HAL_TIM_Base_Start
    tim.o(i.TIMScopeEnable) refers to tim.o(.bss) for htim_scope
    tim.o(i.TIM_Reconfig) refers to stm32f3xx_hal_rcc.o(i.HAL_RCC_GetPCLK2Freq) for HAL_RCC_GetPCLK2Freq
    tim.o(i.TIM_Reconfig) refers to stm32f3xx_hal_tim.o(i.HAL_TIM_Base_Init) for HAL_TIM_Base_Init
    tim.o(i.TIM_Reconfig_gen) refers to tim.o(i.TIM_Reconfig) for TIM_Reconfig
    tim.o(i.TIM_Reconfig_gen) refers to tim.o(.bss) for htim6
[...]
    prvInitialiseTaskLists                   0x08006f81   Thumb Code    70  tasks.o(i.prvInitialiseTaskLists)
    i.prvIsQueueEmpty                        0x08006fe8   Section        0  queue.o(i.prvIsQueueEmpty)
    prvIsQueueEmpty                          0x08006fe9   Thumb Code    26  queue.o(i.prvIsQueueEmpty)
    i.prvIsQueueFull                         0x08007002   Section        0  queue.o(i.prvIsQueueFull)
    prvIsQueueFull                           0x08007003   Thumb Code    30  queue.o(i.prvIsQueueFull)
    i.prvTaskExitError                       0x08007020   Section        0  port.o(i.prvTaskExitError)
    prvTaskExitError                         0x08007021   Thumb Code    32  port.o(i.prvTaskExitError)
    i.prvUnlockQueue                         0x08007044   Section        0  queue.o(i.prvUnlockQueue)
    prvUnlockQueue                           0x08007045   Thumb Code   126  queue.o(i.prvUnlockQueue)
    i.pvPortMalloc                           0x080070c4   Section        0  heap_2.o(i.pvPortMalloc)
    i.pxPortInitialiseStack                  0x0800717c   Section        0  port.o(i.pxPortInitialiseStack)
    i.samplesPassed                          0x080071a4   Section        0  scope.o(i.samplesPassed)
    i.samplingDisable                        0x080071c4   Section        0  adc.o(i.samplingDisable)
    i.samplingEnable                         0x080071cc   Section        0  adc.o(i.samplingEnable)
    i.scopeGetRanges                         0x080071d4   Section        0  scope.o(i.scopeGetRanges)
    i.scopeGetRealSmplFreq                   0x080071e4   Section        0  scope.o(i.scopeGetRealSmplFreq)
    i.scopeInit                              0x080071f0   Section        0  scope.o(i.scopeInit)
    i.scopeRestart                           0x08007244   Section        0  scope.o(i.scopeRestart)
    i.scopeSetDataDepth                      0x08007268   Section        0  scope.o(i.scopeSetDataDepth)
    i.scopeSetDefault                        0x08007324   Section        0  scope.o(i.scopeSetDefault)
    i.scopeSetNumOfChannels                  0x080073c0   Section        0  scope.o(i.scopeSetNumOfChannels)
    i.scopeSetNumOfSamples                   0x08007498   Section        0  scope.o(i.scopeSetNumOfSamples)
    i.scopeSetPretrigger                     0x080074f0   Section        0  scope.o(i.scopeSetPretrigger)
    i.scopeSetSamplingFreq                   0x08007518   Section        0  scope.o(i.scopeSetSamplingFreq)
    i.scopeSetTrigChannel                    0x0800757c   Section        0  scope.o(i.scopeSetTrigChannel)
    i.scopeSetTrigLevel                      0x080075cc   Section        0  scope.o(i.scopeSetTrigLevel)
    i.scopeSetTriggerEdge                    0x080075f4   Section        0  scope.o(i.scopeSetTriggerEdge)
    i.scopeSetTriggerMode                    0x08007638   Section        0  scope.o(i.scopeSetTriggerMode)
    i.scopeStart                             0x08007660   Section        0  scope.o(i.scopeStart)
    i.scopeStop                              0x08007680   Section        0  scope.o(i.scopeStop)
    i.sendCommsConf                          0x080076a0   Section        0  comms.o(i.sendCommsConf)
    i.sendGenConf                            0x080076e0   Section        0  comms.o(i.sendGenConf)
    i.sendScopeConf                          0x08007750   Section        0  comms.o(i.sendScopeConf)
    i.sendSystConf                           0x080077f8   Section        0  comms.o(i.sendSystConf)
    i.sendSystemVersion                      0x08007830   Section        0  comms.o(i.sendSystemVersion)
    i.sqrt                                   0x080078ec   Section        0  sqrt.o(i.sqrt)
    i.updateTrigger                          0x0800795c   Section        0  scope.o(i.updateTrigger)
    i.uxListRemove                           0x080079b0   Section        0  list.o(i.uxListRemove)
    i.vApplicationStackOverflowHook          0x080079d8   Section        0  freertos.o(i.vApplicationStackOverflowHook)
    i.vListInitialise                        0x080079da   Section        0  list.o(i.vListInitialise)
    i.vListInitialiseItem                    0x080079f4   Section        0  list.o(i.vListInitialiseItem)
    i.vListInsert                            0x080079fa   Section        0  list.o(i.vListInsert)
    i.vListInsertEnd                         0x08007a2e   Section        0  list.o(i.vListInsertEnd)
    i.vPortEnterCritical                     0x08007a48   Section        0  port.o(i.vPortEnterCritical)
    i.vPortExitCritical                      0x08007a68   Section        0  port.o(i.vPortExitCritical)
    i.vPortFree                              0x08007a88   Section        0  heap_2.o(i.vPortFree)
    i.vPortSetupTimerInterrupt               0x08007ac8   Section        0  port.o(i.vPortSetupTimerInterrupt)
    i.vPortValidateInterruptPriority         0x08007ae8   Section        0  port.o(i.vPortValidateInterruptPriority)
    i.vPortYield                             0x08007b44   Section        0  port.o(i.vPortYield)
    i.vTaskDelay                             0x08007b5c   Section        0  tasks.o(i.vTaskDelay)
    i.vTaskMissedYield                       0x08007b94   Section        0  tasks.o(i.vTaskMissedYield)
    i.vTaskPlaceOnEventList                  0x08007ba0   Section        0  tasks.o(i.vTaskPlaceOnEventList)
    i.vTaskPriorityDisinherit                0x08007bf4   Section        0  tasks.o(i.vTaskPriorityDisinherit)
    i.vTaskPriorityInherit                   0x08007c44   Section        0  tasks.o(i.vTaskPriorityInherit)
    i.vTaskSetTimeOutState                   0x08007cc8   Section        0  tasks.o(i.vTaskSetTimeOutState)
    i.vTaskStartScheduler                    0x08007cec   Section        0  tasks.o(i.vTaskStartScheduler)
    i.vTaskSuspendAll                        0x08007d40   Section        0  tasks.o(i.vTaskSuspendAll)
    i.vTaskSwitchContext                     0x08007d50   Section        0  tasks.o(i.vTaskSwitchContext)
    i.validateBuffUsage                      0x08007dfc   Section        0  scope.o(i.validateBuffUsage)
    i.xPortStartScheduler                    0x08007e20   Section        0  port.o(i.xPortStartScheduler)
    i.xPortSysTickHandler                    0x08007ed4   Section        0  port.o(i.xPortSysTickHandler)
    i.xQueueCreateMutex                      0x08007ef4   Section        0  queue.o(i.xQueueCreateMutex)
    i.xQueueGenericCreate                    0x08007f4a   Section        0  queue.o(i.xQueueGenericCreate)
    i.xQueueGenericReceive                   0x08007fa6   Section        0  queue.o(i.xQueueGenericReceive)
    i.xQueueGenericReset                     0x080080e6   Section        0  queue.o(i.xQueueGenericReset)
    i.xQueueGenericSend                      0x0800815e   Section        0  queue.o(i.xQueueGenericSend)
    i.xQueueGenericSendFromISR               0x08008278   Section        0  queue.o(i.xQueueGenericSendFromISR)
    i.xQueueGiveMutexRecursive               0x08008324   Section        0  queue.o(i.xQueueGiveMutexRecursive)
    i.xQueueTakeMutexRecursive               0x0800835e   Section        0  queue.o(i.xQueueTakeMutexRecursive)
    i.xTaskCheckForTimeOut                   0x080083a4   Section        0  tasks.o(i.xTaskCheckForTimeOut)
    i.xTaskGenericCreate                     0x08008418   Section        0  tasks.o(i.xTaskGenericCreate)
    i.xTaskGetCurrentTaskHandle              0x08008550   Section        0  tasks.o(i.xTaskGetCurrentTaskHandle)
    i.xTaskGetSchedulerState                 0x0800855c   Section        0  tasks.o(i.xTaskGetSchedulerState)
    i.xTaskIncrementTick                     0x0800857c   Section        0  tasks.o(i.xTaskIncrementTick)
    i.xTaskRemoveFromEventList               0x080086dc   Section        0  tasks.o(i.xTaskRemoveFromEventList)
    i.xTaskResumeAll                         0x08008764   Section        0  tasks.o(i.xTaskResumeAll)
    .constdata                               0x0800884c   Section      120  main.o(.constdata)
    .constdata                               0x080088c4   Section        2  stm32f3xx_nucleo_32.o(.constdata)
    .constdata                               0x080088c6   Section       16  stm32f3xx_hal_rcc.o(.constdata)
    .constdata                               0x080088d6   Section       32  stm32f3xx_hal_rcc_ex.o(.constdata)
    .constdata                               0x080088f6   Section       16  scope.o(.constdata)
    .constdata                               0x08008908   Section      136  pow.o(.constdata)
    bp                                       0x08008908   Data          16  pow.o(.constdata)
    dp_h                                     0x08008918   Data          16  pow.o(.constdata)
    dp_l                                     0x08008928   Data          16  pow.o(.constdata)
    L                                        0x08008938   Data          48  pow.o(.constdata)
    P                                        0x08008968   Data          40  pow.o(.constdata)
    .constdata                               0x08008990   Section        8  qnan.o(.constdata)
    .conststring                             0x08008998   Section       83  main.o(.conststring)
    .data                                    0x20000000   Section        4  dac.o(.data)
    .data                                    0x20000004   Section       12  adc.o(.data)
    ADC12_CLK_ENABLED                        0x20000004   Data           4  adc.o(.data)
    .data                                    0x20000010   Section        4  stm32f3xx_nucleo_32.o(.data)
    .data                                    0x20000014   Section       20  system_stm32f3xx.o(.data)
    .data                                    0x20000028   Section        4  stm32f3xx_hal.o(.data)
    uwTick                                   0x20000028   Data           4  stm32f3xx_hal.o(.data)
    .data                                    0x2000002c   Section       56  tasks.o(.data)
    pxDelayedTaskList                        0x20000030   Data           4  tasks.o(.data)
    pxOverflowDelayedTaskList                0x20000034   Data           4  tasks.o(.data)
    uxTasksDeleted                           0x20000038   Data           4  tasks.o(.data)
    uxCurrentNumberOfTasks                   0x2000003c   Data           4  tasks.o(.data)
    xTickCount                               0x20000040   Data           4  tasks.o(.data)
    uxTopReadyPriority                       0x20000044   Data           4  tasks.o(.data)
    xSchedulerRunning                        0x20000048   Data           4  tasks.o(.data)
    uxSchedulerSuspended                     0x2000004c   Data           4  tasks.o(.data)
    uxPendedTicks                            0x20000050   Data           4  tasks.o(.data)
    xYieldPending                            0x20000054   Data           4  tasks.o(.data)
    xNumOfOverflows                          0x20000058   Data           4  tasks.o(.data)
    uxTaskNumber                             0x2000005c   Data           4  tasks.o(.data)
    xNextTaskUnblockTime                     0x20000060   Data           4  tasks.o(.data)
    .data                                    0x20000064   Section       12  port.o(.data)
    uxCriticalNesting                        0x20000064   Data           4  port.o(.data)
    ucMaxSysCallPriority                     0x20000068   Data           1  port.o(.data)
    ulMaxPRIGROUPValue                       0x2000006c   Data           4  port.o(.data)
    .data                                    0x20000070   Section       24  heap_2.o(.data)
    xStart                                   0x20000070   Data           8  heap_2.o(.data)
    xEnd                                     0x20000078   Data           8  heap_2.o(.data)
    xFreeBytesRemaining                      0x20000080   Data           4  heap_2.o(.data)
    xHeapHasBeenInitialised                  0x20000084   Data           4  heap_2.o(.data)
    .data                                    0x20000088   Section        4  cmd_parser.o(.data)
    .data                                    0x2000008c   Section        8  comms.o(.data)
    commsMutex                               0x20000090   Data           4  comms.o(.data)
    .data                                    0x20000094   Section       60  scope.o(.data)
    triggerIndex                             0x2000009c   Data           4  scope.o(.data)
    triggerLevel                             0x200000a0   Data           2  scope.o(.data)
    samplesToStop                            0x200000a4   Data           4  scope.o(.data)
    samplesToStart                           0x200000a8   Data           4  scope.o(.data)
    scopeMutex                               0x200000ac   Data           4  scope.o(.data)
    writingIndex                             0x200000b0   Data           4  scope.o(.data)
    lastWritingIndex                         0x200000b4   Data           4  scope.o(.data)
    .data                                    0x200000d0   Section        6  generator.o(.data)
    .data                                    0x200000d8   Section        4  errno.o(.data)
    _errno                                   0x200000d8   Data           4  errno.o(.data)
    .bss                                     0x200000dc   Section      180  tim.o(.bss)
    .bss                                     0x20000190   Section      152  dac.o(.bss)
    .bss                                     0x20000228   Section      264  adc.o(.bss)
    .bss                                     0x20000330   Section      108  usart.o(.bss)
    .bss                                     0x2000039c   Section      240  tasks.o(.bss)
    pxReadyTasksLists                        0x2000039c   Data         140  tasks.o(.bss)
    xDelayedTaskList1                        0x20000428   Data          20  tasks.o(.bss)
    xDelayedTaskList2                        0x2000043c   Data          20  tasks.o(.bss)
    xPendingReadyList                        0x20000450   Data          20  tasks.o(.bss)
    xTasksWaitingTermination                 0x20000464   Data          20  tasks.o(.bss)
    xSuspendedTaskList                       0x20000478   Data          20  tasks.o(.bss)
    .bss                                     0x2000048c   Section     7168  heap_2.o(.bss)
    ucHeap                                   0x2000048c   Data        7168  heap_2.o(.bss)
    .bss                                     0x2000208c   Section      268  comms.o(.bss)
    commBuffMem                              0x2000208c   Data         256  comms.o(.bss)
    comm                                     0x2000218c   Data          12  comms.o(.bss)
    .bss                                     0x20002198   Section     2156  scope.o(.bss)
    scope                                    0x200029cc   Data          56  scope.o(.bss)
    .bss                                     0x20002a04   Section      844  generator.o(.bss)
    generator                                0x20002a04   Data          44  generator.o(.bss)
    STACK                                    0x20002d50   Section      512  startup_stm32f303x8.o(STACK)

    Global Symbols

    Symbol Name                              Value     Ov Type        Size  Object(Section)

    BuildAttributes$$THM_ISAv4$E$P$D$K$B$S$7EM$VFPi3$EXTD16$VFPS$VFMA$PE$A:L22UL41UL21$X:L11$S22US41US21$IEEE1$IW$USESV6$~STKCKD$USESV7$~SHL$OTIME$ROPI$IEEEX$EBA8$MICROLIB$REQ8$PRES8$EABIv2 0x00000000   Number         0  anon$$obj.o ABSOLUTE
    __ARM_use_no_argv                        0x00000000   Number         0  main.o ABSOLUTE
    __cpp_initialize__aeabi_                  - Undefined Weak Reference
    __cxa_finalize                            - Undefined Weak Reference
    __decompress                              - Undefined Weak Reference
    _clock_init                               - Undefined Weak Reference
    _microlib_exit                            - Undefined Weak Reference
    __Vectors_Size                           0x00000188   Number         0  startup_stm32f303x8.o ABSOLUTE
    __Vectors                                0x08000000   Data           4  startup_stm32f303x8.o(RESET)
    __Vectors_End                            0x08000188   Data           0  startup_stm32f303x8.o(RESET)
    __main                                   0x08000189   Thumb Code     0  entry.o(.ARM.Collect$$$$00000000)
    _main_stk                                0x08000189   Thumb Code     0  entry2.o(.ARM.Collect$$$$00000001)
    _main_scatterload                        0x0800018d   Thumb Code     0  entry5.o(.ARM.Collect$$$$00000004)
    __main_after_scatterload                 0x08000191   Thumb Code     0  entry5.o(.ARM.Collect$$$$00000004)
    _main_clock                              0x08000191   Thumb Code     0  entry7b.o(.ARM.Collect$$$$00000008)
    _main_cpp_init                           0x08000191   Thumb Code     0  entry8b.o(.ARM.Collect$$$$0000000A)
    _main_init                               0x08000191   Thumb Code     0  entry9a.o(.ARM.Collect$$$$0000000B)
    __rt_final_cpp                           0x08000199   Thumb Code     0  entry10a.o(.ARM.Collect$$$$0000000D)
    __rt_final_exit                          0x08000199   Thumb Code     0  entry11a.o(.ARM.Collect$$$$0000000F)
    SVC_Handler                              0x0800019d   Thumb Code    24  port.o(.emb_text)
    __asm___6_port_c_39a90d8d__prvStartFirstTask 0x080001b9   Thumb Code    16  port.o(.emb_text)
    __asm___6_port_c_39a90d8d__prvEnableVFP  0x080001cd   Thumb Code    16  port.o(.emb_text)
    PendSV_Handler                           0x080001e1   Thumb Code    76  port.o(.emb_text)
    ulPortSetInterruptMask                   0x08000231   Thumb Code    14  port.o(.emb_text)
    vPortClearInterruptMask                  0x0800023f   Thumb Code     6  port.o(.emb_text)
    vPortGetIPSR                             0x08000245   Thumb Code     6  port.o(.emb_text)
    Reset_Handler                            0x0800024d   Thumb Code     8  startup_stm32f303x8.o(.text)
    NMI_Handler                              0x08000255   Thumb Code     2  startup_stm32f303x8.o(.text)
    HardFault_Handler                        0x08000257   Thumb Code     2  startup_stm32f303x8.o(.text)
    MemManage_Handler                        0x08000259   Thumb Code     2  startup_stm32f303x8.o(.text)
    BusFault_Handler                         0x0800025b   Thumb Code     2  startup_stm32f303x8.o(.text)
    UsageFault_Handler                       0x0800025d   Thumb Code     2  startup_stm32f303x8.o(.text)
    DebugMon_Handler                         0x08000261   Thumb Code     2  startup_stm32f303x8.o(.text)
    ADC1_2_IRQHandler                        0x08000267   Thumb Code     0  startup_stm32f303x8.o(.text)
    CAN_RX0_IRQHandler                       0x08000267   Thumb Code     0  startup_stm32f303x8.o(.text)
    CAN_RX1_IRQHandler                       0x08000267   Thumb Code     0  startup_stm32f303x8.o(.text)
    CAN_SCE_IRQHandler                       0x08000267   Thumb Code     0  startup_stm32f303x8.o(.text)
    CAN_TX_IRQHandler                        0x08000267   Thumb Code     0  startup_stm32f303x8.o(.text)
    COMP2_IRQHandler                         0x08000267   Thumb Code     0  startup_stm32f303x8.o(.text)
    COMP4_6_IRQHandler                       0x08000267   Thumb Code     0  startup_stm32f303x8.o(.text)
    DMA1_Channel1_IRQHandler                 0x08000267   Thumb Code     0  startup_stm32f303x8.o(.text)
    DMA1_Channel2_IRQHandler                 0x08000267   Thumb Code     0  startup_stm32f303x8.o(.text)
    DMA1_Channel3_IRQHandler                 0x08000267   Thumb Code     0  startup_stm32f303x8.o(.text)
    DMA1_Channel4_IRQHandler                 0x08000267   Thumb Code     0  startup_stm32f303x8.o(.text)
    DMA1_Channel5_IRQHandler                 0x08000267   Thumb Code     0  startup_stm32f303x8.o(.text)
    DMA1_Channel6_IRQHandler                 0x08000267   Thumb Code     0  startup_stm32f303x8.o(.text)
    DMA1_Channel7_IRQHandler                 0x08000267   Thumb Code     0  startup_stm32f303x8.o(.text)
    EXTI0_IRQHandler                         0x08000267   Thumb Code     0  startup_stm32f303x8.o(.text)
    EXTI15_10_IRQHandler                     0x08000267   Thumb Code     0  startup_stm32f303x8.o(.text)
    EXTI1_IRQHandler                         0x08000267   Thumb Code     0  startup_stm32f303x8.o(.text)
    EXTI2_TSC_IRQHandler                     0x08000267   Thumb Code     0  startup_stm32f303x8.o(.text)
    EXTI3_IRQHandler                         0x08000267   Thumb Code     0  startup_stm32f303x8.o(.text)
    EXTI4_IRQHandler                         0x08000267   Thumb Code     0  startup_stm32f303x8.o(.text)
    EXTI9_5_IRQHandler                       0x08000267   Thumb Code     0  startup_stm32f303x8.o(.text)
    FLASH_IRQHandler                         0x08000267   Thumb Code     0  startup_stm32f303x8.o(.text)
    FPU_IRQHandler                           0x08000267   Thumb Code     0  startup_stm32f303x8.o(.text)
    I2C1_ER_IRQHandler                       0x08000267   Thumb Code     0  startup_stm32f303x8.o(.text)
    I2C1_EV_IRQHandler                       0x08000267   Thumb Code     0  startup_stm32f303x8.o(.text)
    PVD_IRQHandler                           0x08000267   Thumb Code     0  startup_stm32f303x8.o(.text)
    RCC_IRQHandler                           0x08000267   Thumb Code     0  startup_stm32f303x8.o(.text)
    RTC_Alarm_IRQHandler                     0x08000267   Thumb Code     0  startup_stm32f303x8.o(.text)
    RTC_WKUP_IRQHandler                      0x08000267   Thumb Code     0  startup_stm32f303x8.o(.text)
    SPI1_IRQHandler                          0x08000267   Thumb Code     0  startup_stm32f303x8.o(.text)
    TAMP_STAMP_IRQHandler                    0x08000267   Thumb Code     0  startup_stm32f303x8.o(.text)
    TIM1_BRK_TIM15_IRQHandler                0x08000267   Thumb Code     0  startup_stm32f303x8.o(.text)
    TIM1_CC_IRQHandler                       0x08000267   Thumb Code     0  startup_stm32f303x8.o(.text)
    TIM1_TRG_COM_TIM17_IRQHandler            0x08000267   Thumb Code     0  startup_stm32f303x8.o(.text)
    TIM1_UP_TIM16_IRQHandler                 0x08000267   Thumb Code     0  startup_stm32f303x8.o(.text)
    TIM2_IRQHandler                          0x08000267   Thumb Code     0  startup_stm32f303x8.o(.text)
    TIM3_IRQHandler                          0x08000267   Thumb Code     0  startup_stm32f303x8.o(.text)
    TIM6_DAC1_IRQHandler                     0x08000267   Thumb Code     0  startup_stm32f303x8.o(.text)
    TIM7_DAC2_IRQHandler                     0x08000267   Thumb Code     0  startup_stm32f303x8.o(.text)
    USART1_IRQHandler                        0x08000267   Thumb Code     0  startup_stm32f303x8.o(.text)
    USART3_IRQHandler                        0x08000267   Thumb Code     0  startup_stm32f303x8.o(.text)
    WWDG_IRQHandler                          0x08000267   Thumb Code     0  startup_stm32f303x8.o(.text)
    __aeabi_memcpy                           0x08000271   Thumb Code    36  memcpya.o(.text)
    __aeabi_memcpy4                          0x08000271   Thumb Code     0  memcpya.o(.text)
    __aeabi_memcpy8                          0x08000271   Thumb Code     0  memcpya.o(.text)
    __aeabi_memset                           0x08000295   Thumb Code    14  memseta.o(.text)
    __aeabi_memset4                          0x08000295   Thumb Code     0  memseta.o(.text)
    __aeabi_memset8                          0x08000295   Thumb Code     0  memseta.o(.text)
    __aeabi_memclr                           0x080002a3   Thumb Code     4  memseta.o(.text)
    __aeabi_memclr4                          0x080002a3   Thumb Code     0  memseta.o(.text)
    __aeabi_memclr8                          0x080002a3   Thumb Code     0  memseta.o(.text)
    _memset$wrapper                          0x080002a7   Thumb Code    18  memseta.o(.text)
    __aeabi_ui2d                             0x080002b9   Thumb Code    26  dfltui.o(.text)
    __aeabi_d2uiz                            0x080002d3   Thumb Code    50  dfixui.o(.text)
    __aeabi_llsr                             0x08000305   Thumb Code    32  llushr.o(.text)
    _ll_ushift_r                             0x08000305   Thumb Code     0  llushr.o(.text)
    __I$use$fp                               0x08000325   Thumb Code     0  iusefp.o(.text)
    _double_round                            0x08000325   Thumb Code    30  depilogue.o(.text)
    _double_epilogue                         0x08000343   Thumb Code   156  depilogue.o(.text)
    __aeabi_dadd                             0x080003df   Thumb Code   322  dadd.o(.text)
    __aeabi_dsub                             0x08000521   Thumb Code     6  dadd.o(.text)
    __aeabi_drsub                            0x08000527   Thumb Code     6  dadd.o(.text)
    __aeabi_dmul                             0x0800052d   Thumb Code   228  dmul.o(.text)
    __aeabi_ddiv                             0x08000611   Thumb Code   222  ddiv.o(.text)
    __ARM_scalbn                             0x080006ef   Thumb Code    46  dscalb.o(.text)
    scalbn                                   0x080006ef   Thumb Code     0  dscalb.o(.text)
    __aeabi_i2d                              0x0800071d   Thumb Code    34  dflti.o(.text)
    __aeabi_cdrcmple                         0x08000741   Thumb Code    48  cdrcmple.o(.text)
    __scatterload                            0x08000771   Thumb Code    28  init.o(.text)
    __scatterload_rt2                        0x08000771   Thumb Code     0  init.o(.text)
    __aeabi_llsl                             0x08000795   Thumb Code    30  llshl.o(.text)
    _ll_shift_l                              0x08000795   Thumb Code     0  llshl.o(.text)
    __aeabi_lasr                             0x080007b3   Thumb Code    36  llsshr.o(.text)
    _ll_sshift_r                             0x080007b3   Thumb Code     0  llsshr.o(.text)
    _dsqrt                                   0x080007d7   Thumb Code   162  dsqrt.o(.text)
    ADC_DMA_Reconfig                         0x080009d9   Thumb Code   134  adc.o(i.ADC_DMA_Reconfig)
    ADC_DMA_Stop                             0x08000a69   Thumb Code    16  adc.o(i.ADC_DMA_Stop)
    ADC_set_sampling_time                    0x08000ba1   Thumb Code   162  adc.o(i.ADC_set_sampling_time)
    BSP_LED_Init                             0x08000c51   Thumb Code    74  stm32f3xx_nucleo_32.o(i.BSP_LED_Init)
    BSP_LED_Off                              0x08000ca9   Thumb Code    24  stm32f3xx_nucleo_32.o(i.BSP_LED_Off)
    BSP_LED_On                               0x08000cc9   Thumb Code    24  stm32f3xx_nucleo_32.o(i.BSP_LED_On)
    CalibrateADC                             0x08000ce9   Thumb Code    20  adc.o(i.CalibrateADC)
    CmdParserTask                            0x08000d05   Thumb Code   320  cmd_parser.o(i.CmdParserTask)
    CommTask                                 0x08000e9d   Thumb Code   736  comms.o(i.CommTask)
    DACDisableOutput                         0x080011c9   Thumb Code    28  dac.o(i.DACDisableOutput)
    DACEnableOutput                          0x080011e5   Thumb Code    30  dac.o(i.DACEnableOutput)
    DACSetOutputBuffer                       0x08001205   Thumb Code     8  dac.o(i.DACSetOutputBuffer)
    DACUnsetOutputBuffer                     0x08001211   Thumb Code     8  dac.o(i.DACUnsetOutputBuffer)
    DAC_DMA_Reconfig                         0x08001291   Thumb Code    78  dac.o(i.DAC_DMA_Reconfig)
    DMA_GetCurrDataCounter                   0x080012e9   Thumb Code   126  adc.o(i.DMA_GetCurrDataCounter)
    GeneratingDisable                        0x08001391   Thumb Code    28  dac.o(i.GeneratingDisable)
    GeneratingEnable                         0x080013b5   Thumb Code    20  dac.o(i.GeneratingEnable)
    GeneratorTask                            0x080013c9   Thumb Code   124  generator.o(i.GeneratorTask)
    GetNumOfChannels                         0x0800144d   Thumb Code     8  scope.o(i.GetNumOfChannels)
    HAL_ADCEx_Calibration_Start              0x08001459   Thumb Code   160  stm32f3xx_hal_adc_ex.o(i.HAL_ADCEx_Calibration_Start)
    HAL_ADC_ConfigChannel                    0x080014f9   Thumb Code  1128  stm32f3xx_hal_adc_ex.o(i.HAL_ADC_ConfigChannel)
    HAL_ADC_ConvCpltCallback                 0x0800196d   Thumb Code     2  stm32f3xx_hal_adc.o(i.HAL_ADC_ConvCpltCallback)
    HAL_ADC_ConvHalfCpltCallback             0x0800196f   Thumb Code     2  stm32f3xx_hal_adc.o(i.HAL_ADC_ConvHalfCpltCallback)
    HAL_ADC_DeInit                           0x08001971   Thumb Code   482  stm32f3xx_hal_adc_ex.o(i.HAL_ADC_DeInit)
    HAL_ADC_ErrorCallback                    0x08001b75   Thumb Code     2  stm32f3xx_hal_adc.o(i.HAL_ADC_ErrorCallback)
    HAL_ADC_Init                             0x08001b79   Thumb Code   452  stm32f3xx_hal_adc_ex.o(i.HAL_ADC_Init)
    HAL_ADC_MspDeInit                        0x08001d49   Thumb Code   112  adc.o(i.HAL_ADC_MspDeInit)
    HAL_ADC_MspInit                          0x08001dc5   Thumb Code   324  adc.o(i.HAL_ADC_MspInit)
    HAL_ADC_Start_DMA                        0x08001f25   Thumb Code   180  stm32f3xx_hal_adc_ex.o(i.HAL_ADC_Start_DMA)
    HAL_ADC_Stop_DMA                         0x08001fe9   Thumb Code   120  stm32f3xx_hal_adc_ex.o(i.HAL_ADC_Stop_DMA)
    HAL_DACEx_ConvCpltCallbackCh2            0x08002061   Thumb Code     2  stm32f3xx_hal_dac_ex.o(i.HAL_DACEx_ConvCpltCallbackCh2)
    HAL_DACEx_ConvHalfCpltCallbackCh2        0x08002063   Thumb Code     2  stm32f3xx_hal_dac_ex.o(i.HAL_DACEx_ConvHalfCpltCallbackCh2)
    HAL_DACEx_ErrorCallbackCh2               0x08002065   Thumb Code     2  stm32f3xx_hal_dac_ex.o(i.HAL_DACEx_ErrorCallbackCh2)
    HAL_DAC_ConfigChannel                    0x08002067   Thumb Code    90  stm32f3xx_hal_dac.o(i.HAL_DAC_ConfigChannel)
    HAL_DAC_ConvCpltCallbackCh1              0x080020c1   Thumb Code     2  stm32f3xx_hal_dac.o(i.HAL_DAC_ConvCpltCallbackCh1)
    HAL_DAC_ConvHalfCpltCallbackCh1          0x080020c3   Thumb Code     2  stm32f3xx_hal_dac.o(i.HAL_DAC_ConvHalfCpltCallbackCh1)
    HAL_DAC_ErrorCallbackCh1                 0x080020c5   Thumb Code     2  stm32f3xx_hal_dac.o(i.HAL_DAC_ErrorCallbackCh1)
    HAL_DAC_Init                             0x080020c7   Thumb Code    36  stm32f3xx_hal_dac.o(i.HAL_DAC_Init)
    HAL_DAC_MspInit                          0x080020ed   Thumb Code   228  dac.o(i.HAL_DAC_MspInit)
    HAL_DAC_Start_DMA                        0x080021ed   Thumb Code   266  stm32f3xx_hal_dac_ex.o(i.HAL_DAC_Start_DMA)
    HAL_DAC_Stop                             0x08002311   Thumb Code    24  stm32f3xx_hal_dac.o(i.HAL_DAC_Stop)
    HAL_DAC_Stop_DMA                         0x08002329   Thumb Code    74  stm32f3xx_hal_dac.o(i.HAL_DAC_Stop_DMA)
    HAL_DMA_Abort                            0x08002373   Thumb Code    98  stm32f3xx_hal_dma.o(i.HAL_DMA_Abort)
    HAL_DMA_DeInit                           0x080023d5   Thumb Code   382  stm32f3xx_hal_dma.o(i.HAL_DMA_DeInit)
    HAL_DMA_Init                             0x08002559   Thumb Code    72  stm32f3xx_hal_dma.o(i.HAL_DMA_Init)
    HAL_DMA_Start_IT                         0x080025a1   Thumb Code   118  stm32f3xx_hal_dma.o(i.HAL_DMA_Start_IT)
    HAL_GPIO_DeInit                          0x08002619   Thumb Code   200  stm32f3xx_hal_gpio.o(i.HAL_GPIO_DeInit)
    HAL_GPIO_Init                            0x080026e9   Thumb Code   428  stm32f3xx_hal_gpio.o(i.HAL_GPIO_Init)
    HAL_GPIO_WritePin                        0x080028b5   Thumb Code    10  stm32f3xx_hal_gpio.o(i.HAL_GPIO_WritePin)
    HAL_GetHalVersion                        0x080028c1   Thumb Code     4  stm32f3xx_hal.o(i.HAL_GetHalVersion)
    HAL_GetTick                              0x080028c9   Thumb Code     6  stm32f3xx_hal.o(i.HAL_GetTick)
    HAL_IncTick                              0x080028d5   Thumb Code    12  stm32f3xx_hal.o(i.HAL_IncTick)
    HAL_Init                                 0x080028e5   Thumb Code    34  stm32f3xx_hal.o(i.HAL_Init)
    HAL_InitTick                             0x0800290d   Thumb Code    36  stm32f3xx_hal.o(i.HAL_InitTick)
    HAL_MspInit                              0x08002931   Thumb Code    32  stm32f3xx_hal_msp.o(i.HAL_MspInit)
    HAL_NVIC_ClearPendingIRQ                 0x08002955   Thumb Code    22  stm32f3xx_hal_cortex.o(i.HAL_NVIC_ClearPendingIRQ)
    HAL_NVIC_EnableIRQ                       0x08002971   Thumb Code    26  stm32f3xx_hal_cortex.o(i.HAL_NVIC_EnableIRQ)
    HAL_NVIC_SetPriority                     0x0800298b   Thumb Code   124  stm32f3xx_hal_cortex.o(i.HAL_NVIC_SetPriority)
    HAL_NVIC_SetPriorityGrouping             0x08002a09   Thumb Code    32  stm32f3xx_hal_cortex.o(i.HAL_NVIC_SetPriorityGrouping)
    HAL_RCCEx_PeriphCLKConfig                0x08002a31   Thumb Code   416  stm32f3xx_hal_rcc_ex.o(i.HAL_RCCEx_PeriphCLKConfig)
    HAL_RCC_ClockConfig                      0x08002bdd   Thumb Code  1072  stm32f3xx_hal_rcc.o(i.HAL_RCC_ClockConfig)
    HAL_RCC_GetHCLKFreq                      0x08003011   Thumb Code    42  stm32f3xx_hal_rcc.o(i.HAL_RCC_GetHCLKFreq)
    HAL_RCC_GetPCLK1Freq                     0x08003049   Thumb Code    36  stm32f3xx_hal_rcc.o(i.HAL_RCC_GetPCLK1Freq)
    HAL_RCC_GetPCLK2Freq                     0x08003075   Thumb Code    36  stm32f3xx_hal_rcc.o(i.HAL_RCC_GetPCLK2Freq)
    HAL_RCC_GetSysClockFreq                  0x080030a1   Thumb Code   120  stm32f3xx_hal_rcc_ex.o(i.HAL_RCC_GetSysClockFreq)
    HAL_RCC_OscConfig                        0x0800312d   Thumb Code  2110  stm32f3xx_hal_rcc_ex.o(i.HAL_RCC_OscConfig)
    HAL_SYSTICK_CLKSourceConfig              0x08003971   Thumb Code    40  stm32f3xx_hal_cortex.o(i.HAL_SYSTICK_CLKSourceConfig)
    HAL_SYSTICK_Config                       0x08003999   Thumb Code    52  stm32f3xx_hal_cortex.o(i.HAL_SYSTICK_Config)
    HAL_TIMEx_MasterConfigSynchronization    0x080039cd   Thumb Code    90  stm32f3xx_hal_tim_ex.o(i.HAL_TIMEx_MasterConfigSynchronization)
    HAL_TIM_Base_Init                        0x08003a2d   Thumb Code    46  stm32f3xx_hal_tim.o(i.HAL_TIM_Base_Init)
    HAL_TIM_Base_MspInit                     0x08003a5d   Thumb Code    62  tim.o(i.HAL_TIM_Base_MspInit)
    HAL_TIM_Base_Start                       0x08003aad   Thumb Code    30  stm32f3xx_hal_tim.o(i.HAL_TIM_Base_Start)
    HAL_TIM_Base_Stop                        0x08003acb   Thumb Code    56  stm32f3xx_hal_tim.o(i.HAL_TIM_Base_Stop)
    HAL_TIM_ConfigClockSource                0x08003b05   Thumb Code   308  stm32f3xx_hal_tim.o(i.HAL_TIM_ConfigClockSource)
    HAL_UART_Init                            0x08003c3d   Thumb Code   114  stm32f3xx_hal_uart.o(i.HAL_UART_Init)
    HAL_UART_MspInit                         0x08003cb1   Thumb Code    88  usart.o(i.HAL_UART_MspInit)
    LED_Off                                  0x08003d11   Thumb Code    10  gpio.o(i.LED_Off)
    LED_On                                   0x08003d1b   Thumb Code    10  gpio.o(i.LED_On)
    MX_ADC1_Init                             0x08003d25   Thumb Code   104  adc.o(i.MX_ADC1_Init)
    MX_ADC2_Init                             0x08003d99   Thumb Code    98  adc.o(i.MX_ADC2_Init)
    MX_DAC1_Init                             0x08003e0d   Thumb Code    36  dac.o(i.MX_DAC1_Init)
    MX_DAC2_Init                             0x08003e3d   Thumb Code    36  dac.o(i.MX_DAC2_Init)
    MX_DMA_Init                              0x08003e6d   Thumb Code    14  dma.o(i.MX_DMA_Init)
    MX_GPIO_Init                             0x08003e81   Thumb Code    32  gpio.o(i.MX_GPIO_Init)
    MX_TIM3_Init                             0x08003ea5   Thumb Code    62  tim.o(i.MX_TIM3_Init)
    MX_TIM6_Init                             0x08003eed   Thumb Code    52  tim.o(i.MX_TIM6_Init)
    MX_TIM7_Init                             0x08003f29   Thumb Code    52  tim.o(i.MX_TIM7_Init)
    MX_USART2_UART_Init                      0x08003f65   Thumb Code    56  usart.o(i.MX_USART2_UART_Init)
    ScopeTask                                0x08003fdd   Thumb Code   302  scope.o(i.ScopeTask)
    ScopeTriggerTask                         0x08004129   Thumb Code   904  scope.o(i.ScopeTriggerTask)
    SysTick_Handler                          0x08004527   Thumb Code    18  stm32f3xx_it.o(i.SysTick_Handler)
    SystemClock_Config                       0x08004539   Thumb Code   118  clock.o(i.SystemClock_Config)
    SystemInit                               0x080045b1   Thumb Code   104  system_stm32f3xx.o(i.SystemInit)
    TIMGenDisable                            0x0800462d   Thumb Code    16  tim.o(i.TIMGenDisable)
    TIMGenEnable                             0x08004645   Thumb Code    16  tim.o(i.TIMGenEnable)
    TIMScopeDisable                          0x0800465d   Thumb Code    10  tim.o(i.TIMScopeDisable)
    TIMScopeEnable                           0x0800466d   Thumb Code    10  tim.o(i.TIMScopeEnable)
    TIM_Base_SetConfig                       0x0800467d   Thumb Code   118  stm32f3xx_hal_tim.o(i.TIM_Base_SetConfig)
    TIM_ETR_SetConfig                        0x08004709   Thumb Code    24  stm32f3xx_hal_tim.o(i.TIM_ETR_SetConfig)
    TIM_Reconfig                             0x08004735   Thumb Code   222  tim.o(i.TIM_Reconfig)
    TIM_Reconfig_gen                         0x08004815   Thumb Code    42  tim.o(i.TIM_Reconfig_gen)
    TIM_Reconfig_scope                       0x08004849   Thumb Code    18  tim.o(i.TIM_Reconfig_scope)
    UART_AdvFeatureConfig                    0x080048b7   Thumb Code   234  stm32f3xx_hal_uart.o(i.UART_AdvFeatureConfig)
    UART_CheckIdleState                      0x080049a1   Thumb Code    94  stm32f3xx_hal_uart.o(i.UART_CheckIdleState)
    UART_SetConfig                           0x08004a01   Thumb Code   530  stm32f3xx_hal_uart.o(i.UART_SetConfig)
    UART_WaitOnFlagUntilTimeout              0x08004c31   Thumb Code   246  stm32f3xx_hal_uart.o(i.UART_WaitOnFlagUntilTimeout)
    UARTsendBuff                             0x08004d27   Thumb Code    26  usart.o(i.UARTsendBuff)
    UARTsendChar                             0x08004d41   Thumb Code    22  usart.o(i.UARTsendChar)
    USART2_IRQHandler                        0x08004d5d   Thumb Code    22  stm32f3xx_it.o(i.USART2_IRQHandler)
    __ARM_fpclassify                         0x08004d79   Thumb Code    48  fpclassify.o(i.__ARM_fpclassify)
    __hardfp_pow                             0x08004da9   Thumb Code  3072  pow.o(i.__hardfp_pow)
    __kernel_poly                            0x080059f9   Thumb Code   248  poly.o(i.__kernel_poly)
    __mathlib_dbl_divzero                    0x08005af1   Thumb Code    28  dunder.o(i.__mathlib_dbl_divzero)
    __mathlib_dbl_infnan2                    0x08005b21   Thumb Code    20  dunder.o(i.__mathlib_dbl_infnan2)
    __mathlib_dbl_invalid                    0x08005b39   Thumb Code    24  dunder.o(i.__mathlib_dbl_invalid)
    __mathlib_dbl_overflow                   0x08005b59   Thumb Code    24  dunder.o(i.__mathlib_dbl_overflow)
    __mathlib_dbl_underflow                  0x08005b79   Thumb Code    24  dunder.o(i.__mathlib_dbl_underflow)
    __scatterload_copy                       0x08005b99   Thumb Code    14  handlers.o(i.__scatterload_copy)
    __scatterload_null                       0x08005ba7   Thumb Code     2  handlers.o(i.__scatterload_null)
    __scatterload_zeroinit                   0x08005ba9   Thumb Code    14  handlers.o(i.__scatterload_zeroinit)
    __set_errno                              0x08005bb9   Thumb Code     6  errno.o(i.__set_errno)
    adcSetResolution                         0x08005bc5   Thumb Code    82  adc.o(i.adcSetResolution)
    clearGenBuffer                           0x08005c2d   Thumb Code    22  generator.o(i.clearGenBuffer)
    commBufferReadByte                       0x08005c49   Thumb Code    92  comms.o(i.commBufferReadByte)
    commBufferReadNBytes                     0x08005ca9   Thumb Code    38  comms.o(i.commBufferReadNBytes)
    commBufferStoreByte                      0x08005cd1   Thumb Code    90  comms.o(i.commBufferStoreByte)
    commInputByte                            0x08005d31   Thumb Code    44  comms.o(i.commInputByte)
    commsInit                                0x08005d71   Thumb Code    28  comms.o(i.commsInit)
    commsRecieveUART                         0x08005d95   Thumb Code    12  comms_hal.o(i.commsRecieveUART)
    commsSend                                0x08005da1   Thumb Code    12  comms_hal.o(i.commsSend)
    commsSendBuff                            0x08005dad   Thumb Code    16  comms_hal.o(i.commsSendBuff)
    commsSendString                          0x08005dbd   Thumb Code    30  comms_hal.o(i.commsSendString)
    commsSendUint32                          0x08005ddb   Thumb Code    38  comms_hal.o(i.commsSendUint32)
    fabs                                     0x08005e01   Thumb Code    24  fabs.o(i.fabs)
    genDataOKSendNext                        0x08005e19   Thumb Code    18  generator.o(i.genDataOKSendNext)
    genGetRealSmplFreq                       0x08005e3d   Thumb Code    12  generator.o(i.genGetRealSmplFreq)
    genInit                                  0x08005e4d   Thumb Code    72  generator.o(i.genInit)
    genSendRealSamplingFreq                  0x08005e99   Thumb Code    18  generator.o(i.genSendRealSamplingFreq)
    genSetData                               0x08005ec1   Thumb Code   124  generator.o(i.genSetData)
    genSetFrequency                          0x08005f51   Thumb Code    56  generator.o(i.genSetFrequency)
    genSetLength                             0x08005f91   Thumb Code    68  generator.o(i.genSetLength)
    genSetNumOfChannels                      0x08005fe9   Thumb Code   124  generator.o(i.genSetNumOfChannels)
    genSetOutputBuffer                       0x0800607d   Thumb Code     8  generator.o(i.genSetOutputBuffer)
    genStart                                 0x08006085   Thumb Code    18  generator.o(i.genStart)
    genStatusOK                              0x080060a5   Thumb Code    18  generator.o(i.genStatusOK)
    genStop                                  0x080060c5   Thumb Code    18  generator.o(i.genStop)
    genUnsetOutputBuffer                     0x080060e5   Thumb Code     8  generator.o(i.genUnsetOutputBuffer)
    generatorSetDefault                      0x080060ed   Thumb Code    64  generator.o(i.generatorSetDefault)
    getADCRes                                0x08006135   Thumb Code     6  scope.o(i.getADCRes)
    getBytesAvailable                        0x08006141   Thumb Code    54  comms.o(i.getBytesAvailable)
    getDataPointer                           0x0800617d   Thumb Code    10  scope.o(i.getDataPointer)
    getMaxScopeSamplingFreq                  0x0800618d   Thumb Code    32  tim.o(i.getMaxScopeSamplingFreq)
    getOneChanMemSize                        0x080061b5   Thumb Code     6  scope.o(i.getOneChanMemSize)
    getPretrigger                            0x080061c1   Thumb Code     6  scope.o(i.getPretrigger)
    getSamples                               0x080061cd   Thumb Code     6  scope.o(i.getSamples)
    getScopeState                            0x080061d9   Thumb Code     8  scope.o(i.getScopeState)
    getTriggerIndex                          0x080061e5   Thumb Code     6  scope.o(i.getTriggerIndex)
    giveNextCmd                              0x080061f1   Thumb Code    56  cmd_parser.o(i.giveNextCmd)
    main                                     0x08006231   Thumb Code   188  main.o(i.main)
    osDelay                                  0x080062ff   Thumb Code    24  cmsis_os.o(i.osDelay)
    osKernelStart                            0x08006317   Thumb Code    24  cmsis_os.o(i.osKernelStart)
    osThreadCreate                           0x0800632f   Thumb Code    50  cmsis_os.o(i.osThreadCreate)
    parseCommsCmd                            0x08006361   Thumb Code    66  cmd_parser.o(i.parseCommsCmd)
    parseGeneratorCmd                        0x080063cd   Thumb Code   564  cmd_parser.o(i.parseGeneratorCmd)
    parseScopeCmd                            0x08006651   Thumb Code  1470  cmd_parser.o(i.parseScopeCmd)
    parseSystemCmd                           0x08006c45   Thumb Code    66  cmd_parser.o(i.parseSystemCmd)
    printErrResponse                         0x08006cb1   Thumb Code   112  cmd_parser.o(i.printErrResponse)
    pvPortMalloc                             0x080070c5   Thumb Code   166  heap_2.o(i.pvPortMalloc)
    pxPortInitialiseStack                    0x0800717d   Thumb Code    34  port.o(i.pxPortInitialiseStack)
    samplesPassed                            0x080071a5   Thumb Code    26  scope.o(i.samplesPassed)
    samplingDisable                          0x080071c5   Thumb Code     8  adc.o(i.samplingDisable)
    samplingEnable                           0x080071cd   Thumb Code     8  adc.o(i.samplingEnable)
    scopeGetRanges                           0x080071d5   Thumb Code    10  scope.o(i.scopeGetRanges)
    scopeGetRealSmplFreq                     0x080071e5   Thumb Code     6  scope.o(i.scopeGetRealSmplFreq)
    scopeInit                                0x080071f1   Thumb Code    76  scope.o(i.scopeInit)
    scopeRestart                             0x08007245   Thumb Code    18  scope.o(i.scopeRestart)
    scopeSetDataDepth                        0x08007269   Thumb Code   154  scope.o(i.scopeSetDataDepth)
    scopeSetDefault                          0x08007325   Thumb Code   132  scope.o(i.scopeSetDefault)
    scopeSetNumOfChannels                    0x080073c1   Thumb Code   188  scope.o(i.scopeSetNumOfChannels)
    scopeSetNumOfSamples                     0x08007499   Thumb Code    62  scope.o(i.scopeSetNumOfSamples)
    scopeSetPretrigger                       0x080074f1   Thumb Code    30  scope.o(i.scopeSetPretrigger)
    scopeSetSamplingFreq                     0x08007519   Thumb Code    72  scope.o(i.scopeSetSamplingFreq)
    scopeSetTrigChannel                      0x0800757d   Thumb Code    56  scope.o(i.scopeSetTrigChannel)
    scopeSetTrigLevel                        0x080075cd   Thumb Code    30  scope.o(i.scopeSetTrigLevel)
    scopeSetTriggerEdge                      0x080075f5   Thumb Code    44  scope.o(i.scopeSetTriggerEdge)
    scopeSetTriggerMode                      0x08007639   Thumb Code    30  scope.o(i.scopeSetTriggerMode)
    scopeStart                               0x08007661   Thumb Code    18  scope.o(i.scopeStart)
    scopeStop                                0x08007681   Thumb Code    18  scope.o(i.scopeStop)
    sendCommsConf                            0x080076a1   Thumb Code    38  comms.o(i.sendCommsConf)
    sendGenConf                              0x080076e1   Thumb Code    82  comms.o(i.sendGenConf)
    sendScopeConf                            0x08007751   Thumb Code   132  comms.o(i.sendScopeConf)
    sendSystConf                             0x080077f9   Thumb Code    36  comms.o(i.sendSystConf)
    sendSystemVersion                        0x08007831   Thumb Code   118  comms.o(i.sendSystemVersion)
    sqrt                                     0x080078ed   Thumb Code   110  sqrt.o(i.sqrt)
    updateTrigger                            0x0800795d   Thumb Code    66  scope.o(i.updateTrigger)
    uxListRemove                             0x080079b1   Thumb Code    40  list.o(i.uxListRemove)
    vApplicationStackOverflowHook            0x080079d9   Thumb Code     2  freertos.o(i.vApplicationStackOverflowHook)
    vListInitialise                          0x080079db   Thumb Code    26  list.o(i.vListInitialise)
    vListInitialiseItem                      0x080079f5   Thumb Code     6  list.o(i.vListInitialiseItem)
    vListInsert                              0x080079fb   Thumb Code    52  list.o(i.vListInsert)
    vListInsertEnd                           0x08007a2f   Thumb Code    24  list.o(i.vListInsertEnd)
    vPortEnterCritical                       0x08007a49   Thumb Code    26  port.o(i.vPortEnterCritical)
    vPortExitCritical                        0x08007a69   Thumb Code    26  port.o(i.vPortExitCritical)
    vPortFree                                0x08007a89   Thumb Code    56  heap_2.o(i.vPortFree)
    vPortSetupTimerInterrupt                 0x08007ac9   Thumb Code    26  port.o(i.vPortSetupTimerInterrupt)
    vPortValidateInterruptPriority           0x08007ae9   Thumb Code    78  port.o(i.vPortValidateInterruptPriority)
    vPortYield                               0x08007b45   Thumb Code    18  port.o(i.vPortYield)
    vTaskDelay                               0x08007b5d   Thumb Code    48  tasks.o(i.vTaskDelay)
    vTaskMissedYield                         0x08007b95   Thumb Code     8  tasks.o(i.vTaskMissedYield)
    vTaskPlaceOnEventList                    0x08007ba1   Thumb Code    70  tasks.o(i.vTaskPlaceOnEventList)
    vTaskPriorityDisinherit                  0x08007bf5   Thumb Code    70  tasks.o(i.vTaskPriorityDisinherit)
    vTaskPriorityInherit                     0x08007c45   Thumb Code   118  tasks.o(i.vTaskPriorityInherit)
    vTaskSetTimeOutState                     0x08007cc9   Thumb Code    28  tasks.o(i.vTaskSetTimeOutState)
    vTaskStartScheduler                      0x08007ced   Thumb Code    64  tasks.o(i.vTaskStartScheduler)
    vTaskSuspendAll                          0x08007d41   Thumb Code    12  tasks.o(i.vTaskSuspendAll)
    vTaskSwitchContext                       0x08007d51   Thumb Code   150  tasks.o(i.vTaskSwitchContext)
    validateBuffUsage                        0x08007dfd   Thumb Code    32  scope.o(i.validateBuffUsage)
    xPortStartScheduler                      0x08007e21   Thumb Code   156  port.o(i.xPortStartScheduler)
    xPortSysTickHandler                      0x08007ed5   Thumb Code    28  port.o(i.xPortSysTickHandler)
    xQueueCreateMutex                        0x08007ef5   Thumb Code    86  queue.o(i.xQueueCreateMutex)
    xQueueGenericCreate                      0x08007f4b   Thumb Code    92  queue.o(i.xQueueGenericCreate)
    xQueueGenericReceive                     0x08007fa7   Thumb Code   320  queue.o(i.xQueueGenericReceive)
    xQueueGenericReset                       0x080080e7   Thumb Code   120  queue.o(i.xQueueGenericReset)
    xQueueGenericSend                        0x0800815f   Thumb Code   282  queue.o(i.xQueueGenericSend)
    xQueueGenericSendFromISR                 0x08008279   Thumb Code   172  queue.o(i.xQueueGenericSendFromISR)
    xQueueGiveMutexRecursive                 0x08008325   Thumb Code    58  queue.o(i.xQueueGiveMutexRecursive)
    xQueueTakeMutexRecursive                 0x0800835f   Thumb Code    70  queue.o(i.xQueueTakeMutexRecursive)
    xTaskCheckForTimeOut                     0x080083a5   Thumb Code   108  tasks.o(i.xTaskCheckForTimeOut)
    xTaskGenericCreate                       0x08008419   Thumb Code   286  tasks.o(i.xTaskGenericCreate)
    xTaskGetCurrentTaskHandle                0x08008551   Thumb Code     6  tasks.o(i.xTaskGetCurrentTaskHandle)
    xTaskGetSchedulerState                   0x0800855d   Thumb Code    24  tasks.o(i.xTaskGetSchedulerState)
    xTaskIncrementTick                       0x0800857d   Thumb Code   306  tasks.o(i.xTaskIncrementTick)
    xTaskRemoveFromEventList                 0x080086dd   Thumb Code   112  tasks.o(i.xTaskRemoveFromEventList)
    xTaskResumeAll                           0x08008765   Thumb Code   198  tasks.o(i.xTaskResumeAll)
    LED_PIN                                  0x080088c4   Data           2  stm32f3xx_nucleo_32.o(.constdata)
    APBAHBPrescTable                         0x080088c6   Data          16  stm32f3xx_hal_rcc.o(.constdata)
    PLLMULFactorTable                        0x080088d6   Data          16  stm32f3xx_hal_rcc_ex.o(.constdata)
    PredivFactorTable                        0x080088e6   Data          16  stm32f3xx_hal_rcc_ex.o(.constdata)
    RANGES                                   0x080088f6   Data          16  scope.o(.constdata)
    __mathlib_zero                           0x08008990   Data           8  qnan.o(.constdata)
    Region$$Table$$Base                      0x080089ec   Number         0  anon$$obj.o(Region$$Table)
    Region$$Table$$Limit                     0x08008a0c   Number         0  anon$$obj.o(Region$$Table)
    outputBuffEn                             0x20000000   Data           4  dac.o(.data)
    ADCResolution                            0x20000008   Data           4  adc.o(.data)
    ADCSamplingTime                          0x2000000c   Data           4  adc.o(.data)
    LED_PORT                                 0x20000010   Data           4  stm32f3xx_nucleo_32.o(.data)
    SystemCoreClock                          0x20000014   Data           4  system_stm32f3xx.o(.data)
    AHBPrescTable                            0x20000018   Data          16  system_stm32f3xx.o(.data)
    pxCurrentTCB                             0x2000002c   Data           4  tasks.o(.data)
    cmdParserMessageQueue                    0x20000088   Data           4  cmd_parser.o(.data)
    messageQueue                             0x2000008c   Data           4  comms.o(.data)
    scopeMessageQueue                        0x20000094   Data           4  scope.o(.data)
    blindBuffer                              0x20000098   Data           2  scope.o(.data)
    actualIndex                              0x200000b8   Data           4  scope.o(.data)
    data                                     0x200000bc   Data           2  scope.o(.data)
    samplesTaken                             0x200000c0   Data           4  scope.o(.data)
    totalSmpTaken                            0x200000c4   Data           4  scope.o(.data)
    SmpBeforeTrig                            0x200000c8   Data           4  scope.o(.data)
    SmpAfterTrig                             0x200000cc   Data           4  scope.o(.data)
    generatorMessageQueue                    0x200000d0   Data           4  generator.o(.data)
    blindValue                               0x200000d4   Data           2  generator.o(.data)
    htim_scope                               0x200000dc   Data          60  tim.o(.bss)
    htim6                                    0x20000118   Data          60  tim.o(.bss)
    htim7                                    0x20000154   Data          60  tim.o(.bss)
    hdac1                                    0x20000190   Data          20  dac.o(.bss)
    hdac2                                    0x200001a4   Data          20  dac.o(.bss)
    hdma_dac1_ch2                            0x200001b8   Data          56  dac.o(.bss)
    hdma_dac2_ch1                            0x200001f0   Data          56  dac.o(.bss)
    hadc1                                    0x20000228   Data          76  adc.o(.bss)
    hadc2                                    0x20000274   Data          76  adc.o(.bss)
    hdma_adc1                                0x200002c0   Data          56  adc.o(.bss)
    hdma_adc2                                0x200002f8   Data          56  adc.o(.bss)
    huart2                                   0x20000330   Data         108  usart.o(.bss)
    scopeBuffer                              0x20002198   Data        2100  scope.o(.bss)
    generatorBuffer                          0x20002a30   Data         800  generator.o(.bss)
    __initial_sp                             0x20002f50   Data           0  startup_stm32f303x8.o(STACK)



==============================================================================

Memory Map of the image

  Image Entry point : 0x08000189

  Load Region LR_IROM1 (Base: 0x08000000, Size: 0x00008ae8, Max: 0x00010000, ABSOLUTE)

    Execution Region ER_IROM1 (Base: 0x08000000, Size: 0x00008a0c, Max: 0x00010000, ABSOLUTE)

    Base Addr    Size         Type   Attr      Idx    E Section Name        Object

    0x08000000   0x00000188   Data   RO          803    RESET               startup_stm32f303x8.o
    0x08000188   0x00000000   Code   RO         4640  * .ARM.Collect$$$$00000000  mc_w.l(entry.o)
    0x08000188   0x00000004   Code   RO         4690    .ARM.Collect$$$$00000001  mc_w.l(entry2.o)
    0x0800018c   0x00000004   Code   RO         4693    .ARM.Collect$$$$00000004  mc_w.l(entry5.o)
    0x08000190   0x00000000   Code   RO         4695    .ARM.Collect$$$$00000008  mc_w.l(entry7b.o)
    0x08000190   0x00000000   Code   RO         4697    .ARM.Collect$$$$0000000A  mc_w.l(entry8b.o)
    0x08000190   0x00000008   Code   RO         4698    .ARM.Collect$$$$0000000B  mc_w.l(entry9a.o)
    0x08000198   0x00000000   Code   RO         4700    .ARM.Collect$$$$0000000D  mc_w.l(entry10a.o)
    0x08000198   0x00000000   Code   RO         4702    .ARM.Collect$$$$0000000F  mc_w.l(entry11a.o)
    0x08000198   0x00000004   Code   RO         4691    .ARM.Collect$$$$00002712  mc_w.l(entry2.o)
    0x0800019c   0x000000ae   Code   RO         3989    .emb_text           port.o
    0x0800024a   0x00000002   PAD
    0x0800024c   0x00000024   Code   RO          804    .text               startup_stm32f303x8.o
    0x08000270   0x00000024   Code   RO         4643    .text               mc_w.l(memcpya.o)
    0x08000294   0x00000024   Code   RO         4645    .text               mc_w.l(memseta.o)
    0x080002b8   0x0000001a   Code   RO         4649    .text               mf_w.l(dfltui.o)
    0x080002d2   0x00000032   Code   RO         4651    .text               mf_w.l(dfixui.o)
    0x08000304   0x00000020   Code   RO         4704    .text               mc_w.l(llushr.o)
    0x08000324   0x00000000   Code   RO         4713    .text               mc_w.l(iusefp.o)
    0x08000324   0x000000ba   Code   RO         4714    .text               mf_w.l(depilogue.o)
    0x080003de   0x0000014e   Code   RO         4716    .text               mf_w.l(dadd.o)
    0x0800052c   0x000000e4   Code   RO         4718    .text               mf_w.l(dmul.o)
    0x08000610   0x000000de   Code   RO         4720    .text               mf_w.l(ddiv.o)
    0x080006ee   0x0000002e   Code   RO         4724    .text               mf_w.l(dscalb.o)
    0x0800071c   0x00000022   Code   RO         4726    .text               mf_w.l(dflti.o)
    0x0800073e   0x00000002   PAD
    0x08000740   0x00000030   Code   RO         4728    .text               mf_w.l(cdrcmple.o)
    0x08000770   0x00000024   Code   RO         4730    .text               mc_w.l(init.o)
    0x08000794   0x0000001e   Code   RO         4732    .text               mc_w.l(llshl.o)
    0x080007b2   0x00000024   Code   RO         4734    .text               mc_w.l(llsshr.o)
    0x080007d6   0x000000a2   Code   RO         4736    .text               mf_w.l(dsqrt.o)
    0x08000878   0x00000100   Code   RO         1163    i.ADC_ConversionStop  stm32f3xx_hal_adc_ex.o
    0x08000978   0x00000034   Code   RO         1164    i.ADC_DMAConvCplt   stm32f3xx_hal_adc_ex.o
    0x080009ac   0x0000001c   Code   RO         1165    i.ADC_DMAError      stm32f3xx_hal_adc_ex.o
    0x080009c8   0x0000000e   Code   RO         1166    i.ADC_DMAHalfConvCplt  stm32f3xx_hal_adc_ex.o
    0x080009d6   0x00000002   PAD
    0x080009d8   0x00000090   Code   RO          532    i.ADC_DMA_Reconfig  adc.o
    0x08000a68   0x00000018   Code   RO          533    i.ADC_DMA_Stop      adc.o
    0x08000a80   0x00000094   Code   RO         1167    i.ADC_Disable       stm32f3xx_hal_adc_ex.o
    0x08000b14   0x0000008c   Code   RO         1168    i.ADC_Enable        stm32f3xx_hal_adc_ex.o
    0x08000ba0   0x000000b0   Code   RO          534    i.ADC_set_sampling_time  adc.o
    0x08000c50   0x00000058   Code   RO          811    i.BSP_LED_Init      stm32f3xx_nucleo_32.o
    0x08000ca8   0x00000020   Code   RO          812    i.BSP_LED_Off       stm32f3xx_nucleo_32.o
    0x08000cc8   0x00000020   Code   RO          813    i.BSP_LED_On        stm32f3xx_nucleo_32.o
    0x08000ce8   0x0000001c   Code   RO          535    i.CalibrateADC      adc.o
    0x08000d04   0x00000198   Code   RO         4136    i.CmdParserTask     cmd_parser.o
    0x08000e9c   0x0000032c   Code   RO         4201    i.CommTask          comms.o
    0x080011c8   0x0000001c   Code   RO          448    i.DACDisableOutput  dac.o
    0x080011e4   0x0000001e   Code   RO          449    i.DACEnableOutput   dac.o
    0x08001202   0x00000002   PAD
    0x08001204   0x0000000c   Code   RO          450    i.DACSetOutputBuffer  dac.o
    0x08001210   0x0000000c   Code   RO          451    i.DACUnsetOutputBuffer  dac.o
    0x0800121c   0x00000012   Code   RO         1628    i.DAC_DMAConvCpltCh1  stm32f3xx_hal_dac_ex.o
    0x0800122e   0x00000012   Code   RO         1629    i.DAC_DMAConvCpltCh2  stm32f3xx_hal_dac_ex.o
    0x08001240   0x0000001a   Code   RO         1630    i.DAC_DMAErrorCh1   stm32f3xx_hal_dac_ex.o
    0x0800125a   0x0000001a   Code   RO         1631    i.DAC_DMAErrorCh2   stm32f3xx_hal_dac_ex.o
    0x08001274   0x0000000e   Code   RO         1632    i.DAC_DMAHalfConvCpltCh1  stm32f3xx_hal_dac_ex.o
    0x08001282   0x0000000e   Code   RO         1633    i.DAC_DMAHalfConvCpltCh2  stm32f3xx_hal_dac_ex.o
    0x08001290   0x00000058   Code   RO          452    i.DAC_DMA_Reconfig  dac.o
    0x080012e8   0x00000088   Code   RO          536    i.DMA_GetCurrDataCounter  adc.o
    0x08001370   0x00000020   Code   RO         1750    i.DMA_SetConfig     stm32f3xx_hal_dma.o
    0x08001390   0x00000024   Code   RO          453    i.GeneratingDisable  dac.o
    0x080013b4   0x00000014   Code   RO          454    i.GeneratingEnable  dac.o
    0x080013c8   0x00000084   Code   RO         4508    i.GeneratorTask     generator.o
    0x0800144c   0x0000000c   Code   RO         4306    i.GetNumOfChannels  scope.o
    0x08001458   0x000000a0   Code   RO         1171    i.HAL_ADCEx_Calibration_Start  stm32f3xx_hal_adc_ex.o
    0x080014f8   0x00000474   Code   RO         1186    i.HAL_ADC_ConfigChannel  stm32f3xx_hal_adc_ex.o
    0x0800196c   0x00000002   Code   RO         1019    i.HAL_ADC_ConvCpltCallback  stm32f3xx_hal_adc.o
    0x0800196e   0x00000002   Code   RO         1020    i.HAL_ADC_ConvHalfCpltCallback  stm32f3xx_hal_adc.o
    0x08001970   0x00000204   Code   RO         1187    i.HAL_ADC_DeInit    stm32f3xx_hal_adc_ex.o
    0x08001b74   0x00000002   Code   RO         1022    i.HAL_ADC_ErrorCallback  stm32f3xx_hal_adc.o
    0x08001b76   0x00000002   PAD
    0x08001b78   0x000001d0   Code   RO         1190    i.HAL_ADC_Init      stm32f3xx_hal_adc_ex.o
    0x08001d48   0x0000007c   Code   RO          537    i.HAL_ADC_MspDeInit  adc.o
    0x08001dc4   0x00000160   Code   RO          538    i.HAL_ADC_MspInit   adc.o
    0x08001f24   0x000000c4   Code   RO         1194    i.HAL_ADC_Start_DMA  stm32f3xx_hal_adc_ex.o
    0x08001fe8   0x00000078   Code   RO         1197    i.HAL_ADC_Stop_DMA  stm32f3xx_hal_adc_ex.o
    0x08002060   0x00000002   Code   RO         1634    i.HAL_DACEx_ConvCpltCallbackCh2  stm32f3xx_hal_dac_ex.o
    0x08002062   0x00000002   Code   RO         1635    i.HAL_DACEx_ConvHalfCpltCallbackCh2  stm32f3xx_hal_dac_ex.o
    0x08002064   0x00000002   Code   RO         1639    i.HAL_DACEx_ErrorCallbackCh2  stm32f3xx_hal_dac_ex.o
    0x08002066   0x0000005a   Code   RO         1508    i.HAL_DAC_ConfigChannel  stm32f3xx_hal_dac.o
    0x080020c0   0x00000002   Code   RO         1509    i.HAL_DAC_ConvCpltCallbackCh1  stm32f3xx_hal_dac.o
    0x080020c2   0x00000002   Code   RO         1510    i.HAL_DAC_ConvHalfCpltCallbackCh1  stm32f3xx_hal_dac.o
    0x080020c4   0x00000002   Code   RO         1513    i.HAL_DAC_ErrorCallbackCh1  stm32f3xx_hal_dac.o
    0x080020c6   0x00000024   Code   RO         1517    i.HAL_DAC_Init      stm32f3xx_hal_dac.o
    0x080020ea   0x00000002   PAD
    0x080020ec   0x00000100   Code   RO          456    i.HAL_DAC_MspInit   dac.o
    0x080021ec   0x00000124   Code   RO         1646    i.HAL_DAC_Start_DMA  stm32f3xx_hal_dac_ex.o
    0x08002310   0x00000018   Code   RO         1522    i.HAL_DAC_Stop      stm32f3xx_hal_dac.o
    0x08002328   0x0000004a   Code   RO         1523    i.HAL_DAC_Stop_DMA  stm32f3xx_hal_dac.o
    0x08002372   0x00000062   Code   RO         1751    i.HAL_DMA_Abort     stm32f3xx_hal_dma.o
    0x080023d4   0x00000184   Code   RO         1752    i.HAL_DMA_DeInit    stm32f3xx_hal_dma.o
    0x08002558   0x00000048   Code   RO         1756    i.HAL_DMA_Init      stm32f3xx_hal_dma.o
    0x080025a0   0x00000076   Code   RO         1759    i.HAL_DMA_Start_IT  stm32f3xx_hal_dma.o
    0x08002616   0x00000002   PAD
    0x08002618   0x000000d0   Code   RO         1823    i.HAL_GPIO_DeInit   stm32f3xx_hal_gpio.o
    0x080026e8   0x000001cc   Code   RO         1826    i.HAL_GPIO_Init     stm32f3xx_hal_gpio.o
    0x080028b4   0x0000000a   Code   RO         1830    i.HAL_GPIO_WritePin  stm32f3xx_hal_gpio.o
    0x080028be   0x00000002   PAD
    0x080028c0   0x00000008   Code   RO          896    i.HAL_GetHalVersion  stm32f3xx_hal.o
    0x080028c8   0x0000000c   Code   RO          898    i.HAL_GetTick       stm32f3xx_hal.o
    0x080028d4   0x00000010   Code   RO          899    i.HAL_IncTick       stm32f3xx_hal.o
    0x080028e4   0x00000028   Code   RO          900    i.HAL_Init          stm32f3xx_hal.o
    0x0800290c   0x00000024   Code   RO          901    i.HAL_InitTick      stm32f3xx_hal.o
    0x08002930   0x00000024   Code   RO            3    i.HAL_MspInit       stm32f3xx_hal_msp.o
    0x08002954   0x0000001c   Code   RO         1388    i.HAL_NVIC_ClearPendingIRQ  stm32f3xx_hal_cortex.o
    0x08002970   0x0000001a   Code   RO         1390    i.HAL_NVIC_EnableIRQ  stm32f3xx_hal_cortex.o
    0x0800298a   0x0000007c   Code   RO         1396    i.HAL_NVIC_SetPriority  stm32f3xx_hal_cortex.o
    0x08002a06   0x00000002   PAD
    0x08002a08   0x00000028   Code   RO         1397    i.HAL_NVIC_SetPriorityGrouping  stm32f3xx_hal_cortex.o
    0x08002a30   0x000001ac   Code   RO         1987    i.HAL_RCCEx_PeriphCLKConfig  stm32f3xx_hal_rcc_ex.o
    0x08002bdc   0x00000434   Code   RO         1886    i.HAL_RCC_ClockConfig  stm32f3xx_hal_rcc.o
    0x08003010   0x00000038   Code   RO         1891    i.HAL_RCC_GetHCLKFreq  stm32f3xx_hal_rcc.o
    0x08003048   0x0000002c   Code   RO         1893    i.HAL_RCC_GetPCLK1Freq  stm32f3xx_hal_rcc.o
    0x08003074   0x0000002c   Code   RO         1894    i.HAL_RCC_GetPCLK2Freq  stm32f3xx_hal_rcc.o
    0x080030a0   0x0000008c   Code   RO         1989    i.HAL_RCC_GetSysClockFreq  stm32f3xx_hal_rcc_ex.o
    0x0800312c   0x00000844   Code   RO         1990    i.HAL_RCC_OscConfig  stm32f3xx_hal_rcc_ex.o
    0x08003970   0x00000028   Code   RO         1399    i.HAL_SYSTICK_CLKSourceConfig  stm32f3xx_hal_cortex.o
    0x08003998   0x00000034   Code   RO         1401    i.HAL_SYSTICK_Config  stm32f3xx_hal_cortex.o
    0x080039cc   0x00000060   Code   RO         2696    i.HAL_TIMEx_MasterConfigSynchronization  stm32f3xx_hal_tim_ex.o
    0x08003a2c   0x0000002e   Code   RO         2049    i.HAL_TIM_Base_Init  stm32f3xx_hal_tim.o
    0x08003a5a   0x00000002   PAD
    0x08003a5c   0x00000050   Code   RO          334    i.HAL_TIM_Base_MspInit  tim.o
    0x08003aac   0x0000001e   Code   RO         2052    i.HAL_TIM_Base_Start  stm32f3xx_hal_tim.o
    0x08003aca   0x00000038   Code   RO         2055    i.HAL_TIM_Base_Stop  stm32f3xx_hal_tim.o
    0x08003b02   0x00000002   PAD
    0x08003b04   0x00000138   Code   RO         2058    i.HAL_TIM_ConfigClockSource  stm32f3xx_hal_tim.o
    0x08003c3c   0x00000072   Code   RO         2963    i.HAL_UART_Init     stm32f3xx_hal_uart.o
    0x08003cae   0x00000002   PAD
    0x08003cb0   0x00000060   Code   RO          673    i.HAL_UART_MspInit  usart.o
    0x08003d10   0x0000000a   Code   RO          622    i.LED_Off           gpio.o
    0x08003d1a   0x0000000a   Code   RO          623    i.LED_On            gpio.o
    0x08003d24   0x00000074   Code   RO          539    i.MX_ADC1_Init      adc.o
    0x08003d98   0x00000074   Code   RO          540    i.MX_ADC2_Init      adc.o
    0x08003e0c   0x00000030   Code   RO          457    i.MX_DAC1_Init      dac.o
    0x08003e3c   0x00000030   Code   RO          458    i.MX_DAC2_Init      dac.o
    0x08003e6c   0x00000014   Code   RO          428    i.MX_DMA_Init       dma.o
    0x08003e80   0x00000024   Code   RO          625    i.MX_GPIO_Init      gpio.o
    0x08003ea4   0x00000048   Code   RO          335    i.MX_TIM3_Init      tim.o
    0x08003eec   0x0000003c   Code   RO          336    i.MX_TIM6_Init      tim.o
    0x08003f28   0x0000003c   Code   RO          337    i.MX_TIM7_Init      tim.o
    0x08003f64   0x00000040   Code   RO          674    i.MX_USART2_UART_Init  usart.o
    0x08003fa4   0x00000010   Code   RO         1403    i.NVIC_GetPriorityGrouping  stm32f3xx_hal_cortex.o
    0x08003fb4   0x00000028   Code   RO         1404    i.NVIC_SetPriority  stm32f3xx_hal_cortex.o
    0x08003fdc   0x0000014c   Code   RO         4307    i.ScopeTask         scope.o
    0x08004128   0x000003e4   Code   RO         4308    i.ScopeTriggerTask  scope.o
    0x0800450c   0x0000001a   Code   RO          199    i.StartThread       main.o
    0x08004526   0x00000012   Code   RO          127    i.SysTick_Handler   stm32f3xx_it.o
    0x08004538   0x00000076   Code   RO          783    i.SystemClock_Config  clock.o
    0x080045ae   0x00000002   PAD
    0x080045b0   0x0000007c   Code   RO          859    i.SystemInit        system_stm32f3xx.o
    0x0800462c   0x00000018   Code   RO          338    i.TIMGenDisable     tim.o
    0x08004644   0x00000018   Code   RO          339    i.TIMGenEnable      tim.o
    0x0800465c   0x00000010   Code   RO          340    i.TIMScopeDisable   tim.o
    0x0800466c   0x00000010   Code   RO          341    i.TIMScopeEnable    tim.o
    0x0800467c   0x0000008c   Code   RO         2135    i.TIM_Base_SetConfig  stm32f3xx_hal_tim.o
    0x08004708   0x00000018   Code   RO         2139    i.TIM_ETR_SetConfig  stm32f3xx_hal_tim.o
    0x08004720   0x00000014   Code   RO         2140    i.TIM_ITRx_SetConfig  stm32f3xx_hal_tim.o
    0x08004734   0x000000de   Code   RO          342    i.TIM_Reconfig      tim.o
    0x08004812   0x00000002   PAD
    0x08004814   0x00000034   Code   RO          343    i.TIM_Reconfig_gen  tim.o
    0x08004848   0x00000018   Code   RO          344    i.TIM_Reconfig_scope  tim.o
    0x08004860   0x0000002a   Code   RO         2145    i.TIM_TI1_ConfigInputStage  stm32f3xx_hal_tim.o
    0x0800488a   0x0000002c   Code   RO         2147    i.TIM_TI2_ConfigInputStage  stm32f3xx_hal_tim.o
    0x080048b6   0x000000ea   Code   RO         2977    i.UART_AdvFeatureConfig  stm32f3xx_hal_uart.o
    0x080049a0   0x0000005e   Code   RO         2978    i.UART_CheckIdleState  stm32f3xx_hal_uart.o
    0x080049fe   0x00000002   PAD
    0x08004a00   0x00000230   Code   RO         2986    i.UART_SetConfig    stm32f3xx_hal_uart.o
    0x08004c30   0x000000f6   Code   RO         2988    i.UART_WaitOnFlagUntilTimeout  stm32f3xx_hal_uart.o
    0x08004d26   0x0000001a   Code   RO          675    i.UARTsendBuff      usart.o
    0x08004d40   0x0000001c   Code   RO          676    i.UARTsendChar      usart.o
    0x08004d5c   0x0000001c   Code   RO          128    i.USART2_IRQHandler  stm32f3xx_it.o
    0x08004d78   0x00000030   Code   RO         4673    i.__ARM_fpclassify  m_wm.l(fpclassify.o)
    0x08004da8   0x00000c50   Code   RO         4626    i.__hardfp_pow      m_wm.l(pow.o)
    0x080059f8   0x000000f8   Code   RO         4675    i.__kernel_poly     m_wm.l(poly.o)
    0x08005af0   0x00000030   Code   RO         4653    i.__mathlib_dbl_divzero  m_wm.l(dunder.o)
    0x08005b20   0x00000014   Code   RO         4655    i.__mathlib_dbl_infnan2  m_wm.l(dunder.o)
    0x08005b34   0x00000004   PAD
    0x08005b38   0x00000020   Code   RO         4656    i.__mathlib_dbl_invalid  m_wm.l(dunder.o)
    0x08005b58   0x00000020   Code   RO         4657    i.__mathlib_dbl_overflow  m_wm.l(dunder.o)
    0x08005b78   0x00000020   Code   RO         4659    i.__mathlib_dbl_underflow  m_wm.l(dunder.o)
    0x08005b98   0x0000000e   Code   RO         4742    i.__scatterload_copy  mc_w.l(handlers.o)
    0x08005ba6   0x00000002   Code   RO         4743    i.__scatterload_null  mc_w.l(handlers.o)
    0x08005ba8   0x0000000e   Code   RO         4744    i.__scatterload_zeroinit  mc_w.l(handlers.o)
    0x08005bb6   0x00000002   PAD
    0x08005bb8   0x0000000c   Code   RO         4708    i.__set_errno       mc_w.l(errno.o)
    0x08005bc4   0x00000068   Code   RO          541    i.adcSetResolution  adc.o
    0x08005c2c   0x0000001c   Code   RO         4509    i.clearGenBuffer    generator.o
    0x08005c48   0x00000060   Code   RO         4204    i.commBufferReadByte  comms.o
    0x08005ca8   0x00000026   Code   RO         4205    i.commBufferReadNBytes  comms.o
    0x08005cce   0x00000002   PAD
    0x08005cd0   0x00000060   Code   RO         4206    i.commBufferStoreByte  comms.o
    0x08005d30   0x00000040   Code   RO         4207    i.commInputByte     comms.o
    0x08005d70   0x00000024   Code   RO         4208    i.commsInit         comms.o
    0x08005d94   0x0000000c   Code   RO          722    i.commsRecieveUART  comms_hal.o
    0x08005da0   0x0000000c   Code   RO          723    i.commsSend         comms_hal.o
    0x08005dac   0x00000010   Code   RO          724    i.commsSendBuff     comms_hal.o
    0x08005dbc   0x0000001e   Code   RO          725    i.commsSendString   comms_hal.o
    0x08005dda   0x00000026   Code   RO          726    i.commsSendUint32   comms_hal.o
    0x08005e00   0x00000018   Code   RO         4669    i.fabs              m_wm.l(fabs.o)
    0x08005e18   0x00000024   Code   RO         4510    i.genDataOKSendNext  generator.o
    0x08005e3c   0x00000010   Code   RO         4511    i.genGetRealSmplFreq  generator.o
    0x08005e4c   0x0000004c   Code   RO         4512    i.genInit           generator.o
    0x08005e98   0x00000028   Code   RO         4513    i.genSendRealSamplingFreq  generator.o
    0x08005ec0   0x00000090   Code   RO         4514    i.genSetData        generator.o
    0x08005f50   0x00000040   Code   RO         4515    i.genSetFrequency   generator.o
    0x08005f90   0x00000058   Code   RO         4516    i.genSetLength      generator.o
    0x08005fe8   0x00000094   Code   RO         4517    i.genSetNumOfChannels  generator.o
    0x0800607c   0x00000008   Code   RO         4518    i.genSetOutputBuffer  generator.o
    0x08006084   0x00000020   Code   RO         4519    i.genStart          generator.o
    0x080060a4   0x00000020   Code   RO         4520    i.genStatusOK       generator.o
    0x080060c4   0x00000020   Code   RO         4521    i.genStop           generator.o
    0x080060e4   0x00000008   Code   RO         4522    i.genUnsetOutputBuffer  generator.o
    0x080060ec   0x00000048   Code   RO         4523    i.generatorSetDefault  generator.o
    0x08006134   0x0000000c   Code   RO         4309    i.getADCRes         scope.o
    0x08006140   0x0000003c   Code   RO         4209    i.getBytesAvailable  comms.o
    0x0800617c   0x00000010   Code   RO         4310    i.getDataPointer    scope.o
    0x0800618c   0x00000028   Code   RO          345    i.getMaxScopeSamplingFreq  tim.o
    0x080061b4   0x0000000c   Code   RO         4312    i.getOneChanMemSize  scope.o
    0x080061c0   0x0000000c   Code   RO         4313    i.getPretrigger     scope.o
    0x080061cc   0x0000000c   Code   RO         4314    i.getSamples        scope.o
    0x080061d8   0x0000000c   Code   RO         4315    i.getScopeState     scope.o
    0x080061e4   0x0000000c   Code   RO         4316    i.getTriggerIndex   scope.o
    0x080061f0   0x00000040   Code   RO         4137    i.giveNextCmd       cmd_parser.o
    0x08006230   0x000000c0   Code   RO          200    i.main              main.o
    0x080062f0   0x0000000e   Code   RO         3640    i.makeFreeRtosPriority  cmsis_os.o
    0x080062fe   0x00000018   Code   RO         3641    i.osDelay           cmsis_os.o
    0x08006316   0x00000018   Code   RO         3644    i.osKernelStart     cmsis_os.o
    0x0800632e   0x00000032   Code   RO         3671    i.osThreadCreate    cmsis_os.o
    0x08006360   0x0000006c   Code   RO         4138    i.parseCommsCmd     cmd_parser.o
    0x080063cc   0x00000284   Code   RO         4139    i.parseGeneratorCmd  cmd_parser.o
    0x08006650   0x000005f4   Code   RO         4140    i.parseScopeCmd     cmd_parser.o
    0x08006c44   0x0000006c   Code   RO         4141    i.parseSystemCmd    cmd_parser.o
    0x08006cb0   0x00000080   Code   RO         4142    i.printErrResponse  cmd_parser.o
    0x08006d30   0x00000054   Code   RO         3214    i.prvAddCurrentTaskToDelayedList  tasks.o
    0x08006d84   0x0000003a   Code   RO         3215    i.prvAllocateTCBAndStack  tasks.o
    0x08006dbe   0x00000002   PAD
    0x08006dc0   0x00000064   Code   RO         3216    i.prvCheckTasksWaitingTermination  tasks.o
    0x08006e24   0x0000002a   Code   RO         3473    i.prvCopyDataFromQueue  queue.o
    0x08006e4e   0x00000076   Code   RO         3474    i.prvCopyDataToQueue  queue.o
    0x08006ec4   0x00000012   Code   RO         3217    i.prvDeleteTCB      tasks.o
    0x08006ed6   0x00000002   PAD
    0x08006ed8   0x00000038   Code   RO         4096    i.prvHeapInit       heap_2.o
    0x08006f10   0x00000018   Code   RO         3218    i.prvIdleTask       tasks.o
    0x08006f28   0x00000056   Code   RO         3219    i.prvInitialiseTCBVariables  tasks.o
    0x08006f7e   0x00000002   PAD
    0x08006f80   0x00000068   Code   RO         3220    i.prvInitialiseTaskLists  tasks.o
    0x08006fe8   0x0000001a   Code   RO         3475    i.prvIsQueueEmpty   queue.o
    0x08007002   0x0000001e   Code   RO         3476    i.prvIsQueueFull    queue.o
    0x08007020   0x00000024   Code   RO         3990    i.prvTaskExitError  port.o
    0x08007044   0x0000007e   Code   RO         3477    i.prvUnlockQueue    queue.o
    0x080070c2   0x00000002   PAD
    0x080070c4   0x000000b8   Code   RO         4097    i.pvPortMalloc      heap_2.o
    0x0800717c   0x00000028   Code   RO         3991    i.pxPortInitialiseStack  port.o
    0x080071a4   0x00000020   Code   RO         4317    i.samplesPassed     scope.o
    0x080071c4   0x00000008   Code   RO          542    i.samplingDisable   adc.o
    0x080071cc   0x00000008   Code   RO          543    i.samplingEnable    adc.o
    0x080071d4   0x00000010   Code   RO         4318    i.scopeGetRanges    scope.o
    0x080071e4   0x0000000c   Code   RO         4319    i.scopeGetRealSmplFreq  scope.o
    0x080071f0   0x00000054   Code   RO         4320    i.scopeInit         scope.o
    0x08007244   0x00000024   Code   RO         4321    i.scopeRestart      scope.o
    0x08007268   0x000000bc   Code   RO         4322    i.scopeSetDataDepth  scope.o
    0x08007324   0x0000009c   Code   RO         4323    i.scopeSetDefault   scope.o
    0x080073c0   0x000000d8   Code   RO         4324    i.scopeSetNumOfChannels  scope.o
    0x08007498   0x00000058   Code   RO         4325    i.scopeSetNumOfSamples  scope.o
    0x080074f0   0x00000028   Code   RO         4326    i.scopeSetPretrigger  scope.o
    0x08007518   0x00000064   Code   RO         4327    i.scopeSetSamplingFreq  scope.o
    0x0800757c   0x00000050   Code   RO         4328    i.scopeSetTrigChannel  scope.o
    0x080075cc   0x00000028   Code   RO         4329    i.scopeSetTrigLevel  scope.o
    0x080075f4   0x00000044   Code   RO         4330    i.scopeSetTriggerEdge  scope.o
    0x08007638   0x00000028   Code   RO         4331    i.scopeSetTriggerMode  scope.o
    0x08007660   0x00000020   Code   RO         4332    i.scopeStart        scope.o
    0x08007680   0x00000020   Code   RO         4333    i.scopeStop         scope.o
    0x080076a0   0x00000040   Code   RO         4210    i.sendCommsConf     comms.o
    0x080076e0   0x00000070   Code   RO         4211    i.sendGenConf       comms.o
    0x08007750   0x000000a8   Code   RO         4212    i.sendScopeConf     comms.o
    0x080077f8   0x00000038   Code   RO         4213    i.sendSystConf      comms.o
    0x08007830   0x000000bc   Code   RO         4214    i.sendSystemVersion  comms.o
    0x080078ec   0x0000006e   Code   RO         4680    i.sqrt              m_wm.l(sqrt.o)
    0x0800795a   0x00000002   PAD
    0x0800795c   0x00000054   Code   RO         4334    i.updateTrigger     scope.o
    0x080079b0   0x00000028   Code   RO         4060    i.uxListRemove      list.o
    0x080079d8   0x00000002   Code   RO          658    i.vApplicationStackOverflowHook  freertos.o
    0x080079da   0x0000001a   Code   RO         4061    i.vListInitialise   list.o
    0x080079f4   0x00000006   Code   RO         4062    i.vListInitialiseItem  list.o
    0x080079fa   0x00000034   Code   RO         4063    i.vListInsert       list.o
    0x08007a2e   0x00000018   Code   RO         4064    i.vListInsertEnd    list.o
    0x08007a46   0x00000002   PAD
    0x08007a48   0x00000020   Code   RO         3993    i.vPortEnterCritical  port.o
    0x08007a68   0x00000020   Code   RO         3994    i.vPortExitCritical  port.o
    0x08007a88   0x00000040   Code   RO         4098    i.vPortFree         heap_2.o
    0x08007ac8   0x00000020   Code   RO         3995    i.vPortSetupTimerInterrupt  port.o
    0x08007ae8   0x0000005c   Code   RO         3996    i.vPortValidateInterruptPriority  port.o
    0x08007b44   0x00000018   Code   RO         3997    i.vPortYield        port.o
    0x08007b5c   0x00000038   Code   RO         3227    i.vTaskDelay        tasks.o
    0x08007b94   0x0000000c   Code   RO         3231    i.vTaskMissedYield  tasks.o
    0x08007ba0   0x00000054   Code   RO         3232    i.vTaskPlaceOnEventList  tasks.o
    0x08007bf4   0x00000050   Code   RO         3233    i.vTaskPriorityDisinherit  tasks.o
    0x08007c44   0x00000084   Code   RO         3234    i.vTaskPriorityInherit  tasks.o
    0x08007cc8   0x00000024   Code   RO         3238    i.vTaskSetTimeOutState  tasks.o
    0x08007cec   0x00000054   Code   RO         3239    i.vTaskStartScheduler  tasks.o
    0x08007d40   0x00000010   Code   RO         3241    i.vTaskSuspendAll   tasks.o
    0x08007d50   0x000000ac   Code   RO         3242    i.vTaskSwitchContext  tasks.o
    0x08007dfc   0x00000024   Code   RO         4335    i.validateBuffUsage  scope.o
    0x08007e20   0x000000b4   Code   RO         3998    i.xPortStartScheduler  port.o
    0x08007ed4   0x00000020   Code   RO         3999    i.xPortSysTickHandler  port.o
    0x08007ef4   0x00000056   Code   RO         3488    i.xQueueCreateMutex  queue.o
    0x08007f4a   0x0000005c   Code   RO         3489    i.xQueueGenericCreate  queue.o
    0x08007fa6   0x00000140   Code   RO         3490    i.xQueueGenericReceive  queue.o
    0x080080e6   0x00000078   Code   RO         3491    i.xQueueGenericReset  queue.o
    0x0800815e   0x0000011a   Code   RO         3492    i.xQueueGenericSend  queue.o
    0x08008278   0x000000ac   Code   RO         3493    i.xQueueGenericSendFromISR  queue.o
    0x08008324   0x0000003a   Code   RO         3494    i.xQueueGiveMutexRecursive  queue.o
    0x0800835e   0x00000046   Code   RO         3499    i.xQueueTakeMutexRecursive  queue.o
    0x080083a4   0x00000074   Code   RO         3243    i.xTaskCheckForTimeOut  tasks.o
    0x08008418   0x00000138   Code   RO         3244    i.xTaskGenericCreate  tasks.o
    0x08008550   0x0000000c   Code   RO         3245    i.xTaskGetCurrentTaskHandle  tasks.o
    0x0800855c   0x00000020   Code   RO         3246    i.xTaskGetSchedulerState  tasks.o
    0x0800857c   0x00000160   Code   RO         3249    i.xTaskIncrementTick  tasks.o
    0x080086dc   0x00000088   Code   RO         3251    i.xTaskRemoveFromEventList  tasks.o
    0x08008764   0x000000e8   Code   RO         3252    i.xTaskResumeAll    tasks.o
    0x0800884c   0x00000078   Data   RO          201    .constdata          main.o
    0x080088c4   0x00000002   Data   RO          815    .constdata          stm32f3xx_nucleo_32.o
    0x080088c6   0x00000010   Data   RO         1899    .constdata          stm32f3xx_hal_rcc.o
    0x080088d6   0x00000020   Data   RO         1991    .constdata          stm32f3xx_hal_rcc_ex.o
    0x080088f6   0x00000010   Data   RO         4337    .constdata          scope.o
    0x08008906   0x00000002   PAD
    0x08008908   0x00000088   Data   RO         4629    .constdata          m_wm.l(pow.o)
    0x08008990   0x00000008   Data   RO         4677    .constdata          m_wm.l(qnan.o)
    0x08008998   0x00000053   Data   RO          202    .conststring        main.o
    0x080089eb   0x00000001   PAD
    0x080089ec   0x00000020   Data   RO         4740    Region$$Table       anon$$obj.o


    Execution Region RW_IRAM1 (Base: 0x20000000, Size: 0x00002f50, Max: 0x00003000, ABSOLUTE)

    Base Addr    Size         Type   Attr      Idx    E Section Name        Object

    0x20000000   0x00000004   Data   RW          460    .data               dac.o
    0x20000004   0x0000000c   Data   RW          545    .data               adc.o
    0x20000010   0x00000004   Data   RW          816    .data               stm32f3xx_nucleo_32.o
    0x20000014   0x00000014   Data   RW          860    .data               system_stm32f3xx.o
    0x20000028   0x00000004   Data   RW          906    .data               stm32f3xx_hal.o
    0x2000002c   0x00000038   Data   RW         3255    .data               tasks.o
    0x20000064   0x0000000c   Data   RW         4000    .data               port.o
    0x20000070   0x00000018   Data   RW         4102    .data               heap_2.o
    0x20000088   0x00000004   Data   RW         4143    .data               cmd_parser.o
    0x2000008c   0x00000008   Data   RW         4216    .data               comms.o
    0x20000094   0x0000003c   Data   RW         4338    .data               scope.o
    0x200000d0   0x00000006   Data   RW         4526    .data               generator.o
    0x200000d6   0x00000002   PAD
    0x200000d8   0x00000004   Data   RW         4709    .data               mc_w.l(errno.o)
    0x200000dc   0x000000b4   Zero   RW          346    .bss                tim.o
    0x20000190   0x00000098   Zero   RW          459    .bss                dac.o
    0x20000228   0x00000108   Zero   RW          544    .bss                adc.o
    0x20000330   0x0000006c   Zero   RW          677    .bss                usart.o
    0x2000039c   0x000000f0   Zero   RW         3254    .bss                tasks.o
    0x2000048c   0x00001c00   Zero   RW         4101    .bss                heap_2.o
    0x2000208c   0x0000010c   Zero   RW         4215    .bss                comms.o
    0x20002198   0x0000086c   Zero   RW         4336    .bss                scope.o
    0x20002a04   0x0000034c   Zero   RW         4525    .bss                generator.o
    0x20002d50   0x00000200   Zero   RW          801    STACK               startup_stm32f303x8.o


==============================================================================

Image component sizes


      Code (inc. data)   RO Data    RW Data    ZI Data      Debug   Object Name

      1336        142          0         12        264       7596   adc.o
       118          0          0          0          0        653   clock.o
      2984        476          0          4          0       9330   cmd_parser.o
       112          0          0          0          0       7023   cmsis_os.o
      1790        302          0          8        268       8849   comms.o
       108          0          0          0          0       3155   comms_hal.o
       578         78          0          4        152       5802   dac.o
        20          6          0          0          0        422   dma.o
         2          0          0          0          0        556   freertos.o
       956        184          0          6        844       9978   generator.o
        56          4          0          0          0       1334   gpio.o
       304         40          0         24       7168       3979   heap_2.o
       148          0          0          0          0       3586   list.o
       218          4        203          0          0       2639   main.o
       674         92          0         12          0       7158   port.o
      1542          0          0          0          0      12439   queue.o
      2808        478         16         60       2156      18763   scope.o
        36          8        392          0        512        924   startup_stm32f303x8.o
       112         20          0          4          0       3718   stm32f3xx_hal.o
         6          0          0          0          0       2118   stm32f3xx_hal_adc.o
      3234         82          0          0          0      11445   stm32f3xx_hal_adc_ex.o
       366         28          0          0          0      30296   stm32f3xx_hal_cortex.o
       230          0          0          0          0       5040   stm32f3xx_hal_dac.o
       414         26          0          0          0       6797   stm32f3xx_hal_dac_ex.o
       708          6          0          0          0       4215   stm32f3xx_hal_dma.o
       678         40          0          0          0       3598   stm32f3xx_hal_gpio.o
        36          4          0          0          0     317334   stm32f3xx_hal_msp.o
      1220         44         16          0          0       3969   stm32f3xx_hal_rcc.o
      2684         68         32          0          0       4272   stm32f3xx_hal_rcc_ex.o
       714         26          0          0          0       6926   stm32f3xx_hal_tim.o
        96          6          0          0          0       1364   stm32f3xx_hal_tim_ex.o
      1248         30          0          0          0       4533   stm32f3xx_hal_uart.o
        46          6          0          0          0      18290   stm32f3xx_it.o
       152         30          2          4          0       2949   stm32f3xx_nucleo_32.o
       124         20          0         20          0       1345   system_stm32f3xx.o
      2338        330          0         56        240      21226   tasks.o
       690         96          0          0        180       7392   tim.o
       214         22          0          0        108       2724   usart.o

    ----------------------------------------------------------------------
     29140       2698        696        216      11892     563737   Object Totals
         0          0         32          0          0          0   (incl. Generated)
        40          0          3          2          0          0   (incl. Padding)

    ----------------------------------------------------------------------

      Code (inc. data)   RO Data    RW Data    ZI Data      Debug   Library Member Name

       164         44          0          0          0        620   dunder.o
        24          0          0          0          0        124   fabs.o
        48          0          0          0          0        124   fpclassify.o
       248          0          0          0          0        152   poly.o
      3152        296        136          0          0        352   pow.o
         0          0          8          0          0          0   qnan.o
       110          0          0          0          0        148   sqrt.o
         0          0          0          0          0          0   entry.o
         0          0          0          0          0          0   entry10a.o
         0          0          0          0          0          0   entry11a.o
         8          4          0          0          0          0   entry2.o
         4          0          0          0          0          0   entry5.o
         0          0          0          0          0          0   entry7b.o
         0          0          0          0          0          0   entry8b.o
         8          4          0          0          0          0   entry9a.o
        12          6          0          4          0         68   errno.o
        30          0          0          0          0          0   handlers.o
        36          8          0          0          0         68   init.o
         0          0          0          0          0          0   iusefp.o
        30          0          0          0          0         68   llshl.o
        36          0          0          0          0         68   llsshr.o
        32          0          0          0          0         68   llushr.o
        36          0          0          0          0         68   memcpya.o
        36          0          0          0          0        108   memseta.o
        48          0          0          0          0         68   cdrcmple.o
       334          0          0          0          0        148   dadd.o
       222          0          0          0          0        100   ddiv.o
       186          0          0          0          0        176   depilogue.o
        50          0          0          0          0         76   dfixui.o
        34          0          0          0          0         76   dflti.o
        26          0          0          0          0         76   dfltui.o
       228          0          0          0          0         96   dmul.o
        46          0          0          0          0         80   dscalb.o
       162          0          0          0          0        100   dsqrt.o

    ----------------------------------------------------------------------
      5360        362        144          4          0       3032   Library Totals
        10          0          0          0          0          0   (incl. Padding)

    ----------------------------------------------------------------------

      Code (inc. data)   RO Data    RW Data    ZI Data      Debug   Library Name

      3746        340        144          0          0       1520   m_wm.l
       268         22          0          4          0        516   mc_w.l
      1336          0          0          0          0        996   mf_w.l

    ----------------------------------------------------------------------
      5360        362        144          4          0       3032   Library Totals

    ----------------------------------------------------------------------

==============================================================================


      Code (inc. data)   RO Data    RW Data    ZI Data      Debug   

     34500       3060        840        220      11892     540245   Grand Totals
     34500       3060        840        220      11892     540245   ELF Image Totals
     34500       3060        840        220          0          0   ROM Totals

==============================================================================

    Total RO  Size (Code + RO Data)                35340 (  34.51kB)
    Total RW  Size (RW Data + ZI Data)             12112 (  11.83kB)
    Total ROM Size (Code + RO Data + RW Data)      35560 (  34.73kB)

==============================================================================

